07-28 14:20:09.194 15714 15740 W m.swt.ffmpegli: Accessing hidden field Lmiui/contentcatcher/sdk/Content;->TARGET:Ljava/lang/String; (greylist, linking, allowed)
07-28 14:20:09.194 15714 15740 W m.swt.ffmpegli: Accessing hidden field Lmiui/contentcatcher/sdk/Content;->JOB:Ljava/lang/String; (greylist, linking, allowed)
07-28 14:20:09.194 15714 15740 W m.swt.ffmpegli: Accessing hidden field Lmiui/contentcatcher/sdk/Content;->TOKEN_KEY:Ljava/lang/String; (greylist, linking, allowed)
07-28 14:20:09.195 15714 15740 W m.swt.ffmpegli: Accessing hidden method Lmiui/contentcatcher/sdk/ContentCatcherManager;->registerContentInjector(Lmiui/contentcatcher/sdk/Token;Lmiui/contentcatcher/sdk/injector/IContentDecorateCallback;)V (greylist, linking, allowed)
07-28 14:20:09.195 15714 15740 W m.swt.ffmpegli: Accessing hidden method Lmiui/contentcatcher/sdk/ContentCatcherManager;->unregisterContentInjector(Lmiui/contentcatcher/sdk/Token;)V (greylist, linking, allowed)
07-28 14:20:09.196 15714 15740 W m.swt.ffmpegli: Accessing hidden method Lmiui/contentcatcher/sdk/Content;-><init>(ILjava/lang/String;Lmiui/contentcatcher/sdk/Token;Ljava/util/Map;)V (greylist, linking, allowed)
07-28 14:20:09.196 15714 15740 W m.swt.ffmpegli: Accessing hidden method Lmiui/contentcatcher/sdk/ContentCatcherManager;->onContentCatched(Lmiui/contentcatcher/sdk/Content;)V (greylist, linking, allowed)
07-28 14:20:09.196 15714 15740 W m.swt.ffmpegli: Accessing hidden method Lmiui/contentcatcher/sdk/Content;-><init>(Landroid/content/Intent;Landroid/os/Bundle;)V (greylist, linking, allowed)
07-28 14:20:09.197 15714 15740 W m.swt.ffmpegli: Accessing hidden method Lmiui/contentcatcher/sdk/Token;->getActivityName()Ljava/lang/String; (greylist, linking, allowed)
07-28 14:20:09.198 15714 15740 W m.swt.ffmpegli: Accessing hidden method Landroid/app/AppGlobals;->getInitialApplication()Landroid/app/Application; (greylist, linking, allowed)
07-28 14:20:09.198 15714 15740 D ViewContentFactory: initViewContentFetcherClass
07-28 14:20:09.198 15714 15740 D ViewContentFactory: getInterceptorPackageInfo
07-28 14:20:09.198 15714 15740 D ViewContentFactory: getInitialApplication took 1ms
07-28 14:20:09.198 15714 15740 D ViewContentFactory: packageInfo.packageName: com.miui.catcherpatch
07-28 14:20:09.200   890   976 D BufferQueueLayer: Launcher new frame Arrived
07-28 14:20:09.201 15714 15714 I System.out: Environment.getRootDirectory()=:/system
07-28 14:20:09.201 15714 15714 I System.out: Environment.getDataDirectory()=:/data
07-28 14:20:09.201 15714 15714 I System.out: Environment.getDownloadCacheDirectory()=:/data/cache
07-28 14:20:09.206 15714 15714 I System.out: Environment.getExternalStorageDirectory()=:/storage/emulated/0
07-28 14:20:09.206 15714 15714 I System.out: Environment.getExternalStoragePublicDirectory()=:/storage/emulated/0/Pictures
07-28 14:20:09.206 15714 15740 W m.swt.ffmpegli: Accessing hidden method Lmiui/util/ObjectReference;->get()Ljava/lang/Object; (greylist, linking, allowed)
07-28 14:20:09.207 15714 15740 W m.swt.ffmpegli: Accessing hidden method Lmiui/contentcatcher/sdk/Token;->getPkgName()Ljava/lang/String; (greylist, linking, allowed)
07-28 14:20:09.207 15714 15740 W m.swt.ffmpegli: Accessing hidden method Lmiui/contentcatcher/sdk/Token;->getVersionCode()I (greylist, linking, allowed)
07-28 14:20:09.207 15714 15740 D ViewContentFactory: initViewContentFetcherClass took 9ms
07-28 14:20:09.207 15714 15740 I ContentCatcher: ViewContentFetcher : ViewContentFetcher
07-28 14:20:09.207 15714 15740 D ViewContentFactory: createInterceptor took 10ms
07-28 14:20:09.207 15714 15714 I System.out: Environment.getExternalStorageState()=:mounted
07-28 14:20:09.208 15714 15714 I System.out: Environment.isExternalStorageEmulated()=:true
07-28 14:20:09.210 15714 15714 I System.out: Environment.isExternalStorageRemovable()=:false
07-28 14:20:09.210 15714 15714 I System.out: context.getFilesDir()=:/data/user/0/com.swt.ffmpeglib/files
07-28 14:20:09.210 15714 15714 I System.out: context.getCacheDir()=:/data/user/0/com.swt.ffmpeglib/cache
07-28 14:20:09.211 15714 15714 I System.out: context.getExternalFilesDir()=:/storage/emulated/0/Android/data/com.swt.ffmpeglib/files/Movies
07-28 14:20:09.211   890   976 D BufferQueueLayer: Launcher new frame Arrived
07-28 14:20:09.212 15714 15714 I System.out: context.getExternalCacheDir()=:/storage/emulated/0/Android/data/com.swt.ffmpeglib/cache
07-28 14:20:09.212 15714 15714 I System.out: context.getPackageResourcePath()=:/data/app/com.swt.ffmpeglib-R6eRoDJEmiLG74iQF07bXg==/base.apk
07-28 14:20:09.212 15714 15714 I System.out: context.getDatabasePath("mufeng")=:/data/user/0/com.swt.ffmpeglib/databases/mufeng
07-28 14:20:09.212 15714 15714 D Swt     : onCreate: false
07-28 14:20:09.228   890  2901 D BufferQueueLayer: Launcher new frame Arrived
07-28 14:20:09.230  1771  2444 V UiModeManager: switch night mode to 1
07-28 14:20:09.232  2542  2542 D GestureStubView: resetRenderProperty: showGestureStub
07-28 14:20:09.232  2542  2542 D GestureStubView: showGestureStub
07-28 14:20:09.232  2542  2542 D GestureStubView: resetRenderProperty: showGestureStub
07-28 14:20:09.232  2542  2542 D GestureStubView: showGestureStub
07-28 14:20:09.244   890  2901 D BufferQueueLayer: Launcher new frame Arrived
07-28 14:20:09.244  2542  2542 D GestureStubView: gatherTransparentRegion: need render w:54  h:1440
07-28 14:20:09.252 15714 15737 I AdrenoGLES-0: QUALCOMM build                   : 991ce66, Ib776a26d7d
07-28 14:20:09.252 15714 15737 I AdrenoGLES-0: Build Date                       : 01/09/20
07-28 14:20:09.252 15714 15737 I AdrenoGLES-0: OpenGL ES Shader Compiler Version: EV031.29.00.01
07-28 14:20:09.252 15714 15737 I AdrenoGLES-0: Local Branch                     : mybranchea32d3f9-bcce-f1ba-82c9-1458d0b52ae8
07-28 14:20:09.252 15714 15737 I AdrenoGLES-0: Remote Branch                    : quic/gfx-adreno.lnx.1.0.r89-rel
07-28 14:20:09.252 15714 15737 I AdrenoGLES-0: Remote Branch                    : NONE
07-28 14:20:09.252 15714 15737 I AdrenoGLES-0: Reconstruct Branch               : NOTHING
07-28 14:20:09.252 15714 15737 I AdrenoGLES-0: Build Config                     : S P 8.0.12 AArch32
07-28 14:20:09.252 15714 15737 I AdrenoGLES-0: Driver Path                      : /vendor/lib/egl/libGLESv2_adreno.so
07-28 14:20:09.259 15714 15714 E VpsExtension: Failed to get binder for service "vendor.vpsservice"
07-28 14:20:09.259 15714 15737 I AdrenoGLES-0: PFP: 0x016dd087, ME: 0x00000000
07-28 14:20:09.261 15714 15714 E VpsExtension: Failed to get binder for service "vendor.vpsservice"
07-28 14:20:09.261   890  3236 D BufferQueueLayer: Launcher new frame Arrived
07-28 14:20:09.263  2542  2542 D GestureStubView: gatherTransparentRegion: need render w:54  h:1440
07-28 14:20:09.276   890  1629 D BufferQueueLayer: Launcher new frame Arrived
07-28 14:20:09.283 15714 15741 I FFNative: Retrieve stream information
07-28 14:20:09.293   890   977 D BufferQueueLayer: Launcher new frame Arrived
07-28 14:20:09.298 15714 15741 I FFNative: Find video stream
07-28 14:20:09.299 19749 19749 D Launcher_UnlockAnimationStateMachine: mResetIdleStateRunnable
07-28 14:20:09.299   887  9330 D AudioPolicyManagerCustom: getPackageName: com.swt.ffmpeglib  uid 10270
07-28 14:20:09.301   887  9330 I chatty  : uid=1041(audioserver) Binder:887_A identical 1 line
07-28 14:20:09.303   887  9330 D AudioPolicyManagerCustom: getPackageName: com.swt.ffmpeglib  uid 10270
07-28 14:20:09.312   890  3236 D BufferQueueLayer: Launcher new frame Arrived
07-28 14:20:09.313 15714 15741 I ELEVOC_NS_FRONT: cycle task init 0xc1925780
07-28 14:20:09.313 15714 15741 D AudioTrack: set(sessionId=0)
07-28 14:20:09.313 15714 15741 D AudioTrack: set(): streamType -1, sampleRate 44100, format 0x1, channelMask 0x3, frameCount 3536, flags #0, notificationFrames 0, sessionId 0, transferType 3, uid -1, pid -1
07-28 14:20:09.313   760  2476 D audio_hw_primary: adev_get_parameters:audio_game_sound_volume_gap_switch
07-28 14:20:09.313   760  2476 D soundtrigger: audio_extn_sound_trigger_get_parameters input string<audio_game_sound_volume_gap_switch=>
07-28 14:20:09.313   760  2476 D soundtrigger: extract_sm_handle input string <audio_game_sound_volume_gap_switch=> param string <audio_game_sound_volume_gap_switch=>
07-28 14:20:09.313   760  2476 D audio_hw_extn: audio_extn_fm_get_parameters: Enter
07-28 14:20:09.313   760  2476 D audio_hw_extn: audio_extn_get_parameters: returns 
07-28 14:20:09.313   760  2476 V msm8974_platform: platform_get_parameters: exit: returns - audio_game_sound_volume_gap_switch=off
07-28 14:20:09.313   760  2476 D audio_hw_primary: adev_get_parameters: exit: returns - audio_game_sound_volume_gap_switch=off
07-28 14:20:09.314   887  9330 I hash_map_utils: key: 'audio_game_sound_volume_gap_switch' value: ''
07-28 14:20:09.314   887  9330 D APM_AudioPolicyManager: getOutputForAttrInt() attributes={ Content type: AUDIO_CONTENT_TYPE_MUSIC Usage: AUDIO_USAGE_MEDIA Source: AUDIO_SOURCE_DEFAULT Flags: 0x800 Tags:  } stream=AUDIO_STREAM_MUSIC session 16601 selectedDeviceId 0
07-28 14:20:09.314   887  9330 D APM_AudioPolicyManager: getOutputForAttrInt() device {type:0x2,@:}, sampling rate 44100, format 0x1, channel mask 0x3, flags 0 stream AUDIO_STREAM_MUSIC
07-28 14:20:09.315   887  9330 D AudioPolicyManagerCustom: getPackageName: com.swt.ffmpeglib  uid 10270
07-28 14:20:09.315   760  2476 D audio_hw_primary: adev_get_parameters:vr_audio_mode_on
07-28 14:20:09.315   760  2476 I audio_hw_primary: getting vr mode to 0
07-28 14:20:09.316   760  2476 D audio_hw_primary: adev_get_parameters: exit: returns - vr_audio_mode_on=false
07-28 14:20:09.316   887  9330 I hash_map_utils: key: 'vr_audio_mode_on' value: ''
07-28 14:20:09.318   887  9330 I AudioPolicyManagerCustom: VR mode is 0, switch to primary output if request is for fast|raw
07-28 14:20:09.318   760  2476 D audio_hw_primary: adev_get_parameters:audio_karaoke_running
07-28 14:20:09.318   760  2476 D audio_hw_primary: get para : audio_karaoke_running = false
07-28 14:20:09.318   760  2476 D soundtrigger: audio_extn_sound_trigger_get_parameters input string<audio_karaoke_running=>
07-28 14:20:09.318   760  2476 D soundtrigger: extract_sm_handle input string <audio_karaoke_running=> param string <audio_karaoke_running=>
07-28 14:20:09.318   760  2476 D audio_hw_extn: audio_extn_fm_get_parameters: Enter
07-28 14:20:09.318   760  2476 D audio_hw_extn: audio_extn_get_parameters: returns audio_karaoke_running=false
07-28 14:20:09.318   760  2476 V msm8974_platform: platform_get_parameters: exit: returns - audio_karaoke_running=false
07-28 14:20:09.318   760  2476 D audio_hw_primary: adev_get_parameters: exit: returns - audio_karaoke_running=false
07-28 14:20:09.318   887  9330 I hash_map_utils: key: 'audio_karaoke_running' value: ''
07-28 14:20:09.320   887  9330 D AudioPolicyManagerCustom: Force Direct Flag .. old flags(0x0)
07-28 14:20:09.320   887  9330 I AudioFlinger: openOutput() this 0x715c2cc200, module 10 Device 0x2, SamplingRate 44100, Format 0x000001, Channels 0x3, flags 0x1
07-28 14:20:09.320   760  2476 D audio_hw_primary: adev_open_output_stream: enter: format(0x1) sample_rate(44100) channel_mask(0x3) devices(0x2) flags(0x1)        stream_handle(0xf0993000) address()
07-28 14:20:09.320   760  2476 I audio_hw_utils: PCM offload Fragment size to 14208 bytes
07-28 14:20:09.320   760  2476 I audio_hw_utils: audio_extn_utils_update_stream_output_app_type_cfg Allowing 24 and above bits playback on speaker ONLY at default sampling rate
07-28 14:20:09.320   760  2476 D audio_hw_primary: adev_open_output_stream: Stream (0xf0993000) picks up usecase (compress-offload-playback2)
07-28 14:20:09.321   887  9330 I AudioFlinger: HAL output buffer size 3552 frames, normal sink buffer size 3552 frames
07-28 14:20:09.321  1771  1884 I ActivityTaskManager: Displayed com.swt.ffmpeglib/.MainActivity: +330ms
07-28 14:20:09.322   760  2476 D audio_hw_utils: audio_extn_utils_compress_get_dsp_latency:: Using Fix DSP delay
07-28 14:20:09.322   760  2476 D audio_hw_utils: audio_extn_utils_compress_get_dsp_latency:: delay in ms is 62
07-28 14:20:09.322   887 15751 I AudioFlinger: AudioFlinger's thread 0x70ba061000 tid=15751 ready to run
07-28 14:20:09.322   760  2476 D audio_hw_utils: audio_extn_utils_compress_get_dsp_latency:: Using Fix DSP delay
07-28 14:20:09.322   760  2476 D audio_hw_utils: audio_extn_utils_compress_get_dsp_latency:: delay in ms is 62
07-28 14:20:09.324 19749 19749 D miui_anim: myUp, property scaleY end
07-28 14:20:09.324 19749 19749 D miui_anim: myUp, property scaleX end
07-28 14:20:09.324 19749 19749 D miui_anim: myUp end
07-28 14:20:09.328   890  2901 D BufferQueueLayer: Launcher new frame Arrived
07-28 14:20:09.329   760  2476 D audio_hw_primary: out_standby: enter: stream (0xf0993000) usecase(4: compress-offload-playback2)
07-28 14:20:09.329   760  2476 D audio_hw_primary: out_standby: exit
07-28 14:20:09.335   887  9330 D APM_AudioPolicyManager: getOutputForAttrInt returns output 269 selectedDeviceId 3
07-28 14:20:09.335   887  9330 D APM_AudioPolicyManager: getOutputForAttr() returns output 269 requestedPortId 0 selectedDeviceId 3 for port ID 1754
07-28 14:20:09.335   760  2476 D audio_hw_utils: audio_extn_utils_compress_get_dsp_latency:: Using Fix DSP delay
07-28 14:20:09.335   760  2476 D audio_hw_utils: audio_extn_utils_compress_get_dsp_latency:: delay in ms is 62
07-28 14:20:09.336   887  9330 I AudioFlinger: create audiotrack for com.swt.ffmpeglib  uid 10270
07-28 14:20:09.336   887  9330 D AudioFlinger: Client defaulted notificationFrames to 3554 for frameCount 7108
07-28 14:20:09.337   887  9330 D AF::TrackHandle: OpPlayAudio: track:1720 usage:1 not muted
07-28 14:20:09.337   760  2476 D audio_hw_utils: audio_extn_utils_compress_get_dsp_latency:: Using Fix DSP delay
07-28 14:20:09.337   760  2476 D audio_hw_utils: audio_extn_utils_compress_get_dsp_latency:: delay in ms is 62
07-28 14:20:09.338 15714 15741 D AudioTrack: checkWhiteListPackage() Uid 10270, package name com.swt.ffmpeglib
07-28 14:20:09.338 15714 15741 D AudioTrack: yxc createTrack_l() isReduceVolume 0
07-28 14:20:09.341 15714 15741 W AudioTrack: Use of stream types is deprecated for operations other than volume control
07-28 14:20:09.341 15714 15741 W AudioTrack: See the documentation of AudioTrack() for what to use instead with android.media.AudioAttributes to qualify your playback use case
07-28 14:20:09.341 15714 15741 E libc    : Access denied finding property "vendor.audio.dump.elevoc"
07-28 14:20:09.341 15714 15741 E libc    : Access denied finding property "ro.vendor.audio.voip.howling_cancel"
07-28 14:20:09.341 15714 15741 I         : The device is not support elevoc
07-28 14:20:09.341 15714 15741 I ELEVOC_NS_FRONT: cycle start task... 0xc1925780
07-28 14:20:09.342 15714 15741 D ELEVOC_NS_FRONT: cycle start task succ! 0xc1925780
07-28 14:20:09.342 23810 23810 I InputMethodService: rootViewHeight : 1853 fullScreenHeight:1689 inputAreaHeight:0 miuiBottomHeight:164
07-28 14:20:09.342 23810 23810 I InputMethodService: heightLeftForMIUI 164
07-28 14:20:09.342 23810 23810 I InputMethodService: rootViewHeight : 1853 fullScreenHeight:1689 inputAreaHeight:0 miuiBottomHeight:164
07-28 14:20:09.342 23810 23810 I InputMethodService: heightLeftForMIUI 164
07-28 14:20:09.342 23810 23810 I InputMethodService: rootViewHeight : 1853 fullScreenHeight:1689 inputAreaHeight:0 miuiBottomHeight:164
07-28 14:20:09.342 23810 23810 I InputMethodService: heightLeftForMIUI 164
07-28 14:20:09.342 23810 23810 I InputMethodService: rootViewHeight : 1853 fullScreenHeight:1689 inputAreaHeight:0 miuiBottomHeight:164
07-28 14:20:09.342 23810 23810 I InputMethodService: heightLeftForMIUI 164
07-28 14:20:09.342 23810 23810 I InputMethodService: rootViewHeight : 1853 fullScreenHeight:1689 inputAreaHeight:0 miuiBottomHeight:164
07-28 14:20:09.342 23810 23810 I InputMethodService: heightLeftForMIUI 164
07-28 14:20:09.343 23810 23810 I InputMethodService: rootViewHeight : 1853 fullScreenHeight:1689 inputAreaHeight:0 miuiBottomHeight:164
07-28 14:20:09.343 23810 23810 I InputMethodService: heightLeftForMIUI 164
07-28 14:20:09.343 23810 23810 I InputMethodService: rootViewHeight : 1853 fullScreenHeight:1689 inputAreaHeight:0 miuiBottomHeight:164
07-28 14:20:09.343 23810 23810 I InputMethodService: heightLeftForMIUI 164
07-28 14:20:09.343 23810 23810 I InputMethodService: rootViewHeight : 1853 fullScreenHeight:1689 inputAreaHeight:0 miuiBottomHeight:164
07-28 14:20:09.343 23810 23810 I InputMethodService: heightLeftForMIUI 164
07-28 14:20:09.343 23810 23810 I InputMethodService: rootViewHeight : 1853 fullScreenHeight:1689 inputAreaHeight:0 miuiBottomHeight:164
07-28 14:20:09.343 23810 23810 I InputMethodService: heightLeftForMIUI 164
07-28 14:20:09.343 23810 23810 I InputMethodService: rootViewHeight : 1853 fullScreenHeight:1689 inputAreaHeight:0 miuiBottomHeight:164
07-28 14:20:09.343 23810 23810 I InputMethodService: heightLeftForMIUI 164
07-28 14:20:09.343 23810 23810 I InputMethodService: rootViewHeight : 1853 fullScreenHeight:1689 inputAreaHeight:0 miuiBottomHeight:164
07-28 14:20:09.343 23810 23810 I InputMethodService: heightLeftForMIUI 164
07-28 14:20:09.343 23810 23810 I InputMethodService: rootViewHeight : 1853 fullScreenHeight:1689 inputAreaHeight:0 miuiBottomHeight:164
07-28 14:20:09.343 23810 23810 I InputMethodService: heightLeftForMIUI 164
07-28 14:20:09.343 23810 23810 I InputMethodService: Reset touchable region Info.touchableRegion.set SkRegion()
07-28 14:20:09.343 17522 17584 D Avrcp_ext: AudioManager Player: ID:23 -- type:android.media.SoundPool -- u/pid:1000/2542 -- state:idle -- attr:AudioAttributes: usage=USAGE_ASSISTANCE_SONIFICATION content=CONTENT_TYPE_SONIFICATION flags=0x800 tags= bundle=null
07-28 14:20:09.343 17522 17584 D Avrcp_ext: AudioManager Player: ID:55 -- type:android.media.SoundPool -- u/pid:1027/3860 -- state:idle -- attr:AudioAttributes: usage=USAGE_NOTIFICATION content=CONTENT_TYPE_SONIFICATION flags=0x800 tags= bundle=null
07-28 14:20:09.343 17522 17584 D Avrcp_ext: AudioManager Player: ID:15 -- type:android.media.SoundPool -- u/pid:1000/1771 -- state:idle -- attr:AudioAttributes: usage=USAGE_ASSISTANCE_SONIFICATION content=CONTENT_TYPE_SONIFICATION flags=0x800 tags= bundle=null
07-28 14:20:09.343 17522 17584 D Avrcp_ext: AudioManager Player: ID:16927 -- type:android.media.AudioTrack -- u/pid:10270/15714 -- state:started -- attr:AudioAttributes: usage=USAGE_MEDIA content=CONTENT_TYPE_MUSIC flags=0x800 tags= bundle=null
07-28 14:20:09.343 17522 17584 D Avrcp_ext: AudioManager isPlaying: true, mA2dpState: 11, isMusiActive: false
07-28 14:20:09.343 17522 17584 V Avrcp_ext: updateCurrentMediaState: mMediaController: null
07-28 14:20:09.344 17522 17584 V Avrcp_ext: isMusicActive: false getBluetoothPlayState: 2
07-28 14:20:09.344 17522 17584 V Avrcp_ext: updateCurrentMediaState: isPlaying = false
07-28 14:20:09.344 17522 17584 V Avrcp_ext: updateCurrentMediaState: mMediaController or getPlaybackState() null
07-28 14:20:09.344 17522 17584 V Avrcp_ext: Media update: id -1-1? [MediaAttributes: none] : [MediaAttributes: none]
07-28 14:20:09.344 17522 17584 V Avrcp_ext: newPlayStatus:2mReportedPlayStatus:-1
07-28 14:20:09.344 17522 17584 V Avrcp_ext: updatePlaybackState, state: PlaybackState {state=2, position=-1, buffered position=0, speed=0.0, updated=3604792230, actions=0, custom actions=[], active item id=-1, error=null} device: null
07-28 14:20:09.344 17522 17584 V Avrcp_ext: Device: no name: 
07-28 14:20:09.344 17522 17584 I chatty  : uid=1002(bluetooth) BluetoothAvrcpH identical 3 lines
07-28 14:20:09.344 17522 17584 V Avrcp_ext: Device: no name: 
07-28 14:20:09.344 17522 17584 V Avrcp_ext: updatePlayerStateAndPosition, old=PlaybackState {state=2, position=-1, buffered position=0, speed=0.0, updated=3604714157, actions=0, custom actions=[], active item id=-1, error=null}, state=PlaybackState {state=2, position=-1, buffered position=0, speed=0.0, updated=3604792230, actions=0, custom actions=[], active item id=-1, error=null}
07-28 14:20:09.344 17522 17584 V Avrcp_ext: old state = PlaybackState {state=2, position=-1, buffered position=0, speed=0.0, updated=3604714157, actions=0, custom actions=[], active item id=-1, error=null}, new state= PlaybackState {state=2, position=-1, buffered position=0, speed=0.0, updated=3604792230, actions=0, custom actions=[], active item id=-1, error=null}
07-28 14:20:09.344 17522 17584 D HeadsetService: getHeadsetService(): returning com.android.bluetooth.hfp.HeadsetService@c414c21
07-28 14:20:09.344 17522 17584 D HeadsetService:  isAudioOn: The number of audio connected devices 0
07-28 14:20:09.344 17522 17584 D HeadsetService: isScoOrCallActive(): Call Active:falseCall is Ringing:falseSCO is Active:false
07-28 14:20:09.344 17522 17584 D HeadsetService:  isAudioOn: The number of audio connected devices 0
07-28 14:20:09.344 17522 17584 I Avrcp_ext: updatePlayStatusForDevice: device: null
07-28 14:20:09.344 17522 17584 V Avrcp_ext: updatePlaybackState (1): old=PlaybackState {state=2, position=-1, buffered position=0, speed=0.0, updated=3604714157, actions=0, custom actions=[], active item id=-1, error=null}(2), new=PlaybackState {state=2, position=-1, buffered position=0, speed=0.0, updated=3604792230, actions=0, custom actions=[], active item id=-1, error=null}(2)
07-28 14:20:09.344 17522 17584 I Avrcp_ext: Exit updatePlayStatusForDevice
07-28 14:20:09.344 17522 17584 D HeadsetService:  isAudioOn: The number of audio connected devices 0
07-28 14:20:09.344 17522 17584 D HeadsetService: isScoOrCallActive(): Call Active:falseCall is Ringing:falseSCO is Active:false
07-28 14:20:09.344 17522 17584 D HeadsetService:  isAudioOn: The number of audio connected devices 0
07-28 14:20:09.345 17522 17584 I Avrcp_ext: updatePlayStatusForDevice: device: null
07-28 14:20:09.345 17522 17584 V Avrcp_ext: updatePlaybackState (1): old=PlaybackState {state=2, position=-1, buffered position=0, speed=0.0, updated=3604714157, actions=0, custom actions=[], active item id=-1, error=null}(2), new=PlaybackState {state=2, position=-1, buffered position=0, speed=0.0, updated=3604792230, actions=0, custom actions=[], active item id=-1, error=null}(2)
07-28 14:20:09.345 17522 17584 I Avrcp_ext: Exit updatePlayStatusForDevice
07-28 14:20:09.345 17522 17584 D HeadsetService:  isAudioOn: The number of audio connected devices 0
07-28 14:20:09.345 17522 17584 D HeadsetService: isScoOrCallActive(): Call Active:falseCall is Ringing:falseSCO is Active:false
07-28 14:20:09.345 17522 17584 D HeadsetService:  isAudioOn: The number of audio connected devices 0
07-28 14:20:09.345 17522 17584 I Avrcp_ext: updatePlayStatusForDevice: device: null
07-28 14:20:09.345 17522 17584 V Avrcp_ext: updatePlaybackState (1): old=PlaybackState {state=2, position=-1, buffered position=0, speed=0.0, updated=3604714157, actions=0, custom actions=[], active item id=-1, error=null}(2), new=PlaybackState {state=2, position=-1, buffered position=0, speed=0.0, updated=3604792230, actions=0, custom actions=[], active item id=-1, error=null}(2)
07-28 14:20:09.345 17522 17584 I Avrcp_ext: Exit updatePlayStatusForDevice
07-28 14:20:09.345 17522 17584 D HeadsetService:  isAudioOn: The number of audio connected devices 0
07-28 14:20:09.345 17522 17584 D HeadsetService: isScoOrCallActive(): Call Active:falseCall is Ringing:falseSCO is Active:false
07-28 14:20:09.345 17522 17584 D HeadsetService:  isAudioOn: The number of audio connected devices 0
07-28 14:20:09.345 17522 17584 I Avrcp_ext: updatePlayStatusForDevice: device: null
07-28 14:20:09.345 17522 17584 V Avrcp_ext: updatePlaybackState (1): old=PlaybackState {state=2, position=-1, buffered position=0, speed=0.0, updated=3604714157, actions=0, custom actions=[], active item id=-1, error=null}(2), new=PlaybackState {state=2, position=-1, buffered position=0, speed=0.0, updated=3604792230, actions=0, custom actions=[], active item id=-1, error=null}(2)
07-28 14:20:09.345 17522 17584 I Avrcp_ext: Exit updatePlayStatusForDevice
07-28 14:20:09.345 17522 17584 D HeadsetService:  isAudioOn: The number of audio connected devices 0
07-28 14:20:09.345 17522 17584 D HeadsetService: isScoOrCallActive(): Call Active:falseCall is Ringing:falseSCO is Active:false
07-28 14:20:09.345 17522 17584 D HeadsetService:  isAudioOn: The number of audio connected devices 0
07-28 14:20:09.345 17522 17584 I Avrcp_ext: updatePlayStatusForDevice: device: null
07-28 14:20:09.345 17522 17584 V Avrcp_ext: updatePlaybackState (1): old=PlaybackState {state=2, position=-1, buffered position=0, speed=0.0, updated=3604714157, actions=0, custom actions=[], active item id=-1, error=null}(2), new=PlaybackState {state=2, position=-1, buffered position=0, speed=0.0, updated=3604792230, actions=0, custom actions=[], active item id=-1, error=null}(2)
07-28 14:20:09.345 17522 17584 I Avrcp_ext: Exit updatePlayStatusForDevice
07-28 14:20:09.345 17522 17584 D Avrcp_ext: Enter sendPlayPosNotificationRsp
07-28 14:20:09.345 17522 17584 D Avrcp_ext: sendPlayPosNotificationRsp: Not registered or requesting.
07-28 14:20:09.345 17522 17584 D Avrcp_ext: Enter sendPlayPosNotificationRsp
07-28 14:20:09.345 17522 17584 D Avrcp_ext: sendPlayPosNotificationRsp: Not registered or requesting.
07-28 14:20:09.345 17522 17584 D Avrcp_ext: Enter sendPlayPosNotificationRsp
07-28 14:20:09.345 17522 17584 D Avrcp_ext: sendPlayPosNotificationRsp: Not registered or requesting.
07-28 14:20:09.345 17522 17584 D Avrcp_ext: Enter sendPlayPosNotificationRsp
07-28 14:20:09.346 17522 17584 D Avrcp_ext: sendPlayPosNotificationRsp: Not registered or requesting.
07-28 14:20:09.346 17522 17584 D Avrcp_ext: Enter sendPlayPosNotificationRsp
07-28 14:20:09.346 17522 17584 D Avrcp_ext: sendPlayPosNotificationRsp: Not registered or requesting.
07-28 14:20:09.346 17522 17584 V Avrcp_ext: Exit updatePlayerStateAndPosition
07-28 14:20:09.347   760   913 E volume_listener: check_and_set_gain_dep_cal: Failed to set gain dep cal level
07-28 14:20:09.347   887   994 D APM_AudioPolicyManager: startOutput() output 269, stream 3, session 16601
07-28 14:20:09.349   760  2476 V EffectMiSound: MiSound_command() start, cmdCode=20
07-28 14:20:09.349   760  2476 V EffectMiSound: MiSound_Command EFFECT_CMD_OFFLOAD
07-28 14:20:09.349   760  2476 V EffectMiSound: MiSound_command() start, cmdCode=1
07-28 14:20:09.349   760  2476 V EffectMiSound: MiSound_setConfig start
07-28 14:20:09.349   760  2476 I EffectMiSound: MiSound_updateState(), enable=0, hifi=0, device=0x2, headset=5, samplingRate=44100
07-28 14:20:09.349   760  2476 I EffectMiSound: MiSound_updateState(), mode=0, music=0, movie=0, reset=0
07-28 14:20:09.349   760  2476 I EffectMiSound: MiSound_updateState(), Speaker Dual Mode is not supported. Stop update state.
07-28 14:20:09.350   760  6432 V EffectMiSound: MiSound_command() start, cmdCode=9
07-28 14:20:09.350   760  6432 V EffectMiSound: MiSound_Command EFFECT_CMD_SET_DEVICE: 0x00000002
07-28 14:20:09.350   760  6432 V EffectMiSound: MiSound_command() start, cmdCode=11
07-28 14:20:09.350   760  6432 V EffectMiSound: MiSound_Command EFFECT_CMD_SET_AUDIO_MODE: 0
07-28 14:20:09.350   887   994 D APM_AudioPolicyManager: getNewOutputDevices selected devices {type:0x2,@:}
07-28 14:20:09.350   887   994 D APM_AudioPolicyManager: setOutputDevices device {type:0x2,@:} delayMs 0 force 1
07-28 14:20:09.350   887   994 D APM_AudioPolicyManager: setOutputDevices() prevDevice {type:0x2,@:}
07-28 14:20:09.350   887   994 D APM_AudioPolicyManager: setOutputDevices changing device to {type:0x2,@:}
07-28 14:20:09.351   760  2476 V EffectMiSound: MiSound_command() start, cmdCode=9
07-28 14:20:09.351   760  2476 V EffectMiSound: MiSound_Command EFFECT_CMD_SET_DEVICE: 0x00000002
07-28 14:20:09.351   760  2476 D audio_hw_primary: out_set_parameters: enter: usecase(4: compress-offload-playback2) kvpairs: routing=2
07-28 14:20:09.351   760  2476 D audio_hw_utils: audio_extn_utils_compress_get_dsp_latency:: Using Fix DSP delay
07-28 14:20:09.351   760  2476 D audio_hw_utils: audio_extn_utils_compress_get_dsp_latency:: delay in ms is 62
07-28 14:20:09.353   887  8535 E AudioFlinger: open /proc/15714/cmdline error
07-28 14:20:09.353   887  8535 I AudioFlinger: setAppName(), name=[], active=[1]
07-28 14:20:09.353   760  2476 V EffectMiSound: MiSound_command() start, cmdCode=24
07-28 14:20:09.354   760  2476 V EffectMiSound: MiSound_Command EFFECT_CMD_SET_APP_NAME: stream=3, name=+
07-28 14:20:09.354  5269  5631 I PowerCheckerService: uid:10270 change to active
07-28 14:20:09.354   760  2476 D audio_hw_primary: copl(0xf0993000):calling compress flush
07-28 14:20:09.354   760  2476 W audio_hw_primary: out_flush called in invalid state 0
07-28 14:20:09.354   760  2476 D audio_hw_primary: copl(0xf0993000):out of compress flush
07-28 14:20:09.354  5269  5443 I AppActiveChecker: uid:10270 change to active
07-28 14:20:09.354  1771  1884 D ProcessManager: add audio active uid : 10270
07-28 14:20:09.357  1771  1831 I Timeline: Timeline: Activity_windows_visible id: ActivityRecord{1e2a213 u0 com.swt.ffmpeglib/.MainActivity t4295} time:909268275
07-28 14:20:09.357  2542  2542 D EventBus: [2542, u0] send(AppTransitionFinishedEvent)
07-28 14:20:09.357  2542  2542 D EventBus: [2542, u0]  -> ForcedResizableInfoActivityController [0xa5c597, P1] onBusEvent(AppTransitionFinishedEvent)
07-28 14:20:09.357  2542  2542 D EventBus: [2542, u0] onBusEvent(AppTransitionFinishedEvent) duration: 25 microseconds, avg: 878
07-28 14:20:09.357  2542  2542 D EventBus: [2542, u0] send(AppTransitionFinishedEvent)
07-28 14:20:09.358  2542  2542 D EventBus: [2542, u0]  -> ForcedResizableInfoActivityController [0xa5c597, P1] onBusEvent(AppTransitionFinishedEvent)
07-28 14:20:09.358  2542  2542 D EventBus: [2542, u0] onBusEvent(AppTransitionFinishedEvent) duration: 76 microseconds, avg: 878
07-28 14:20:09.358  1771  1831 I Timeline: Timeline: App_transition_stopped time:909268277
07-28 14:20:09.378   890   890 D SurfaceFlinger: Launcher Changed hasLauncher=0
07-28 14:20:09.379   890   890 D SurfaceFlinger: WallPaper Changed hasWallPaper=0
07-28 14:20:09.846 17522 17584 V Avrcp_ext: AvrcpMessageHandler: received message=29
07-28 14:20:09.846 17522 17584 V Avrcp_ext: updateCurrentMediaState: mMediaController: null
07-28 14:20:09.847 17522 17584 V Avrcp_ext: isMusicActive: true getBluetoothPlayState: 2
07-28 14:20:09.847 17522 17584 V Avrcp_ext: updateCurrentMediaState: isPlaying = false
07-28 14:20:09.847 17522 17584 V Avrcp_ext: updateCurrentMediaState: mMediaController or getPlaybackState() null
07-28 14:20:09.847 17522 17584 V Avrcp_ext: Media update: id -1-1? [MediaAttributes: none] : [MediaAttributes: none]
07-28 14:20:09.847 17522 17584 V Avrcp_ext: newPlayStatus:2mReportedPlayStatus:-1
07-28 14:20:09.847 17522 17584 V Avrcp_ext: updatePlaybackState, state: PlaybackState {state=2, position=-1, buffered position=0, speed=0.0, updated=3604792734, actions=0, custom actions=[], active item id=-1, error=null} device: null
07-28 14:20:09.847 17522 17584 V Avrcp_ext: Device: no name: 
07-28 14:20:09.847 17522 17584 I chatty  : uid=1002(bluetooth) BluetoothAvrcpH identical 3 lines
07-28 14:20:09.847 17522 17584 V Avrcp_ext: Device: no name: 
07-28 14:20:09.847 17522 17584 V Avrcp_ext: updatePlayerStateAndPosition, old=PlaybackState {state=2, position=-1, buffered position=0, speed=0.0, updated=3604792230, actions=0, custom actions=[], active item id=-1, error=null}, state=PlaybackState {state=2, position=-1, buffered position=0, speed=0.0, updated=3604792734, actions=0, custom actions=[], active item id=-1, error=null}
07-28 14:20:09.847 17522 17584 V Avrcp_ext: old state = PlaybackState {state=2, position=-1, buffered position=0, speed=0.0, updated=3604792230, actions=0, custom actions=[], active item id=-1, error=null}, new state= PlaybackState {state=2, position=-1, buffered position=0, speed=0.0, updated=3604792734, actions=0, custom actions=[], active item id=-1, error=null}
07-28 14:20:09.848 17522 17584 D HeadsetService: getHeadsetService(): returning com.android.bluetooth.hfp.HeadsetService@c414c21
07-28 14:20:09.848 17522 17584 D HeadsetService:  isAudioOn: The number of audio connected devices 0
07-28 14:20:09.848 17522 17584 D HeadsetService: isScoOrCallActive(): Call Active:falseCall is Ringing:falseSCO is Active:false
07-28 14:20:09.849 17522 17584 D HeadsetService:  isAudioOn: The number of audio connected devices 0
07-28 14:20:09.849 17522 17584 I Avrcp_ext: updatePlayStatusForDevice: device: null
07-28 14:20:09.849 17522 17584 V Avrcp_ext: updatePlaybackState (1): old=PlaybackState {state=2, position=-1, buffered position=0, speed=0.0, updated=3604792230, actions=0, custom actions=[], active item id=-1, error=null}(2), new=PlaybackState {state=2, position=-1, buffered position=0, speed=0.0, updated=3604792734, actions=0, custom actions=[], active item id=-1, error=null}(2)
07-28 14:20:09.849 17522 17584 I Avrcp_ext: Exit updatePlayStatusForDevice
07-28 14:20:09.850 17522 17584 D HeadsetService:  isAudioOn: The number of audio connected devices 0
07-28 14:20:09.850 17522 17584 D HeadsetService: isScoOrCallActive(): Call Active:falseCall is Ringing:falseSCO is Active:false
07-28 14:20:09.850 17522 17584 D HeadsetService:  isAudioOn: The number of audio connected devices 0
07-28 14:20:09.850 17522 17584 I Avrcp_ext: updatePlayStatusForDevice: device: null
07-28 14:20:09.850 17522 17584 V Avrcp_ext: updatePlaybackState (1): old=PlaybackState {state=2, position=-1, buffered position=0, speed=0.0, updated=3604792230, actions=0, custom actions=[], active item id=-1, error=null}(2), new=PlaybackState {state=2, position=-1, buffered position=0, speed=0.0, updated=3604792734, actions=0, custom actions=[], active item id=-1, error=null}(2)
07-28 14:20:09.850 17522 17584 I Avrcp_ext: Exit updatePlayStatusForDevice
07-28 14:20:09.851 17522 17584 D HeadsetService:  isAudioOn: The number of audio connected devices 0
07-28 14:20:09.851 17522 17584 D HeadsetService: isScoOrCallActive(): Call Active:falseCall is Ringing:falseSCO is Active:false
07-28 14:20:09.851 17522 17584 D HeadsetService:  isAudioOn: The number of audio connected devices 0
07-28 14:20:09.851 17522 17584 I Avrcp_ext: updatePlayStatusForDevice: device: null
07-28 14:20:09.851 17522 17584 V Avrcp_ext: updatePlaybackState (1): old=PlaybackState {state=2, position=-1, buffered position=0, speed=0.0, updated=3604792230, actions=0, custom actions=[], active item id=-1, error=null}(2), new=PlaybackState {state=2, position=-1, buffered position=0, speed=0.0, updated=3604792734, actions=0, custom actions=[], active item id=-1, error=null}(2)
07-28 14:20:09.851 17522 17584 I Avrcp_ext: Exit updatePlayStatusForDevice
07-28 14:20:09.852 17522 17584 D HeadsetService:  isAudioOn: The number of audio connected devices 0
07-28 14:20:09.852 17522 17584 D HeadsetService: isScoOrCallActive(): Call Active:falseCall is Ringing:falseSCO is Active:false
07-28 14:20:09.852 17522 17584 D HeadsetService:  isAudioOn: The number of audio connected devices 0
07-28 14:20:09.852 17522 17584 I Avrcp_ext: updatePlayStatusForDevice: device: null
07-28 14:20:09.852 17522 17584 V Avrcp_ext: updatePlaybackState (1): old=PlaybackState {state=2, position=-1, buffered position=0, speed=0.0, updated=3604792230, actions=0, custom actions=[], active item id=-1, error=null}(2), new=PlaybackState {state=2, position=-1, buffered position=0, speed=0.0, updated=3604792734, actions=0, custom actions=[], active item id=-1, error=null}(2)
07-28 14:20:09.852 17522 17584 I Avrcp_ext: Exit updatePlayStatusForDevice
07-28 14:20:09.852 17522 17584 D HeadsetService:  isAudioOn: The number of audio connected devices 0
07-28 14:20:09.852 17522 17584 D HeadsetService: isScoOrCallActive(): Call Active:falseCall is Ringing:falseSCO is Active:false
07-28 14:20:09.853 17522 17584 D HeadsetService:  isAudioOn: The number of audio connected devices 0
07-28 14:20:09.853 17522 17584 I Avrcp_ext: updatePlayStatusForDevice: device: null
07-28 14:20:09.853 17522 17584 V Avrcp_ext: updatePlaybackState (1): old=PlaybackState {state=2, position=-1, buffered position=0, speed=0.0, updated=3604792230, actions=0, custom actions=[], active item id=-1, error=null}(2), new=PlaybackState {state=2, position=-1, buffered position=0, speed=0.0, updated=3604792734, actions=0, custom actions=[], active item id=-1, error=null}(2)
07-28 14:20:09.853 17522 17584 I Avrcp_ext: Exit updatePlayStatusForDevice
07-28 14:20:09.853 17522 17584 D Avrcp_ext: Enter sendPlayPosNotificationRsp
07-28 14:20:09.853 17522 17584 D Avrcp_ext: sendPlayPosNotificationRsp: Not registered or requesting.
07-28 14:20:09.853 17522 17584 D Avrcp_ext: Enter sendPlayPosNotificationRsp
07-28 14:20:09.853 17522 17584 D Avrcp_ext: sendPlayPosNotificationRsp: Not registered or requesting.
07-28 14:20:09.853 17522 17584 D Avrcp_ext: Enter sendPlayPosNotificationRsp
07-28 14:20:09.853 17522 17584 D Avrcp_ext: sendPlayPosNotificationRsp: Not registered or requesting.
07-28 14:20:09.853 17522 17584 D Avrcp_ext: Enter sendPlayPosNotificationRsp
07-28 14:20:09.853 17522 17584 D Avrcp_ext: sendPlayPosNotificationRsp: Not registered or requesting.
07-28 14:20:09.853 17522 17584 D Avrcp_ext: Enter sendPlayPosNotificationRsp
07-28 14:20:09.853 17522 17584 D Avrcp_ext: sendPlayPosNotificationRsp: Not registered or requesting.
07-28 14:20:09.853 17522 17584 V Avrcp_ext: Exit updatePlayerStateAndPosition
07-28 14:20:09.853 17522 17584 V Avrcp_ext: Exit handleMessage
07-28 14:20:10.286  1771  2448 D NtpTrustedTime: currentTimeMillis() cache hit
07-28 14:20:10.287   659 22574 I netd    : trafficSwapActiveStatsMap() <0.59ms>
07-28 14:20:10.291   659 22574 I netd    : tetherGetStats() <1.41ms>
07-28 14:20:10.303  1771  2448 D NtpTrustedTime: currentTimeMillis() cache hit
07-28 14:20:10.304   659 22574 I netd    : bandwidthSetGlobalAlert(131072) <0.16ms>
07-28 14:20:10.304   650   850 I TrafficManageService: mina mTrafficStatsReceiver onReceive
07-28 14:20:10.357 15714 15763 F libc    : Fatal signal 11 (SIGSEGV), code 1 (SEGV_MAPERR), fault addr 0x4c in tid 15763 (Thread-2), pid 15714 (m.swt.ffmpeglib)
07-28 14:20:10.408 15767 15767 I crash_dump32: obtaining output fd from tombstoned, type: kDebuggerdTombstone
07-28 14:20:10.409  1317  1317 I /system/bin/tombstoned: received crash request for pid 15763
07-28 14:20:10.409 15767 15767 I crash_dump32: performing dump of process 15714 (target tid = 15763)
07-28 14:20:10.425 15767 15767 F DEBUG   : *** *** *** *** *** *** *** *** *** *** *** *** *** *** *** ***
07-28 14:20:10.425 15767 15767 F DEBUG   : Build fingerprint: 'Xiaomi/vangogh/vangogh:10/QKQ1.191222.002/V11.0.3.0.QJVCNXM:user/release-keys'
07-28 14:20:10.425 15767 15767 F DEBUG   : Revision: '0'
07-28 14:20:10.425 15767 15767 F DEBUG   : ABI: 'arm'
07-28 14:20:10.425 15767 15767 F DEBUG   : Timestamp: 2020-07-28 14:20:10+0800
07-28 14:20:10.425 15767 15767 F DEBUG   : pid: 15714, tid: 15763, name: Thread-2  >>> com.swt.ffmpeglib <<<
07-28 14:20:10.425 15767 15767 F DEBUG   : uid: 10270
07-28 14:20:10.425 15767 15767 F DEBUG   : signal 11 (SIGSEGV), code 1 (SEGV_MAPERR), fault addr 0x4c
07-28 14:20:10.425 15767 15767 F DEBUG   : Cause: null pointer dereference
07-28 14:20:10.425 15767 15767 F DEBUG   :     r0  c9496000  r1  dab688c0  r2  be4951a8  r3  dab56f40
07-28 14:20:10.425 15767 15767 F DEBUG   :     r4  00000000  r5  c9496000  r6  be495230  r7  be4951e8
07-28 14:20:10.425 15767 15767 F DEBUG   :     r8  ec8e8a50  r9  00003d7d  r10 be495230  r11 00101000
07-28 14:20:10.425 15767 15767 F DEBUG   :     ip  c2131f1c  sp  be4950e8  lr  c212d7d5  pc  c21e50b8
07-28 14:20:10.425 15767 15767 F DEBUG   : 
07-28 14:20:10.425 15767 15767 F DEBUG   : backtrace:
07-28 14:20:10.425 15767 15767 F DEBUG   :       #00 pc 0001d0b8  /data/app/com.swt.ffmpeglib-R6eRoDJEmiLG74iQF07bXg==/lib/arm/libavcodec.so
07-28 14:20:11.158 15767 15767 E crash_dump32: cannot open libmiuindbg.so: No such file or directory
07-28 14:20:11.159  1317  1317 E /system/bin/tombstoned: Tombstone written to: /data/tombstones/tombstone_04
07-28 14:20:11.161  1771 15770 W ActivityTaskManager:   Force finishing activity com.swt.ffmpeglib/.MainActivity
07-28 14:20:11.162  1771 15771 I DropBoxManagerService: add tag=data_app_native_crash isTagEnabled=true flags=0x2
07-28 14:20:11.164  1771  1970 I BootReceiver: Copying /data/tombstones/tombstone_04 to DropBox (SYSTEM_TOMBSTONE)
07-28 14:20:11.165  1771 15770 D ActivityTrigger: ActivityTrigger activityPauseTrigger 
07-28 14:20:11.168 19749 19768 D Launcher: get showing item successandroid.graphics.Bitmap@ea992dd
07-28 14:20:11.168  1771  1970 I DropBoxManagerService: add tag=SYSTEM_TOMBSTONE isTagEnabled=true flags=0x2
07-28 14:20:11.177   794   848 E ANDR-PERF-OPTSHANDLER: Perflock resource /sys/class/devfreq/soc:qcom,cpubw/min_freq not supported
07-28 14:20:11.177   794   848 E ANDR-PERF-RESOURCEQS: Failed to apply optimization [6, 0]
07-28 14:20:11.181 17522 26061 D A2dpLatencyMode: ForegroundInfo{mForegroundPackageName='com.miui.home', mForegroundUid=10086, mForegroundPid=19749, mLastForegroundPackageName='com.swt.ffmpeglib', mLastForegroundUid=10270, mLastForegroundPid=15714, mMultiWindowForegroundPackageName='null', mMultiWindowForegroundUid=-1, mFlags=0}
07-28 14:20:11.181   794   848 E ANDR-PERF-OPTSHANDLER: Perflock resource /sys/class/devfreq/soc:qcom,llccbw/min_freq not supported
07-28 14:20:11.181   794   848 E ANDR-PERF-RESOURCEQS: Failed to apply optimization [12, 0]
07-28 14:20:11.181   650 12807 I ProcessMonitor: onForegroundInfoChanged: ForegroundInfo{mForegroundPackageName='com.miui.home', mForegroundUid=10086, mForegroundPid=19749, mLastForegroundPackageName='com.swt.ffmpeglib', mLastForegroundUid=10270, mLastForegroundPid=15714, mMultiWindowForegroundPackageName='null', mMultiWindowForegroundUid=-1, mFlags=0}
07-28 14:20:11.182   650 12807 I GameBoosterService: onForegroundInfoChanged: Cur=com.miui.home	 last=com.swt.ffmpeglib
07-28 14:20:11.182  3601  3657 I octvm_power: power mode [home] start 1595917211
07-28 14:20:11.183  3601  3657 E octvm   : open /sys/class/power_supply/battery/status error, Permission denied
07-28 14:20:11.183  3601  3657 I octvm_drv: common drv: get_current_battery_uAh will return 0
07-28 14:20:11.183  3601  3657 I octvm_power: Action: set_thermal_config(restore) for [foreground_change]
07-28 14:20:11.179  3601  3601 W Binder:3601_1: type=1400 audit(0.0:183584): avc: denied { search } for name="battery" dev="sysfs" ino=67713 scontext=u:r:mcd:s0 tcontext=u:object_r:sysfs_battery_supply:s0 tclass=dir permissive=0
07-28 14:20:11.183  3601  3657 I octvm_drv: platform_set_thermal_mode cur_global_config:[], target mode:[restore], profile=0, ret=0
07-28 14:20:11.183  3601  3657 E octvm   : open /sys/class/power_supply/battery/status error, Permission denied
07-28 14:20:11.183  3601  3657 I octvm_drv: common drv: get_current_battery_uAh will return 0
07-28 14:20:11.183  3601  3657 I octvm_power: onPowerModeChanged[home] called
07-28 14:20:11.179  3601  3601 W Binder:3601_1: type=1400 audit(0.0:183585): avc: denied { search } for name="battery" dev="sysfs" ino=67713 scontext=u:r:mcd:s0 tcontext=u:object_r:sysfs_battery_supply:s0 tclass=dir permissive=0
07-28 14:20:11.183   650 12807 D GameBoosterService: onGameStatusChange foreground:ForegroundInfo{mForegroundPackageName='com.miui.home', mForegroundUid=10086, mForegroundPid=19749, mLastForegroundPackageName='com.swt.ffmpeglib', mLastForegroundUid=10270, mLastForegroundPid=15714, mMultiWindowForegroundPackageName='null', mMultiWindowForegroundUid=-1, mFlags=0}
07-28 14:20:11.183   650 12807 I GameBoosterService: onForegroundInfoChanged: Exit
07-28 14:20:11.183   650 12807 I VideoBoxUtils: isSupportVideoBox: true
07-28 14:20:11.183 19749 19749 D Launcher.Lifecycle: onResume:UserHandle{0},2e65972,false
07-28 14:20:11.184  2542  2542 D StatusBar: disable<e i a s b h r c s > disable2<q i n g r >
07-28 14:20:11.184 19749 19781 D Launcher: disableStatusBarClock:false
07-28 14:20:11.184   890  1629 D Layer   : ---setAlpha Launcher=1.000000
07-28 14:20:11.184 19749 26581 I RenderThread: RenderThread resumed
07-28 14:20:11.184 19749 26581 I RenderThread: All controllers paused.
07-28 14:20:11.184 19749 26581 I RenderThread: RenderThread paused, waiting for signal
07-28 14:20:11.184   650 12807 I VideoToolBoxService: onForegroundInfoChanged: Exit Vtb
07-28 14:20:11.185  1771  8256 I Timeline: Timeline: App_transition_ready time:909270103
07-28 14:20:11.188  2542  2542 D PhoneStatusBar/NavigationBarView: setDisabledFlags back:false home:false recent:false
07-28 14:20:11.188  2542  2542 D StatusBarClock:  isNormalMode= true clock visible=true
07-28 14:20:11.189  1771  2451 I MiuiNetworkPolicy: bandwidth: 597 KB/s, Max bandwidth: 8002 KB/s
07-28 14:20:11.199   890   890 D SurfaceFlinger: Launcher Changed hasLauncher=1
07-28 14:20:11.199   890   890 D SurfaceFlinger: WallPaper Changed hasWallPaper=1
07-28 14:20:11.200  2542  2542 D EventBus: [2542, u0] send(AppTransitionFinishedEvent)
07-28 14:20:11.200  2542  2542 D EventBus: [2542, u0]  -> ForcedResizableInfoActivityController [0xa5c597, P1] onBusEvent(AppTransitionFinishedEvent)
07-28 14:20:11.200  2542  2542 D EventBus: [2542, u0] onBusEvent(AppTransitionFinishedEvent) duration: 22 microseconds, avg: 878
07-28 14:20:11.201  2542  2542 D EventBus: [2542, u0] send(AppTransitionFinishedEvent)
07-28 14:20:11.201  2542  2542 D EventBus: [2542, u0]  -> ForcedResizableInfoActivityController [0xa5c597, P1] onBusEvent(AppTransitionFinishedEvent)
07-28 14:20:11.201  2542  2542 D EventBus: [2542, u0] onBusEvent(AppTransitionFinishedEvent) duration: 15 microseconds, avg: 878
07-28 14:20:11.208  1771  1831 I Timeline: Timeline: App_transition_ready time:909270127
07-28 14:20:11.208  1771  1831 I Timeline: Timeline: App_transition_stopped time:909270127
07-28 14:20:11.210  2542  2542 D EventBus: [2542, u0] send(AppTransitionFinishedEvent)
07-28 14:20:11.210  1771  2444 V UiModeManager: switch night mode to 1
07-28 14:20:11.210  2542  2542 D EventBus: [2542, u0]  -> ForcedResizableInfoActivityController [0xa5c597, P1] onBusEvent(AppTransitionFinishedEvent)
07-28 14:20:11.210 19749 19749 D Launcher_WallpaperUtils: changeStatusBarMode:false
07-28 14:20:11.210  2542  2542 D EventBus: [2542, u0] onBusEvent(AppTransitionFinishedEvent) duration: 27 microseconds, avg: 878
07-28 14:20:11.211 13264 13282 I CloudSettingsProvider: uriMatch : 2
07-28 14:20:11.223  1771  1830 E set_top_app: error /proc/19749/top_app:1
07-28 14:20:11.223  1771  1830 E set_top_app: java.io.FileNotFoundException: /proc/19749/top_app: open failed: ENOENT (No such file or directory)
07-28 14:20:11.223  1771  1830 E set_top_app: 	at libcore.io.IoBridge.open(IoBridge.java:496)
07-28 14:20:11.223  1771  1830 E set_top_app: 	at java.io.FileOutputStream.<init>(FileOutputStream.java:235)
07-28 14:20:11.223  1771  1830 E set_top_app: 	at java.io.FileOutputStream.<init>(FileOutputStream.java:125)
07-28 14:20:11.223  1771  1830 E set_top_app: 	at java.io.FileWriter.<init>(FileWriter.java:63)
07-28 14:20:11.223  1771  1830 E set_top_app: 	at com.android.server.am.ActivityManagerServiceInjector.writeToNode(ActivityManagerServiceInjector.java:1060)
07-28 14:20:11.223  1771  1830 E set_top_app: 	at com.android.server.am.ActivityManagerServiceInjector.setTopAppUIThread(ActivityManagerServiceInjector.java:1045)
07-28 14:20:11.223  1771  1830 E set_top_app: 	at com.android.server.am.OomAdjuster.applyOomAdjLocked(OomAdjuster.java:1884)
07-28 14:20:11.223  1771  1830 E set_top_app: 	at com.android.server.am.OomAdjuster.updateOomAdjLocked(OomAdjuster.java:507)
07-28 14:20:11.223  1771  1830 E set_top_app: 	at com.android.server.am.ActivityManagerService.updateOomAdjLocked(ActivityManagerService.java:17363)
07-28 14:20:11.223  1771  1830 E set_top_app: 	at com.android.server.am.ProcessRecord.updateProcessInfo(ProcessRecord.java:1365)
07-28 14:20:11.223  1771  1830 E set_top_app: 	at com.android.server.wm.-$$Lambda$BEx3OWenCvYAaV5h_J2ZkZXhEcY.accept(Unknown Source:20)
07-28 14:20:11.223  1771  1830 E set_top_app: 	at com.android.internal.util.function.pooled.PooledLambdaImpl.doInvoke(PooledLambdaImpl.java:300)
07-28 14:20:11.223  1771  1830 E set_top_app: 	at com.android.internal.util.function.pooled.PooledLambdaImpl.invoke(PooledLambdaImpl.java:195)
07-28 14:20:11.223  1771  1830 E set_top_app: 	at com.android.internal.util.function.pooled.OmniFunction.run(OmniFunction.java:86)
07-28 14:20:11.223  1771  1830 E set_top_app: 	at android.os.Handler.handleCallback(Handler.java:883)
07-28 14:20:11.223  1771  1830 E set_top_app: 	at android.os.Handler.dispatchMessage(Handler.java:100)
07-28 14:20:11.223  1771  1830 E set_top_app: 	at android.os.Looper.loop(Looper.java:224)
07-28 14:20:11.223  1771  1830 E set_top_app: 	at android.os.HandlerThread.run(HandlerThread.java:67)
07-28 14:20:11.223  1771  1830 E set_top_app: 	at com.android.server.ServiceThread.run(ServiceThread.java:45)
07-28 14:20:11.223  1771  1830 E set_top_app: Caused by: android.system.ErrnoException: open failed: ENOENT (No such file or directory)
07-28 14:20:11.223  1771  1830 E set_top_app: 	at libcore.io.Linux.open(Native Method)
07-28 14:20:11.223  1771  1830 E set_top_app: 	at libcore.io.ForwardingOs.open(ForwardingOs.java:167)
07-28 14:20:11.223  1771  1830 E set_top_app: 	at libcore.io.BlockGuardOs.open(BlockGuardOs.java:252)
07-28 14:20:11.223  1771  1830 E set_top_app: 	at libcore.io.IoBridge.open(IoBridge.java:482)
07-28 14:20:11.223  1771  1830 E set_top_app: 	... 18 more
07-28 14:20:11.223  1771  1830 E set_top_app: error /proc/26546/top_app:2
07-28 14:20:11.223  1771  1830 E set_top_app: java.io.FileNotFoundException: /proc/26546/top_app: open failed: ENOENT (No such file or directory)
07-28 14:20:11.223  1771  1830 E set_top_app: 	at libcore.io.IoBridge.open(IoBridge.java:496)
