07-28 14:18:55.144   794  3757 E ANDR-PERF-LM: StatsProvider: getPIDStats() 119: sendRecvData returned error = -4
07-28 14:18:55.293  1771  2451 I MiuiNetworkPolicy: updateUidState uid = 1000, uidState = 0
07-28 14:18:55.445   794  3757 E ANDR-PERF-LM: StatsProvider: stats_nl_error_callback() 110: NL SOC receive error: No such process
07-28 14:18:55.445   794  3757 E ANDR-PERF-LM: StatsProvider: sendRecvData() 267: nl_recvmsgs failed return=-12
07-28 14:18:55.445   794  3757 E ANDR-PERF-LM: StatsProvider: getPIDStats() 119: sendRecvData returned error = -4
07-28 14:18:55.748   794  3757 E ANDR-PERF-LM: StatsProvider: stats_nl_error_callback() 110: NL SOC receive error: No such process
07-28 14:18:55.748   794  3757 E ANDR-PERF-LM: StatsProvider: sendRecvData() 267: nl_recvmsgs failed return=-12
07-28 14:18:55.748   794  3757 E ANDR-PERF-LM: StatsProvider: getPIDStats() 119: sendRecvData returned error = -4
07-28 14:18:56.049   794  3757 E ANDR-PERF-LM: StatsProvider: stats_nl_error_callback() 110: NL SOC receive error: No such process
07-28 14:18:56.049   794  3757 E ANDR-PERF-LM: StatsProvider: sendRecvData() 267: nl_recvmsgs failed return=-12
07-28 14:18:56.050   794  3757 E ANDR-PERF-LM: StatsProvider: getPIDStats() 119: sendRecvData returned error = -4
07-28 14:18:56.067  1771  2451 I MiuiNetworkPolicy: bandwidth: 3 KB/s, Max bandwidth: 8002 KB/s
07-28 14:18:56.352   794  3757 E ANDR-PERF-LM: StatsProvider: stats_nl_error_callback() 110: NL SOC receive error: No such process
07-28 14:18:56.352   794  3757 E ANDR-PERF-LM: StatsProvider: sendRecvData() 267: nl_recvmsgs failed return=-12
07-28 14:18:56.352   794  3757 E ANDR-PERF-LM: StatsProvider: getPIDStats() 119: sendRecvData returned error = -4
07-28 14:18:56.653   794  3757 E ANDR-PERF-LM: StatsProvider: stats_nl_error_callback() 110: NL SOC receive error: No such process
07-28 14:18:56.653   794  3757 E ANDR-PERF-LM: StatsProvider: sendRecvData() 267: nl_recvmsgs failed return=-12
07-28 14:18:56.653   794  3757 E ANDR-PERF-LM: StatsProvider: getPIDStats() 119: sendRecvData returned error = -4
07-28 14:18:56.954   794  3757 E ANDR-PERF-LM: StatsProvider: stats_nl_error_callback() 110: NL SOC receive error: No such process
07-28 14:18:56.954   794  3757 E ANDR-PERF-LM: StatsProvider: sendRecvData() 267: nl_recvmsgs failed return=-12
07-28 14:18:56.955   794  3757 E ANDR-PERF-LM: StatsProvider: getPIDStats() 119: sendRecvData returned error = -4
07-28 14:18:57.257   794  3757 E ANDR-PERF-LM: StatsProvider: stats_nl_error_callback() 110: NL SOC receive error: No such process
07-28 14:18:57.257   794  3757 E ANDR-PERF-LM: StatsProvider: sendRecvData() 267: nl_recvmsgs failed return=-12
07-28 14:18:57.257   794  3757 E ANDR-PERF-LM: StatsProvider: getPIDStats() 119: sendRecvData returned error = -4
07-28 14:18:57.558   794  3757 E ANDR-PERF-LM: StatsProvider: stats_nl_error_callback() 110: NL SOC receive error: No such process
07-28 14:18:57.558   794  3757 E ANDR-PERF-LM: StatsProvider: sendRecvData() 267: nl_recvmsgs failed return=-12
07-28 14:18:57.559   794  3757 E ANDR-PERF-LM: StatsProvider: getPIDStats() 119: sendRecvData returned error = -4
07-28 14:18:57.861   794  3757 E ANDR-PERF-LM: StatsProvider: stats_nl_error_callback() 110: NL SOC receive error: No such process
07-28 14:18:57.861   794  3757 E ANDR-PERF-LM: StatsProvider: sendRecvData() 267: nl_recvmsgs failed return=-12
07-28 14:18:57.862   794  3757 E ANDR-PERF-LM: StatsProvider: getPIDStats() 119: sendRecvData returned error = -4
07-28 14:18:58.163   794  3757 E ANDR-PERF-LM: StatsProvider: stats_nl_error_callback() 110: NL SOC receive error: No such process
07-28 14:18:58.163   794  3757 E ANDR-PERF-LM: StatsProvider: sendRecvData() 267: nl_recvmsgs failed return=-12
07-28 14:18:58.163   794  3757 E ANDR-PERF-LM: StatsProvider: getPIDStats() 119: sendRecvData returned error = -4
07-28 14:18:58.466   794  3757 E ANDR-PERF-LM: StatsProvider: stats_nl_error_callback() 110: NL SOC receive error: No such process
07-28 14:18:58.466   794  3757 E ANDR-PERF-LM: StatsProvider: sendRecvData() 267: nl_recvmsgs failed return=-12
07-28 14:18:58.466   794  3757 E ANDR-PERF-LM: StatsProvider: getPIDStats() 119: sendRecvData returned error = -4
07-28 14:18:58.767   794  3757 E ANDR-PERF-LM: StatsProvider: stats_nl_error_callback() 110: NL SOC receive error: No such process
07-28 14:18:58.767   794  3757 E ANDR-PERF-LM: StatsProvider: sendRecvData() 267: nl_recvmsgs failed return=-12
07-28 14:18:58.767   794  3757 E ANDR-PERF-LM: StatsProvider: getPIDStats() 119: sendRecvData returned error = -4
07-28 14:18:59.069   794  3757 E ANDR-PERF-LM: StatsProvider: stats_nl_error_callback() 110: NL SOC receive error: No such process
07-28 14:18:59.069   794  3757 E ANDR-PERF-LM: StatsProvider: sendRecvData() 267: nl_recvmsgs failed return=-12
07-28 14:18:59.069   794  3757 E ANDR-PERF-LM: StatsProvider: getPIDStats() 119: sendRecvData returned error = -4
07-28 14:18:59.071  1771  2451 I MiuiNetworkPolicy: bandwidth: 8 KB/s, Max bandwidth: 8002 KB/s
07-28 14:18:59.371   794  3757 E ANDR-PERF-LM: StatsProvider: stats_nl_error_callback() 110: NL SOC receive error: No such process
07-28 14:18:59.371   794  3757 E ANDR-PERF-LM: StatsProvider: sendRecvData() 267: nl_recvmsgs failed return=-12
07-28 14:18:59.371   794  3757 E ANDR-PERF-LM: StatsProvider: getPIDStats() 119: sendRecvData returned error = -4
07-28 14:18:59.672   794  3757 E ANDR-PERF-LM: StatsProvider: stats_nl_error_callback() 110: NL SOC receive error: No such process
07-28 14:18:59.672   794  3757 E ANDR-PERF-LM: StatsProvider: sendRecvData() 267: nl_recvmsgs failed return=-12
07-28 14:18:59.672   794  3757 E ANDR-PERF-LM: StatsProvider: getPIDStats() 119: sendRecvData returned error = -4
07-28 14:18:59.974   794  3757 E ANDR-PERF-LM: StatsProvider: stats_nl_error_callback() 110: NL SOC receive error: No such process
07-28 14:18:59.975   794  3757 E ANDR-PERF-LM: StatsProvider: sendRecvData() 267: nl_recvmsgs failed return=-12
07-28 14:18:59.975   794  3757 E ANDR-PERF-LM: StatsProvider: getPIDStats() 119: sendRecvData returned error = -4
07-28 14:19:00.005  2542  2542 D KeyguardUpdateMonitor: handleTimeUpdate
07-28 14:19:00.276   794  3757 E ANDR-PERF-LM: StatsProvider: stats_nl_error_callback() 110: NL SOC receive error: No such process
07-28 14:19:00.276   794  3757 E ANDR-PERF-LM: StatsProvider: sendRecvData() 267: nl_recvmsgs failed return=-12
07-28 14:19:00.276   794  3757 E ANDR-PERF-LM: StatsProvider: getPIDStats() 119: sendRecvData returned error = -4
07-28 14:19:00.577   794  3757 E ANDR-PERF-LM: StatsProvider: stats_nl_error_callback() 110: NL SOC receive error: No such process
07-28 14:19:00.577   794  3757 E ANDR-PERF-LM: StatsProvider: sendRecvData() 267: nl_recvmsgs failed return=-12
07-28 14:19:00.578   794  3757 E ANDR-PERF-LM: StatsProvider: getPIDStats() 119: sendRecvData returned error = -4
07-28 14:19:00.880   794  3757 E ANDR-PERF-LM: StatsProvider: stats_nl_error_callback() 110: NL SOC receive error: No such process
07-28 14:19:00.880   794  3757 E ANDR-PERF-LM: StatsProvider: sendRecvData() 267: nl_recvmsgs failed return=-12
07-28 14:19:00.880   794  3757 E ANDR-PERF-LM: StatsProvider: getPIDStats() 119: sendRecvData returned error = -4
07-28 14:19:01.181   794  3757 E ANDR-PERF-LM: StatsProvider: stats_nl_error_callback() 110: NL SOC receive error: No such process
07-28 14:19:01.182   794  3757 E ANDR-PERF-LM: StatsProvider: sendRecvData() 267: nl_recvmsgs failed return=-12
07-28 14:19:01.194   794  3757 E ANDR-PERF-LM: StatsProvider: getPIDStats() 119: sendRecvData returned error = -4
07-28 14:19:01.204  2542  2542 D KeyguardUpdateMonitor: received broadcast android.intent.action.BATTERY_CHANGED
07-28 14:19:01.204  2800  2800 D QtiCarrierConfigHelper: WARNING, no carrier configs on phone Id: 0
07-28 14:19:01.206  5269  5728 D PowerCheckerService: onBatteryChanged, mBatteryLevel = 100, status = 5, level = 100, plug = 2, scale = 100
07-28 14:19:01.206  2800  2800 D DeviceStatisticsService: Received intent android.intent.action.BATTERY_CHANGED
07-28 14:19:01.208  2800  2800 D DeviceStatisticsService: chargerType=2 batteryLevel=100 totalBatteryCapacity=4122000
07-28 14:19:01.208  2800  2800 E DeviceInfoHidlClient: processBatteryInfo:2 100 4122000
07-28 14:19:01.208  2800  2800 D DeviceInfoHidlClient: isBatteryInfoValid()=true
07-28 14:19:01.208  2800  2800 D DeviceInfoHidlClient: isPowerInfoNeverSent()=true
07-28 14:19:01.208  2800  2800 D DeviceInfoHidlClient: getPowerInfoSupportStatus()=-1
07-28 14:19:01.211   650   650 I BatteryInfoReceiver: ACTION_BATTERY_CHANGED
07-28 14:19:01.495   794  3757 E ANDR-PERF-LM: StatsProvider: stats_nl_error_callback() 110: NL SOC receive error: No such process
07-28 14:19:01.495   794  3757 E ANDR-PERF-LM: StatsProvider: sendRecvData() 267: nl_recvmsgs failed return=-12
07-28 14:19:01.495   794  3757 E ANDR-PERF-LM: StatsProvider: getPIDStats() 119: sendRecvData returned error = -4
07-28 14:19:01.798   794  3757 E ANDR-PERF-LM: StatsProvider: stats_nl_error_callback() 110: NL SOC receive error: No such process
07-28 14:19:01.798   794  3757 E ANDR-PERF-LM: StatsProvider: sendRecvData() 267: nl_recvmsgs failed return=-12
07-28 14:19:01.798   794  3757 E ANDR-PERF-LM: StatsProvider: getPIDStats() 119: sendRecvData returned error = -4
07-28 14:19:02.077  1771  2451 I MiuiNetworkPolicy: bandwidth: 5 KB/s, Max bandwidth: 8002 KB/s
07-28 14:19:02.099   794  3757 E ANDR-PERF-LM: StatsProvider: stats_nl_error_callback() 110: NL SOC receive error: No such process
07-28 14:19:02.099   794  3757 E ANDR-PERF-LM: StatsProvider: sendRecvData() 267: nl_recvmsgs failed return=-12
07-28 14:19:02.099   794  3757 E ANDR-PERF-LM: StatsProvider: getPIDStats() 119: sendRecvData returned error = -4
07-28 14:19:02.400   794  3757 E ANDR-PERF-LM: StatsProvider: stats_nl_error_callback() 110: NL SOC receive error: No such process
07-28 14:19:02.400   794  3757 E ANDR-PERF-LM: StatsProvider: sendRecvData() 267: nl_recvmsgs failed return=-12
07-28 14:19:02.400   794  3757 E ANDR-PERF-LM: StatsProvider: getPIDStats() 119: sendRecvData returned error = -4
07-28 14:19:02.702   794  3757 E ANDR-PERF-LM: StatsProvider: stats_nl_error_callback() 110: NL SOC receive error: No such process
07-28 14:19:02.702   794  3757 E ANDR-PERF-LM: StatsProvider: sendRecvData() 267: nl_recvmsgs failed return=-12
07-28 14:19:02.702   794  3757 E ANDR-PERF-LM: StatsProvider: getPIDStats() 119: sendRecvData returned error = -4
07-28 14:19:03.004   794  3757 E ANDR-PERF-LM: StatsProvider: stats_nl_error_callback() 110: NL SOC receive error: No such process
07-28 14:19:03.004   794  3757 E ANDR-PERF-LM: StatsProvider: sendRecvData() 267: nl_recvmsgs failed return=-12
07-28 14:19:03.004   794  3757 E ANDR-PERF-LM: StatsProvider: getPIDStats() 119: sendRecvData returned error = -4
07-28 14:19:03.307   794  3757 E ANDR-PERF-LM: StatsProvider: stats_nl_error_callback() 110: NL SOC receive error: No such process
07-28 14:19:03.307   794  3757 E ANDR-PERF-LM: StatsProvider: sendRecvData() 267: nl_recvmsgs failed return=-12
07-28 14:19:03.307   794  3757 E ANDR-PERF-LM: StatsProvider: getPIDStats() 119: sendRecvData returned error = -4
07-28 14:19:03.609   794  3757 E ANDR-PERF-LM: StatsProvider: stats_nl_error_callback() 110: NL SOC receive error: No such process
07-28 14:19:03.609   794  3757 E ANDR-PERF-LM: StatsProvider: sendRecvData() 267: nl_recvmsgs failed return=-12
07-28 14:19:03.610   794  3757 E ANDR-PERF-LM: StatsProvider: getPIDStats() 119: sendRecvData returned error = -4
07-28 14:19:03.912   794  3757 E ANDR-PERF-LM: StatsProvider: stats_nl_error_callback() 110: NL SOC receive error: No such process
07-28 14:19:03.912   794  3757 E ANDR-PERF-LM: StatsProvider: sendRecvData() 267: nl_recvmsgs failed return=-12
07-28 14:19:03.912   794  3757 E ANDR-PERF-LM: StatsProvider: getPIDStats() 119: sendRecvData returned error = -4
07-28 14:19:04.213   794  3757 E ANDR-PERF-LM: StatsProvider: stats_nl_error_callback() 110: NL SOC receive error: No such process
07-28 14:19:04.213   794  3757 E ANDR-PERF-LM: StatsProvider: sendRecvData() 267: nl_recvmsgs failed return=-12
07-28 14:19:04.216   794  3757 E ANDR-PERF-LM: StatsProvider: getPIDStats() 119: sendRecvData returned error = -4
07-28 14:19:04.518   794  3757 E ANDR-PERF-LM: StatsProvider: stats_nl_error_callback() 110: NL SOC receive error: No such process
07-28 14:19:04.518   794  3757 E ANDR-PERF-LM: StatsProvider: sendRecvData() 267: nl_recvmsgs failed return=-12
07-28 14:19:04.518   794  3757 E ANDR-PERF-LM: StatsProvider: getPIDStats() 119: sendRecvData returned error = -4
07-28 14:19:04.820   794  3757 E ANDR-PERF-LM: StatsProvider: stats_nl_error_callback() 110: NL SOC receive error: No such process
07-28 14:19:04.820   794  3757 E ANDR-PERF-LM: StatsProvider: sendRecvData() 267: nl_recvmsgs failed return=-12
07-28 14:19:04.820   794  3757 E ANDR-PERF-LM: StatsProvider: getPIDStats() 119: sendRecvData returned error = -4
07-28 14:19:05.083  1771  2451 I MiuiNetworkPolicy: bandwidth: 1 KB/s, Max bandwidth: 8002 KB/s
07-28 14:19:05.123   794  3757 E ANDR-PERF-LM: StatsProvider: stats_nl_error_callback() 110: NL SOC receive error: No such process
07-28 14:19:05.123   794  3757 E ANDR-PERF-LM: StatsProvider: sendRecvData() 267: nl_recvmsgs failed return=-12
07-28 14:19:05.123   794  3757 E ANDR-PERF-LM: StatsProvider: getPIDStats() 119: sendRecvData returned error = -4
07-28 14:19:05.425   794  3757 E ANDR-PERF-LM: StatsProvider: stats_nl_error_callback() 110: NL SOC receive error: No such process
07-28 14:19:05.426   794  3757 E ANDR-PERF-LM: StatsProvider: sendRecvData() 267: nl_recvmsgs failed return=-12
07-28 14:19:05.426   794  3757 E ANDR-PERF-LM: StatsProvider: getPIDStats() 119: sendRecvData returned error = -4
07-28 14:19:05.726   794  3757 E ANDR-PERF-LM: StatsProvider: stats_nl_error_callback() 110: NL SOC receive error: No such process
07-28 14:19:05.727   794  3757 E ANDR-PERF-LM: StatsProvider: sendRecvData() 267: nl_recvmsgs failed return=-12
07-28 14:19:05.727   794  3757 E ANDR-PERF-LM: StatsProvider: getPIDStats() 119: sendRecvData returned error = -4
07-28 14:19:06.028   794  3757 E ANDR-PERF-LM: StatsProvider: stats_nl_error_callback() 110: NL SOC receive error: No such process
07-28 14:19:06.028   794  3757 E ANDR-PERF-LM: StatsProvider: sendRecvData() 267: nl_recvmsgs failed return=-12
07-28 14:19:06.028   794  3757 E ANDR-PERF-LM: StatsProvider: getPIDStats() 119: sendRecvData returned error = -4
07-28 14:19:06.331   794  3757 E ANDR-PERF-LM: StatsProvider: stats_nl_error_callback() 110: NL SOC receive error: No such process
07-28 14:19:06.331   794  3757 E ANDR-PERF-LM: StatsProvider: sendRecvData() 267: nl_recvmsgs failed return=-12
07-28 14:19:06.331   794  3757 E ANDR-PERF-LM: StatsProvider: getPIDStats() 119: sendRecvData returned error = -4
07-28 14:19:06.633   794  3757 E ANDR-PERF-LM: StatsProvider: stats_nl_error_callback() 110: NL SOC receive error: No such process
07-28 14:19:06.633   794  3757 E ANDR-PERF-LM: StatsProvider: sendRecvData() 267: nl_recvmsgs failed return=-12
07-28 14:19:06.634   794  3757 E ANDR-PERF-LM: StatsProvider: getPIDStats() 119: sendRecvData returned error = -4
07-28 14:19:06.936   794  3757 E ANDR-PERF-LM: StatsProvider: stats_nl_error_callback() 110: NL SOC receive error: No such process
07-28 14:19:06.936   794  3757 E ANDR-PERF-LM: StatsProvider: sendRecvData() 267: nl_recvmsgs failed return=-12
07-28 14:19:06.936   794  3757 E ANDR-PERF-LM: StatsProvider: getPIDStats() 119: sendRecvData returned error = -4
07-28 14:19:07.238   794  3757 E ANDR-PERF-LM: StatsProvider: stats_nl_error_callback() 110: NL SOC receive error: No such process
07-28 14:19:07.238   794  3757 E ANDR-PERF-LM: StatsProvider: sendRecvData() 267: nl_recvmsgs failed return=-12
07-28 14:19:07.238   794  3757 E ANDR-PERF-LM: StatsProvider: getPIDStats() 119: sendRecvData returned error = -4
07-28 14:19:07.540   794  3757 E ANDR-PERF-LM: StatsProvider: stats_nl_error_callback() 110: NL SOC receive error: No such process
07-28 14:19:07.541   794  3757 E ANDR-PERF-LM: StatsProvider: sendRecvData() 267: nl_recvmsgs failed return=-12
07-28 14:19:07.541   794  3757 E ANDR-PERF-LM: StatsProvider: getPIDStats() 119: sendRecvData returned error = -4
07-28 14:19:07.843   794  3757 E ANDR-PERF-LM: StatsProvider: stats_nl_error_callback() 110: NL SOC receive error: No such process
07-28 14:19:07.843   794  3757 E ANDR-PERF-LM: StatsProvider: sendRecvData() 267: nl_recvmsgs failed return=-12
07-28 14:19:07.843   794  3757 E ANDR-PERF-LM: StatsProvider: getPIDStats() 119: sendRecvData returned error = -4
07-28 14:19:08.090  1771  2451 I MiuiNetworkPolicy: bandwidth: 1 KB/s, Max bandwidth: 8002 KB/s
07-28 14:19:08.144   794  3757 E ANDR-PERF-LM: StatsProvider: stats_nl_error_callback() 110: NL SOC receive error: No such process
07-28 14:19:08.144   794  3757 E ANDR-PERF-LM: StatsProvider: sendRecvData() 267: nl_recvmsgs failed return=-12
07-28 14:19:08.145   794  3757 E ANDR-PERF-LM: StatsProvider: getPIDStats() 119: sendRecvData returned error = -4
07-28 14:19:08.445   794  3757 E ANDR-PERF-LM: StatsProvider: stats_nl_error_callback() 110: NL SOC receive error: No such process
07-28 14:19:08.445   794  3757 E ANDR-PERF-LM: StatsProvider: sendRecvData() 267: nl_recvmsgs failed return=-12
07-28 14:19:08.446   794  3757 E ANDR-PERF-LM: StatsProvider: getPIDStats() 119: sendRecvData returned error = -4
07-28 14:19:08.747   794  3757 E ANDR-PERF-LM: StatsProvider: stats_nl_error_callback() 110: NL SOC receive error: No such process
07-28 14:19:08.747   794  3757 E ANDR-PERF-LM: StatsProvider: sendRecvData() 267: nl_recvmsgs failed return=-12
07-28 14:19:08.748   794  3757 E ANDR-PERF-LM: StatsProvider: getPIDStats() 119: sendRecvData returned error = -4
07-28 14:19:09.049   794  3757 E ANDR-PERF-LM: StatsProvider: stats_nl_error_callback() 110: NL SOC receive error: No such process
07-28 14:19:09.049   794  3757 E ANDR-PERF-LM: StatsProvider: sendRecvData() 267: nl_recvmsgs failed return=-12
07-28 14:19:09.049   794  3757 E ANDR-PERF-LM: StatsProvider: getPIDStats() 119: sendRecvData returned error = -4
07-28 14:19:09.352   794  3757 E ANDR-PERF-LM: StatsProvider: stats_nl_error_callback() 110: NL SOC receive error: No such process
07-28 14:19:09.352   794  3757 E ANDR-PERF-LM: StatsProvider: sendRecvData() 267: nl_recvmsgs failed return=-12
07-28 14:19:09.352   794  3757 E ANDR-PERF-LM: StatsProvider: getPIDStats() 119: sendRecvData returned error = -4
07-28 14:19:09.493 17520 17574 I vendor.qti.bluetooth@1.0-ibs_handler: ProcessIbsCmd: Received IBS_WAKE_IND: 0xFD
07-28 14:19:09.493 17520 17574 D vendor.qti.bluetooth@1.0-ibs_handler: SerialClockVote: vote for UART CLK ON
07-28 14:19:09.494 17520 17574 D vendor.qti.bluetooth@1.0-wake_lock: Acquire wakelock is acquired 
07-28 14:19:09.494 17520 17574 I vendor.qti.bluetooth@1.0-ibs_handler: ProcessIbsCmd: Writing IBS_WAKE_ACK
07-28 14:19:09.497 17522 17577 V bt_stack: [VERBOSE1:btm_ble_gap.cc(1923)] btm_ble_process_ext_adv_pkt: bda=78:a7:eb:22:8f:01
07-28 14:19:09.498 17522 17577 V bt_stack: [VERBOSE1:btm_ble_gap.cc(1847)] btm_ble_process_adv_addr: bda=78:a7:eb:22:8f:01
07-28 14:19:09.498 17522 17577 V bt_stack: [VERBOSE1:btm_ble_gap.cc(2052)]  Waiting for scan response 78:a7:eb:22:8f:01
07-28 14:19:09.498 17522 17577 V bt_stack: [VERBOSE1:btm_ble_gap.cc(1923)] btm_ble_process_ext_adv_pkt: bda=78:a7:eb:22:8f:01
07-28 14:19:09.498 17522 17577 V bt_stack: [VERBOSE1:btm_ble_gap.cc(1847)] btm_ble_process_adv_addr: bda=78:a7:eb:22:8f:01
07-28 14:19:09.503 17522 17556 D BluetoothUtils: blockedByLocationOff callingUid=1002
07-28 14:19:09.505 17522 17556 I BluetoothUtils: packagename is android.uid.bluetooth:1002 ,and its permission is false
07-28 14:19:09.507 20961 20982 D MiuiFastConnectService: handleMessage: what: 11, msg.arg1: 1, msg.arg2: 0
07-28 14:19:09.508 20961 20982 D MiuiFastConnectService: current device: 00:00:00:9C:DA:4A, peer device: 00:00:00:9E:4A:6F, connect able device: 00:00:00:00:00:00
07-28 14:19:09.509 20961 20982 D MiuiFastConnectService: scanCallback: data=[4D,15,89,01,6E,64,64,30,A7,3D,3E,A7,78,EB,6F,4A,9E,8E,A7,78,EB,4A,DA,9C,00,00,00,], rssi: -65
07-28 14:19:09.514 20961 20982 E MiuiFastConnectService: Pre check headset connected
07-28 14:19:09.514 20961 20982 E MiuiFastConnectService: Clear Current Device All Info
07-28 14:19:09.577 17520 17574 I vendor.qti.bluetooth@1.0-ibs_handler: ProcessIbsCmd: Received IBS_SLEEP_IND: 0xFE
07-28 14:19:09.577 17520 17574 D vendor.qti.bluetooth@1.0-ibs_handler: SerialClockVote: vote for UART CLK OFF
07-28 14:19:09.653   794  3757 E ANDR-PERF-LM: StatsProvider: stats_nl_error_callback() 110: NL SOC receive error: No such process
07-28 14:19:09.653   794  3757 E ANDR-PERF-LM: StatsProvider: sendRecvData() 267: nl_recvmsgs failed return=-12
07-28 14:19:09.653   794  3757 E ANDR-PERF-LM: StatsProvider: getPIDStats() 119: sendRecvData returned error = -4
07-28 14:19:09.729 17520 17571 D vendor.qti.bluetooth@1.0-wake_lock: Release wakelock is released 
07-28 14:19:09.956   794  3757 E ANDR-PERF-LM: StatsProvider: stats_nl_error_callback() 110: NL SOC receive error: No such process
07-28 14:19:09.956   794  3757 E ANDR-PERF-LM: StatsProvider: sendRecvData() 267: nl_recvmsgs failed return=-12
07-28 14:19:09.956   794  3757 E ANDR-PERF-LM: StatsProvider: getPIDStats() 119: sendRecvData returned error = -4
07-28 14:19:10.257   794  3757 E ANDR-PERF-LM: StatsProvider: stats_nl_error_callback() 110: NL SOC receive error: No such process
07-28 14:19:10.257   794  3757 E ANDR-PERF-LM: StatsProvider: sendRecvData() 267: nl_recvmsgs failed return=-12
07-28 14:19:10.257   794  3757 E ANDR-PERF-LM: StatsProvider: getPIDStats() 119: sendRecvData returned error = -4
07-28 14:19:10.560   794  3757 E ANDR-PERF-LM: StatsProvider: stats_nl_error_callback() 110: NL SOC receive error: No such process
07-28 14:19:10.560   794  3757 E ANDR-PERF-LM: StatsProvider: sendRecvData() 267: nl_recvmsgs failed return=-12
07-28 14:19:10.560   794  3757 E ANDR-PERF-LM: StatsProvider: getPIDStats() 119: sendRecvData returned error = -4
07-28 14:19:10.862   794  3757 E ANDR-PERF-LM: StatsProvider: stats_nl_error_callback() 110: NL SOC receive error: No such process
07-28 14:19:10.863   794  3757 E ANDR-PERF-LM: StatsProvider: sendRecvData() 267: nl_recvmsgs failed return=-12
07-28 14:19:10.863   794  3757 E ANDR-PERF-LM: StatsProvider: getPIDStats() 119: sendRecvData returned error = -4
07-28 14:19:11.096  1771  2451 I MiuiNetworkPolicy: bandwidth: 4 KB/s, Max bandwidth: 8002 KB/s
07-28 14:19:11.166   794  3757 E ANDR-PERF-LM: StatsProvider: stats_nl_error_callback() 110: NL SOC receive error: No such process
07-28 14:19:11.166   794  3757 E ANDR-PERF-LM: StatsProvider: sendRecvData() 267: nl_recvmsgs failed return=-12
07-28 14:19:11.166   794  3757 E ANDR-PERF-LM: StatsProvider: getPIDStats() 119: sendRecvData returned error = -4
07-28 14:19:11.468   794  3757 E ANDR-PERF-LM: StatsProvider: stats_nl_error_callback() 110: NL SOC receive error: No such process
07-28 14:19:11.468   794  3757 E ANDR-PERF-LM: StatsProvider: sendRecvData() 267: nl_recvmsgs failed return=-12
07-28 14:19:11.468   794  3757 E ANDR-PERF-LM: StatsProvider: getPIDStats() 119: sendRecvData returned error = -4
07-28 14:19:11.771   794  3757 E ANDR-PERF-LM: StatsProvider: stats_nl_error_callback() 110: NL SOC receive error: No such process
07-28 14:19:11.771   794  3757 E ANDR-PERF-LM: StatsProvider: sendRecvData() 267: nl_recvmsgs failed return=-12
07-28 14:19:11.771   794  3757 E ANDR-PERF-LM: StatsProvider: getPIDStats() 119: sendRecvData returned error = -4
07-28 14:19:12.072   794  3757 E ANDR-PERF-LM: StatsProvider: stats_nl_error_callback() 110: NL SOC receive error: No such process
07-28 14:19:12.072   794  3757 E ANDR-PERF-LM: StatsProvider: sendRecvData() 267: nl_recvmsgs failed return=-12
07-28 14:19:12.072   794  3757 E ANDR-PERF-LM: StatsProvider: getPIDStats() 119: sendRecvData returned error = -4
07-28 14:19:12.374   794  3757 E ANDR-PERF-LM: StatsProvider: stats_nl_error_callback() 110: NL SOC receive error: No such process
07-28 14:19:12.375   794  3757 E ANDR-PERF-LM: StatsProvider: sendRecvData() 267: nl_recvmsgs failed return=-12
07-28 14:19:12.375   794  3757 E ANDR-PERF-LM: StatsProvider: getPIDStats() 119: sendRecvData returned error = -4
07-28 14:19:12.676   794  3757 E ANDR-PERF-LM: StatsProvider: stats_nl_error_callback() 110: NL SOC receive error: No such process
07-28 14:19:12.676   794  3757 E ANDR-PERF-LM: StatsProvider: sendRecvData() 267: nl_recvmsgs failed return=-12
07-28 14:19:12.676   794  3757 E ANDR-PERF-LM: StatsProvider: getPIDStats() 119: sendRecvData returned error = -4
07-28 14:19:12.978   794  3757 E ANDR-PERF-LM: StatsProvider: stats_nl_error_callback() 110: NL SOC receive error: No such process
07-28 14:19:12.978   794  3757 E ANDR-PERF-LM: StatsProvider: sendRecvData() 267: nl_recvmsgs failed return=-12
07-28 14:19:12.978   794  3757 E ANDR-PERF-LM: StatsProvider: getPIDStats() 119: sendRecvData returned error = -4
07-28 14:19:13.280   794  3757 E ANDR-PERF-LM: StatsProvider: stats_nl_error_callback() 110: NL SOC receive error: No such process
07-28 14:19:13.280   794  3757 E ANDR-PERF-LM: StatsProvider: sendRecvData() 267: nl_recvmsgs failed return=-12
07-28 14:19:13.280   794  3757 E ANDR-PERF-LM: StatsProvider: getPIDStats() 119: sendRecvData returned error = -4
07-28 14:19:13.582   794  3757 E ANDR-PERF-LM: StatsProvider: stats_nl_error_callback() 110: NL SOC receive error: No such process
07-28 14:19:13.582   794  3757 E ANDR-PERF-LM: StatsProvider: sendRecvData() 267: nl_recvmsgs failed return=-12
07-28 14:19:13.582   794  3757 E ANDR-PERF-LM: StatsProvider: getPIDStats() 119: sendRecvData returned error = -4
07-28 14:19:13.883   794  3757 E ANDR-PERF-LM: StatsProvider: stats_nl_error_callback() 110: NL SOC receive error: No such process
07-28 14:19:13.883   794  3757 E ANDR-PERF-LM: StatsProvider: sendRecvData() 267: nl_recvmsgs failed return=-12
07-28 14:19:13.883   794  3757 E ANDR-PERF-LM: StatsProvider: getPIDStats() 119: sendRecvData returned error = -4
07-28 14:19:14.102  1771  2451 I MiuiNetworkPolicy: bandwidth: 3 KB/s, Max bandwidth: 8002 KB/s
07-28 14:19:14.184   794  3757 E ANDR-PERF-LM: StatsProvider: stats_nl_error_callback() 110: NL SOC receive error: No such process
07-28 14:19:14.184   794  3757 E ANDR-PERF-LM: StatsProvider: sendRecvData() 267: nl_recvmsgs failed return=-12
07-28 14:19:14.184   794  3757 E ANDR-PERF-LM: StatsProvider: getPIDStats() 119: sendRecvData returned error = -4
07-28 14:19:14.485   794  3757 E ANDR-PERF-LM: StatsProvider: stats_nl_error_callback() 110: NL SOC receive error: No such process
07-28 14:19:14.486   794  3757 E ANDR-PERF-LM: StatsProvider: sendRecvData() 267: nl_recvmsgs failed return=-12
07-28 14:19:14.486   794  3757 E ANDR-PERF-LM: StatsProvider: getPIDStats() 119: sendRecvData returned error = -4
07-28 14:19:14.788   794  3757 E ANDR-PERF-LM: StatsProvider: stats_nl_error_callback() 110: NL SOC receive error: No such process
07-28 14:19:14.788   794  3757 E ANDR-PERF-LM: StatsProvider: sendRecvData() 267: nl_recvmsgs failed return=-12
07-28 14:19:14.788   794  3757 E ANDR-PERF-LM: StatsProvider: getPIDStats() 119: sendRecvData returned error = -4
07-28 14:19:15.089   794  3757 E ANDR-PERF-LM: StatsProvider: stats_nl_error_callback() 110: NL SOC receive error: No such process
07-28 14:19:15.089   794  3757 E ANDR-PERF-LM: StatsProvider: sendRecvData() 267: nl_recvmsgs failed return=-12
07-28 14:19:15.090   794  3757 E ANDR-PERF-LM: StatsProvider: getPIDStats() 119: sendRecvData returned error = -4
07-28 14:19:15.392   794  3757 E ANDR-PERF-LM: StatsProvider: stats_nl_error_callback() 110: NL SOC receive error: No such process
07-28 14:19:15.392   794  3757 E ANDR-PERF-LM: StatsProvider: sendRecvData() 267: nl_recvmsgs failed return=-12
07-28 14:19:15.392   794  3757 E ANDR-PERF-LM: StatsProvider: getPIDStats() 119: sendRecvData returned error = -4
07-28 14:19:15.694   794  3757 E ANDR-PERF-LM: StatsProvider: stats_nl_error_callback() 110: NL SOC receive error: No such process
07-28 14:19:15.694   794  3757 E ANDR-PERF-LM: StatsProvider: sendRecvData() 267: nl_recvmsgs failed return=-12
07-28 14:19:15.694   794  3757 E ANDR-PERF-LM: StatsProvider: getPIDStats() 119: sendRecvData returned error = -4
07-28 14:19:15.995   794  3757 E ANDR-PERF-LM: StatsProvider: stats_nl_error_callback() 110: NL SOC receive error: No such process
07-28 14:19:15.996   794  3757 E ANDR-PERF-LM: StatsProvider: sendRecvData() 267: nl_recvmsgs failed return=-12
07-28 14:19:15.996   794  3757 E ANDR-PERF-LM: StatsProvider: getPIDStats() 119: sendRecvData returned error = -4
07-28 14:19:16.298   794  3757 E ANDR-PERF-LM: StatsProvider: stats_nl_error_callback() 110: NL SOC receive error: No such process
07-28 14:19:16.298   794  3757 E ANDR-PERF-LM: StatsProvider: sendRecvData() 267: nl_recvmsgs failed return=-12
07-28 14:19:16.298   794  3757 E ANDR-PERF-LM: StatsProvider: getPIDStats() 119: sendRecvData returned error = -4
07-28 14:19:16.599   794  3757 E ANDR-PERF-LM: StatsProvider: stats_nl_error_callback() 110: NL SOC receive error: No such process
07-28 14:19:16.600   794  3757 E ANDR-PERF-LM: StatsProvider: sendRecvData() 267: nl_recvmsgs failed return=-12
07-28 14:19:16.600   794  3757 E ANDR-PERF-LM: StatsProvider: getPIDStats() 119: sendRecvData returned error = -4
07-28 14:19:16.901   794  3757 E ANDR-PERF-LM: StatsProvider: stats_nl_error_callback() 110: NL SOC receive error: No such process
07-28 14:19:16.901   794  3757 E ANDR-PERF-LM: StatsProvider: sendRecvData() 267: nl_recvmsgs failed return=-12
07-28 14:19:16.901   794  3757 E ANDR-PERF-LM: StatsProvider: getPIDStats() 119: sendRecvData returned error = -4
07-28 14:19:17.109  1771  2451 I MiuiNetworkPolicy: bandwidth: 10 KB/s, Max bandwidth: 8002 KB/s
07-28 14:19:17.203   794  3757 E ANDR-PERF-LM: StatsProvider: stats_nl_error_callback() 110: NL SOC receive error: No such process
07-28 14:19:17.203   794  3757 E ANDR-PERF-LM: StatsProvider: sendRecvData() 267: nl_recvmsgs failed return=-12
07-28 14:19:17.203   794  3757 E ANDR-PERF-LM: StatsProvider: getPIDStats() 119: sendRecvData returned error = -4
07-28 14:19:17.506   794  3757 E ANDR-PERF-LM: StatsProvider: stats_nl_error_callback() 110: NL SOC receive error: No such process
07-28 14:19:17.506   794  3757 E ANDR-PERF-LM: StatsProvider: sendRecvData() 267: nl_recvmsgs failed return=-12
07-28 14:19:17.506   794  3757 E ANDR-PERF-LM: StatsProvider: getPIDStats() 119: sendRecvData returned error = -4
07-28 14:19:17.809   794  3757 E ANDR-PERF-LM: StatsProvider: stats_nl_error_callback() 110: NL SOC receive error: No such process
07-28 14:19:17.809   794  3757 E ANDR-PERF-LM: StatsProvider: sendRecvData() 267: nl_recvmsgs failed return=-12
07-28 14:19:17.809   794  3757 E ANDR-PERF-LM: StatsProvider: getPIDStats() 119: sendRecvData returned error = -4
07-28 14:19:18.076   659 22574 D OemNetd : setLimit: disable, rate=0
07-28 14:19:18.112   794  3757 E ANDR-PERF-LM: StatsProvider: stats_nl_error_callback() 110: NL SOC receive error: No such process
07-28 14:19:18.112   794  3757 E ANDR-PERF-LM: StatsProvider: sendRecvData() 267: nl_recvmsgs failed return=-12
07-28 14:19:18.112   794  3757 E ANDR-PERF-LM: StatsProvider: getPIDStats() 119: sendRecvData returned error = -4
07-28 14:19:18.415   794  3757 E ANDR-PERF-LM: StatsProvider: stats_nl_error_callback() 110: NL SOC receive error: No such process
07-28 14:19:18.415   794  3757 E ANDR-PERF-LM: StatsProvider: sendRecvData() 267: nl_recvmsgs failed return=-12
07-28 14:19:18.415   794  3757 E ANDR-PERF-LM: StatsProvider: getPIDStats() 119: sendRecvData returned error = -4
07-28 14:19:18.717   794  3757 E ANDR-PERF-LM: StatsProvider: stats_nl_error_callback() 110: NL SOC receive error: No such process
07-28 14:19:18.718   794  3757 E ANDR-PERF-LM: StatsProvider: sendRecvData() 267: nl_recvmsgs failed return=-12
07-28 14:19:18.718   794  3757 E ANDR-PERF-LM: StatsProvider: getPIDStats() 119: sendRecvData returned error = -4
07-28 14:19:19.020   794  3757 E ANDR-PERF-LM: StatsProvider: stats_nl_error_callback() 110: NL SOC receive error: No such process
07-28 14:19:19.021   794  3757 E ANDR-PERF-LM: StatsProvider: sendRecvData() 267: nl_recvmsgs failed return=-12
07-28 14:19:19.021   794  3757 E ANDR-PERF-LM: StatsProvider: getPIDStats() 119: sendRecvData returned error = -4
07-28 14:19:19.323   794  3757 E ANDR-PERF-LM: StatsProvider: stats_nl_error_callback() 110: NL SOC receive error: No such process
07-28 14:19:19.323   794  3757 E ANDR-PERF-LM: StatsProvider: sendRecvData() 267: nl_recvmsgs failed return=-12
07-28 14:19:19.323   794  3757 E ANDR-PERF-LM: StatsProvider: getPIDStats() 119: sendRecvData returned error = -4
07-28 14:19:19.587  1771  2448 D NtpTrustedTime: currentTimeMillis() cache hit
07-28 14:19:19.589   659 22574 I netd    : trafficSwapActiveStatsMap() <0.66ms>
07-28 14:19:19.596   659 22574 I netd    : tetherGetStats() <3.67ms>
07-28 14:19:19.624   794  3757 E ANDR-PERF-LM: StatsProvider: stats_nl_error_callback() 110: NL SOC receive error: No such process
07-28 14:19:19.624   794  3757 E ANDR-PERF-LM: StatsProvider: sendRecvData() 267: nl_recvmsgs failed return=-12
07-28 14:19:19.624   794  3757 E ANDR-PERF-LM: StatsProvider: getPIDStats() 119: sendRecvData returned error = -4
07-28 14:19:19.630  1771  2448 D NtpTrustedTime: currentTimeMillis() cache hit
07-28 14:19:19.638   650   850 I TrafficManageService: mina mTrafficStatsReceiver onReceive
07-28 14:19:19.639   659 22574 I netd    : bandwidthSetGlobalAlert(131072) <0.22ms>
07-28 14:19:19.925   794  3757 E ANDR-PERF-LM: StatsProvider: stats_nl_error_callback() 110: NL SOC receive error: No such process
07-28 14:19:19.925   794  3757 E ANDR-PERF-LM: StatsProvider: sendRecvData() 267: nl_recvmsgs failed return=-12
07-28 14:19:19.925   794  3757 E ANDR-PERF-LM: StatsProvider: getPIDStats() 119: sendRecvData returned error = -4
07-28 14:19:20.112  1771  2451 I MiuiNetworkPolicy: bandwidth: 2 KB/s, Max bandwidth: 8002 KB/s
07-28 14:19:20.226   794  3757 E ANDR-PERF-LM: StatsProvider: stats_nl_error_callback() 110: NL SOC receive error: No such process
07-28 14:19:20.226   794  3757 E ANDR-PERF-LM: StatsProvider: sendRecvData() 267: nl_recvmsgs failed return=-12
07-28 14:19:20.226   794  3757 E ANDR-PERF-LM: StatsProvider: getPIDStats() 119: sendRecvData returned error = -4
07-28 14:19:20.529   794  3757 E ANDR-PERF-LM: StatsProvider: stats_nl_error_callback() 110: NL SOC receive error: No such process
07-28 14:19:20.529   794  3757 E ANDR-PERF-LM: StatsProvider: sendRecvData() 267: nl_recvmsgs failed return=-12
07-28 14:19:20.529   794  3757 E ANDR-PERF-LM: StatsProvider: getPIDStats() 119: sendRecvData returned error = -4
07-28 14:19:20.820   659 15676 E ResolverController: No valid NAT64 prefix (164, <unspecified>/0)
07-28 14:19:20.826   659 15677 E ResolverController: No valid NAT64 prefix (164, <unspecified>/0)
07-28 14:19:20.830   794  3757 E ANDR-PERF-LM: StatsProvider: stats_nl_error_callback() 110: NL SOC receive error: No such process
07-28 14:19:20.830   794  3757 E ANDR-PERF-LM: StatsProvider: sendRecvData() 267: nl_recvmsgs failed return=-12
07-28 14:19:20.830   794  3757 E ANDR-PERF-LM: StatsProvider: getPIDStats() 119: sendRecvData returned error = -4
07-28 14:19:21.131   794  3757 E ANDR-PERF-LM: StatsProvider: stats_nl_error_callback() 110: NL SOC receive error: No such process
07-28 14:19:21.131   794  3757 E ANDR-PERF-LM: StatsProvider: sendRecvData() 267: nl_recvmsgs failed return=-12
07-28 14:19:21.131   794  3757 E ANDR-PERF-LM: StatsProvider: getPIDStats() 119: sendRecvData returned error = -4
07-28 14:19:21.434   794  3757 E ANDR-PERF-LM: StatsProvider: stats_nl_error_callback() 110: NL SOC receive error: No such process
07-28 14:19:21.434   794  3757 E ANDR-PERF-LM: StatsProvider: sendRecvData() 267: nl_recvmsgs failed return=-12
07-28 14:19:21.434   794  3757 E ANDR-PERF-LM: StatsProvider: getPIDStats() 119: sendRecvData returned error = -4
07-28 14:19:21.736   794  3757 E ANDR-PERF-LM: StatsProvider: stats_nl_error_callback() 110: NL SOC receive error: No such process
07-28 14:19:21.737   794  3757 E ANDR-PERF-LM: StatsProvider: sendRecvData() 267: nl_recvmsgs failed return=-12
07-28 14:19:21.737   794  3757 E ANDR-PERF-LM: StatsProvider: getPIDStats() 119: sendRecvData returned error = -4
07-28 14:19:22.038   794  3757 E ANDR-PERF-LM: StatsProvider: stats_nl_error_callback() 110: NL SOC receive error: No such process
07-28 14:19:22.038   794  3757 E ANDR-PERF-LM: StatsProvider: sendRecvData() 267: nl_recvmsgs failed return=-12
07-28 14:19:22.038   794  3757 E ANDR-PERF-LM: StatsProvider: getPIDStats() 119: sendRecvData returned error = -4
07-28 14:19:22.340   794  3757 E ANDR-PERF-LM: StatsProvider: stats_nl_error_callback() 110: NL SOC receive error: No such process
07-28 14:19:22.340   794  3757 E ANDR-PERF-LM: StatsProvider: sendRecvData() 267: nl_recvmsgs failed return=-12
07-28 14:19:22.341   794  3757 E ANDR-PERF-LM: StatsProvider: getPIDStats() 119: sendRecvData returned error = -4
07-28 14:19:22.643   794  3757 E ANDR-PERF-LM: StatsProvider: stats_nl_error_callback() 110: NL SOC receive error: No such process
07-28 14:19:22.643   794  3757 E ANDR-PERF-LM: StatsProvider: sendRecvData() 267: nl_recvmsgs failed return=-12
07-28 14:19:22.643   794  3757 E ANDR-PERF-LM: StatsProvider: getPIDStats() 119: sendRecvData returned error = -4
07-28 14:19:22.748 20961 20982 D MiuiFastConnectService: handleMessage: what: 9, msg.arg1: 0, msg.arg2: 0
07-28 14:19:22.748 20961 20982 D MiuiFastConnectService: change scan mode: 0
07-28 14:19:22.753  1771  1771 V SettingsProvider: Notifying for 0: content://settings/global/ble_scan_low_power_window_ms
07-28 14:19:22.756  1771  1771 V SettingsProvider: Notifying for 0: content://settings/global/ble_scan_low_power_interval_ms
07-28 14:19:22.757 20961 20982 D MiuiFastConnectService: stopBleScan: scanning: true
07-28 14:19:22.758  1771  1771 V SettingsProvider: Notifying for 0: content://settings/global/fast_connect_ble_scan_mode
07-28 14:19:22.759 20961 20982 D BluetoothAdapter: isLeEnabled(): ON
07-28 14:19:22.760 17522 26061 D BtGatt.GattService: stopScan() - queue size =1
07-28 14:19:22.763 17522 17568 I BtGatt.ScanManager: msg.what = 1
07-28 14:19:22.763 17522 17568 D BtGatt.ScanManager: stop scan
07-28 14:19:22.764 17522 26061 D BtGatt.GattService: unregisterScanner() - scannerId=5
07-28 14:19:22.764 17522 17577 V bt_stack: [VERBOSE1:gatt_api.cc(1002)] GATT_Deregister gatt_if=5
07-28 14:19:22.764 17520 17520 D vendor.qti.bluetooth@1.0-ibs_handler: SerialClockVote: vote for UART CLK ON
07-28 14:19:22.765 17522 17577 V bt_stack: [VERBOSE1:connection_manager.cc(161)] on_app_deregistered : app_id 0x05
07-28 14:19:22.765 17520 17520 D vendor.qti.bluetooth@1.0-wake_lock: Acquire wakelock is acquired 
07-28 14:19:22.765 17520 17520 I vendor.qti.bluetooth@1.0-ibs_handler: DeviceWakeUp: Writing IBS_WAKE_IND
07-28 14:19:22.769 17520 17574 I vendor.qti.bluetooth@1.0-ibs_handler: ProcessIbsCmd: Received IBS_WAKE_ACK: 0xFC
07-28 14:19:22.770 17520 17574 I vendor.qti.bluetooth@1.0-ibs_handler: ProcessIbsCmd: Received IBS_WAKE_IND: 0xFD
07-28 14:19:22.770 17520 17574 I vendor.qti.bluetooth@1.0-ibs_handler: ProcessIbsCmd: Writing IBS_WAKE_ACK
07-28 14:19:22.771 17522 17556 D BtGatt.GattService: onScanFilterParamsConfigured() - clientIf=5, status=0, action=1, availableSpace=30
07-28 14:19:22.772 17522 17556 D BtGatt.ScanManager: callback done for scannerId - 5 status - 0
07-28 14:19:22.777 17522 17556 D BtGatt.GattService: onScanFilterParamsConfigured() - clientIf=5, status=0, action=1, availableSpace=31
07-28 14:19:22.777 17522 17556 D BtGatt.ScanManager: callback done for scannerId - 5 status - 0
07-28 14:19:22.779 17522 17556 D BtGatt.GattService: onScanFilterParamsConfigured() - clientIf=5, status=0, action=1, availableSpace=32
07-28 14:19:22.779 17522 17556 D BtGatt.ScanManager: callback done for scannerId - 5 status - 0
07-28 14:19:22.779 17522 17568 D BtGatt.ScanManager: configureRegularScanParams() - queue=0
07-28 14:19:22.780 17522 17568 D BtGatt.ScanManager: configureRegularScanParams() - ScanSetting LE 1M Scan mode=-2147483648ScanSetting LE Coded Scan mode=-2147483648 mLastConfiguredScanSettingLE1M=0 mLastConfiguredScanSettingLECoded=0scanPhy=1
07-28 14:19:22.780 17522 17568 D BtGatt.ScanManager: configureRegularScanParams() - queue emtpy, scan stopped
07-28 14:19:22.780 17522 17568 D BtGatt.ScanManager: configureRegularScanParams() - queue emtpy, scan stopped
07-28 14:19:22.858 17520 17574 I vendor.qti.bluetooth@1.0-ibs_handler: ProcessIbsCmd: Received IBS_SLEEP_IND: 0xFE
07-28 14:19:22.944   794  3757 E ANDR-PERF-LM: StatsProvider: stats_nl_error_callback() 110: NL SOC receive error: No such process
07-28 14:19:22.944   794  3757 E ANDR-PERF-LM: StatsProvider: sendRecvData() 267: nl_recvmsgs failed return=-12
07-28 14:19:22.945   794  3757 E ANDR-PERF-LM: StatsProvider: getPIDStats() 119: sendRecvData returned error = -4
07-28 14:19:23.088   659 22574 D OemNetd : setLimit: enable, rate=7502393
07-28 14:19:23.116  1771  2451 I MiuiNetworkPolicy: bandwidth: 4 KB/s, Max bandwidth: 8002 KB/s
07-28 14:19:23.247   794  3757 E ANDR-PERF-LM: StatsProvider: stats_nl_error_callback() 110: NL SOC receive error: No such process
07-28 14:19:23.247   794  3757 E ANDR-PERF-LM: StatsProvider: sendRecvData() 267: nl_recvmsgs failed return=-12
07-28 14:19:23.247   794  3757 E ANDR-PERF-LM: StatsProvider: getPIDStats() 119: sendRecvData returned error = -4
07-28 14:19:23.309 20961 20982 D MiuiFastConnectService: handleMessage: what: 2, msg.arg1: 0, msg.arg2: 0
07-28 14:19:23.313 20961 20982 D BluetoothAdapter: isLeEnabled(): ON
07-28 14:19:23.318 17522 26061 D BtGatt.GattService: registerScanner() - UUID=1fa933b9-89b2-4f51-bd9c-a06ca61115bd
07-28 14:19:23.319 17522 17577 V bt_stack: [VERBOSE1:bta_gattc_act.cc(175)] bta_gattc_register: state:2
07-28 14:19:23.319 17522 17577 I bt_stack: [INFO:gatt_api.cc(959)] GATT_Register 7489ba19-611a-55e7-6e0f-4e58cbc2e322
07-28 14:19:23.319 17522 17577 I bt_stack: [INFO:gatt_api.cc(979)] allocated gatt_if=5
07-28 14:19:23.320 17522 17577 V bt_stack: [VERBOSE1:gatt_api.cc(1089)] GATT_StartIf gatt_if=5
07-28 14:19:23.320 17522 17556 D BtGatt.GattService: onScannerRegistered() - UUID=1fa933b9-89b2-4f51-bd9c-a06ca61115bd, scannerId=5, status=0
07-28 14:19:23.320 17522 17577 V bt_stack: [VERBOSE1:gatt_utils.cc(254)] gatt_find_the_connected_bda start_idx=0
07-28 14:19:23.320 17522 17577 V bt_stack: [VERBOSE1:gatt_utils.cc(266)]  found=0 found_idx=10
07-28 14:19:23.321 20961 15662 D BluetoothLeScanner: onScannerRegistered() - status=0 scannerId=5 mScannerId=0
07-28 14:19:23.325 17522 26061 D BtGatt.GattService: start scan with filters. callingPackage: com.xiaomi.bluetooth
07-28 14:19:23.330 17522 26061 D BluetoothUtils: blockedByLocationOff callingUid=1002
07-28 14:19:23.332 17522 26061 I BluetoothUtils: packagename is android.uid.bluetooth:1002 ,and its permission is false
07-28 14:19:23.336 17522 17568 I BtGatt.ScanManager: msg.what = 0
07-28 14:19:23.337 17522 17568 D BtGatt.ScanManager: handling starting scan
07-28 14:19:23.341 17522 17568 D BtGatt.ScanManager: isAptXLowLatencyModeEnabled: false
07-28 14:19:23.346 17520 17574 I vendor.qti.bluetooth@1.0-ibs_handler: ProcessIbsCmd: Received IBS_WAKE_IND: 0xFD
07-28 14:19:23.346 17520 17574 I vendor.qti.bluetooth@1.0-ibs_handler: ProcessIbsCmd: Writing IBS_WAKE_ACK
07-28 14:19:23.348 17522 17556 D BtGatt.GattService: onScanFilterEnableDisabled() - clientIf=5, status=0, action=1
07-28 14:19:23.348 17522 17556 D BtGatt.ScanManager: callback done for scannerId - 5 status - 0
07-28 14:19:23.348 17522 17568 D BtGatt.ScanManager: Available Filter size: 29
07-28 14:19:23.349 17522 17556 D BtGatt.GattService: onScanFilterConfig() - clientIf=5, action = 0 status = 0, filterType=0, availableSpace=0
07-28 14:19:23.350 17522 17556 D BtGatt.ScanManager: callback done for scannerId - 5 status - 0
07-28 14:19:23.350 17522 17568 D BtGatt.ScanManager: configureFilterParamter 500 10000 1 0, deliveryMode=0
07-28 14:19:23.353 17522 17556 D BtGatt.GattService: onScanFilterParamsConfigured() - clientIf=5, status=0, action=0, availableSpace=31
07-28 14:19:23.353 17522 17556 D BtGatt.ScanManager: callback done for scannerId - 5 status - 0
07-28 14:19:23.354 17522 17556 D BtGatt.GattService: onScanFilterConfig() - clientIf=5, action = 0 status = 0, filterType=0, availableSpace=0
07-28 14:19:23.355 17522 17556 D BtGatt.ScanManager: callback done for scannerId - 5 status - 0
07-28 14:19:23.355 17522 17568 D BtGatt.ScanManager: configureFilterParamter 500 10000 1 0, deliveryMode=0
07-28 14:19:23.358 17522 17556 D BtGatt.GattService: onScanFilterParamsConfigured() - clientIf=5, status=0, action=0, availableSpace=30
07-28 14:19:23.358 17522 17556 D BtGatt.ScanManager: callback done for scannerId - 5 status - 0
07-28 14:19:23.359 17522 17556 D BtGatt.GattService: onScanFilterConfig() - clientIf=5, action = 0 status = 0, filterType=0, availableSpace=0
07-28 14:19:23.359 17522 17556 D BtGatt.ScanManager: callback done for scannerId - 5 status - 0
07-28 14:19:23.360 17522 17568 D BtGatt.ScanManager: configureFilterParamter 500 10000 1 0, deliveryMode=0
07-28 14:19:23.362 17522 17556 D BtGatt.GattService: onScanFilterParamsConfigured() - clientIf=5, status=0, action=0, availableSpace=29
07-28 14:19:23.363 17522 17556 D BtGatt.ScanManager: callback done for scannerId - 5 status - 0
07-28 14:19:23.363 17522 17568 D BtGatt.ScanManager: configureRegularScanParams() - queue=1
07-28 14:19:23.363 17522 17568 D BtGatt.ScanManager: configureRegularScanParams() - ScanSetting LE 1M Scan mode=0ScanSetting LE Coded Scan mode=0 mLastConfiguredScanSettingLE1M=-2147483648 mLastConfiguredScanSettingLECoded=-2147483648scanPhy=255
07-28 14:19:23.367 17522 17568 D BtGatt.ScanManager: configureRegularScanParams - scanInterval LE 1M = 1500configureRegularScanParams - scanWindow LE 1M= 150configureRegularScanParams - scanInterval LE Coded= 1500configureRegularScanParams - scanWindow LE Coded= 150
07-28 14:19:23.368 17522 17556 D BtGatt.GattService: onScanParamSetupCompleted : 0
07-28 14:19:23.453 17520 17574 I vendor.qti.bluetooth@1.0-ibs_handler: ProcessIbsCmd: Received IBS_SLEEP_IND: 0xFE
07-28 14:19:23.549   794  3757 E ANDR-PERF-LM: StatsProvider: stats_nl_error_callback() 110: NL SOC receive error: No such process
07-28 14:19:23.550   794  3757 E ANDR-PERF-LM: StatsProvider: sendRecvData() 267: nl_recvmsgs failed return=-12
07-28 14:19:23.550   794  3757 E ANDR-PERF-LM: StatsProvider: getPIDStats() 119: sendRecvData returned error = -4
07-28 14:19:23.852   794  3757 E ANDR-PERF-LM: StatsProvider: stats_nl_error_callback() 110: NL SOC receive error: No such process
07-28 14:19:23.852   794  3757 E ANDR-PERF-LM: StatsProvider: sendRecvData() 267: nl_recvmsgs failed return=-12
07-28 14:19:23.852   794  3757 E ANDR-PERF-LM: StatsProvider: getPIDStats() 119: sendRecvData returned error = -4
07-28 14:19:24.155   794  3757 E ANDR-PERF-LM: StatsProvider: stats_nl_error_callback() 110: NL SOC receive error: No such process
07-28 14:19:24.155   794  3757 E ANDR-PERF-LM: StatsProvider: sendRecvData() 267: nl_recvmsgs failed return=-12
07-28 14:19:24.155   794  3757 E ANDR-PERF-LM: StatsProvider: getPIDStats() 119: sendRecvData returned error = -4
07-28 14:19:24.372 17520 17580 I vendor.qti.bluetooth@1.0-ibs_handler: DeviceSleep: TX Awake, Sending SLEEP_IND
07-28 14:19:24.373 17520 17580 D vendor.qti.bluetooth@1.0-ibs_handler: SerialClockVote: vote for UART CLK OFF
07-28 14:19:24.457   794  3757 E ANDR-PERF-LM: StatsProvider: stats_nl_error_callback() 110: NL SOC receive error: No such process
07-28 14:19:24.457   794  3757 E ANDR-PERF-LM: StatsProvider: sendRecvData() 267: nl_recvmsgs failed return=-12
07-28 14:19:24.457   794  3757 E ANDR-PERF-LM: StatsProvider: getPIDStats() 119: sendRecvData returned error = -4
07-28 14:19:24.525 17520 17571 D vendor.qti.bluetooth@1.0-wake_lock: Release wakelock is released 
07-28 14:19:24.759   801 32732 I /vendor/bin/hw/vendor.qti.hardware.servicetracker@1.1-service: getClientConnections called for client: com.swt.ffmpeglib
07-28 14:19:24.760   794  3757 E ANDR-PERF-LM: DependentServices: getServices() 97: Service Tracker HAL could not find Client Connections
07-28 14:19:26.122  1771  2451 I MiuiNetworkPolicy: bandwidth: 2 KB/s, Max bandwidth: 8002 KB/s
07-28 14:19:28.531   801 32732 I /vendor/bin/hw/vendor.qti.hardware.servicetracker@1.1-service: bindService is called for service : com.miui.video/androidx.work.impl.background.systemjob.SystemJobService and for client system
07-28 14:19:28.531   801 32732 I /vendor/bin/hw/vendor.qti.hardware.servicetracker@1.1-service: total connections for service : com.miui.video/androidx.work.impl.background.systemjob.SystemJobServiceare :1
07-28 14:19:28.531   801 32732 I /vendor/bin/hw/vendor.qti.hardware.servicetracker@1.1-service: total connections for client : systemare :19
07-28 14:19:28.536  1771  2482 D CompatibilityInfo: mCompatibilityFlags - 0
07-28 14:19:28.537  1771  2482 D CompatibilityInfo: applicationDensity - 440
07-28 14:19:28.537  1771  2482 D CompatibilityInfo: applicationScale - 1.0
07-28 14:19:28.542  1771  2451 I MiuiNetworkPolicy: updateUidState uid = 10083, uidState = 9
07-28 14:19:28.546   801 32732 I /vendor/bin/hw/vendor.qti.hardware.servicetracker@1.1-service: startService() is called for servicecom.miui.video/androidx.work.impl.background.systemjob.SystemJobService
07-28 14:19:28.549 13583 13607 I mivideo : [ com.miui.video.feature.localpush.CirclePeriodWorker ] CirclePeriodWorker() called with: appContext = [com.miui.video.VApplication@80cb53d], workerParams = [androidx.work.WorkerParameters@1f80797]
