07-28 14:18:49.378 17522 17584 D Avrcp_ext: sendPlayPosNotificationRsp: Not registered or requesting.
07-28 14:18:49.378 17522 17584 V Avrcp_ext: Exit updatePlayerStateAndPosition
07-28 14:18:49.378 17522 17584 V Avrcp_ext: Exit handleMessage
07-28 14:18:49.767  1771  2448 D NtpTrustedTime: currentTimeMillis() cache hit
07-28 14:18:49.768   659 22574 I netd    : trafficSwapActiveStatsMap() <0.71ms>
07-28 14:18:49.771   659 22574 I netd    : tetherGetStats() <1.36ms>
07-28 14:18:49.783  1771  2448 D NtpTrustedTime: currentTimeMillis() cache hit
07-28 14:18:49.784   659 22574 I netd    : bandwidthSetGlobalAlert(131072) <0.15ms>
07-28 14:18:49.785   650   850 I TrafficManageService: mina mTrafficStatsReceiver onReceive
--------- beginning of crash
07-28 14:18:49.879 15614 15663 F libc    : Fatal signal 11 (SIGSEGV), code 1 (SEGV_MAPERR), fault addr 0x4c in tid 15663 (Thread-2), pid 15614 (m.swt.ffmpeglib)
07-28 14:18:49.928 15667 15667 I crash_dump32: obtaining output fd from tombstoned, type: kDebuggerdTombstone
07-28 14:18:49.930  1317  1317 I /system/bin/tombstoned: received crash request for pid 15663
07-28 14:18:49.930 15667 15667 I crash_dump32: performing dump of process 15614 (target tid = 15663)
07-28 14:18:49.937 15667 15667 F DEBUG   : *** *** *** *** *** *** *** *** *** *** *** *** *** *** *** ***
07-28 14:18:49.937 15667 15667 F DEBUG   : Build fingerprint: 'Xiaomi/vangogh/vangogh:10/QKQ1.191222.002/V11.0.3.0.QJVCNXM:user/release-keys'
07-28 14:18:49.937 15667 15667 F DEBUG   : Revision: '0'
07-28 14:18:49.937 15667 15667 F DEBUG   : ABI: 'arm'
07-28 14:18:49.938 15667 15667 F DEBUG   : Timestamp: 2020-07-28 14:18:49+0800
07-28 14:18:49.938 15667 15667 F DEBUG   : pid: 15614, tid: 15663, name: Thread-2  >>> com.swt.ffmpeglib <<<
07-28 14:18:49.938 15667 15667 F DEBUG   : uid: 10270
07-28 14:18:49.938 15667 15667 F DEBUG   : signal 11 (SIGSEGV), code 1 (SEGV_MAPERR), fault addr 0x4c
07-28 14:18:49.938 15667 15667 F DEBUG   : Cause: null pointer dereference
07-28 14:18:49.938 15667 15667 F DEBUG   :     r0  c94d2000  r1  d36b5780  r2  be57e1a8  r3  dab56f40
07-28 14:18:49.938 15667 15667 F DEBUG   :     r4  00000000  r5  c94d2000  r6  be57e230  r7  be57e1e8
07-28 14:18:49.938 15667 15667 F DEBUG   :     r8  ec8e8a50  r9  00003d23  r10 be57e230  r11 00101000
07-28 14:18:49.938 15667 15667 F DEBUG   :     ip  c24a3f1c  sp  be57e0e8  lr  c249f7d5  pc  c256d0b8
07-28 14:18:49.938 15667 15667 F DEBUG   : 
07-28 14:18:49.938 15667 15667 F DEBUG   : backtrace:
07-28 14:18:49.938 15667 15667 F DEBUG   :       #00 pc 0001d0b8  /data/app/com.swt.ffmpeglib-R6eRoDJEmiLG74iQF07bXg==/lib/arm/libavcodec.so
07-28 14:18:50.058  1771  2451 I MiuiNetworkPolicy: bandwidth: 464 KB/s, Max bandwidth: 8002 KB/s
07-28 14:18:50.664 15667 15667 E crash_dump32: cannot open libmiuindbg.so: No such file or directory
07-28 14:18:50.665  1317  1317 E /system/bin/tombstoned: Tombstone written to: /data/tombstones/tombstone_03
07-28 14:18:50.667  1771 15671 I DropBoxManagerService: add tag=data_app_native_crash isTagEnabled=true flags=0x2
07-28 14:18:50.667  1771 15670 W ActivityTaskManager:   Force finishing activity com.swt.ffmpeglib/.MainActivity
07-28 14:18:50.669 19749 27591 D Launcher: get showing item successandroid.graphics.Bitmap@ea992dd
07-28 14:18:50.671  1771 15670 D ActivityTrigger: ActivityTrigger activityPauseTrigger 
07-28 14:18:50.674  1771  1970 I BootReceiver: Copying /data/tombstones/tombstone_03 to DropBox (SYSTEM_TOMBSTONE)
07-28 14:18:50.675  1771  1970 I DropBoxManagerService: add tag=SYSTEM_TOMBSTONE isTagEnabled=true flags=0x2
07-28 14:18:50.686   794   848 E ANDR-PERF-OPTSHANDLER: Perflock resource /sys/class/devfreq/soc:qcom,cpubw/min_freq not supported
07-28 14:18:50.686   794   848 E ANDR-PERF-RESOURCEQS: Failed to apply optimization [6, 0]
07-28 14:18:50.687  3601  3601 W Binder:3601_1: type=1400 audit(0.0:183566): avc: denied { search } for name="battery" dev="sysfs" ino=67713 scontext=u:r:mcd:s0 tcontext=u:object_r:sysfs_battery_supply:s0 tclass=dir permissive=0
07-28 14:18:50.689 19749 19749 D Launcher.Lifecycle: onResume:UserHandle{0},2e65972,false
07-28 14:18:50.689 17522 26061 D A2dpLatencyMode: ForegroundInfo{mForegroundPackageName='com.miui.home', mForegroundUid=10086, mForegroundPid=19749, mLastForegroundPackageName='com.swt.ffmpeglib', mLastForegroundUid=10270, mLastForegroundPid=15614, mMultiWindowForegroundPackageName='null', mMultiWindowForegroundUid=-1, mFlags=0}
07-28 14:18:50.689 19749 19781 D Launcher: disableStatusBarClock:false
07-28 14:18:50.689   650  1034 I ProcessMonitor: onForegroundInfoChanged: ForegroundInfo{mForegroundPackageName='com.miui.home', mForegroundUid=10086, mForegroundPid=19749, mLastForegroundPackageName='com.swt.ffmpeglib', mLastForegroundUid=10270, mLastForegroundPid=15614, mMultiWindowForegroundPackageName='null', mMultiWindowForegroundUid=-1, mFlags=0}
07-28 14:18:50.690   650  1034 I GameBoosterService: onForegroundInfoChanged: Cur=com.miui.home	 last=com.swt.ffmpeglib
07-28 14:18:50.690 19749 26581 I RenderThread: RenderThread resumed
07-28 14:18:50.691 19749 26581 I RenderThread: All controllers paused.
07-28 14:18:50.691 19749 26581 I RenderThread: RenderThread paused, waiting for signal
07-28 14:18:50.691   650  1034 D GameBoosterService: onGameStatusChange foreground:ForegroundInfo{mForegroundPackageName='com.miui.home', mForegroundUid=10086, mForegroundPid=19749, mLastForegroundPackageName='com.swt.ffmpeglib', mLastForegroundUid=10270, mLastForegroundPid=15614, mMultiWindowForegroundPackageName='null', mMultiWindowForegroundUid=-1, mFlags=0}
07-28 14:18:50.691   650  1034 I GameBoosterService: onForegroundInfoChanged: Exit
07-28 14:18:50.691   650  1034 I VideoBoxUtils: isSupportVideoBox: true
07-28 14:18:50.692   650  1034 I VideoToolBoxService: onForegroundInfoChanged: Exit Vtb
07-28 14:18:50.692   794   848 E ANDR-PERF-OPTSHANDLER: Perflock resource /sys/class/devfreq/soc:qcom,llccbw/min_freq not supported
07-28 14:18:50.692   794   848 E ANDR-PERF-RESOURCEQS: Failed to apply optimization [12, 0]
07-28 14:18:50.692  3601  3657 I octvm_power: power mode [home] start 1595917130
07-28 14:18:50.692   890  1629 D Layer   : ---setAlpha Launcher=1.000000
07-28 14:18:50.692  3601  3657 E octvm   : open /sys/class/power_supply/battery/status error, Permission denied
07-28 14:18:50.692  3601  3657 I octvm_drv: common drv: get_current_battery_uAh will return 0
07-28 14:18:50.692  3601  3657 I octvm_power: Action: set_thermal_config(restore) for [foreground_change]
07-28 14:18:50.693  1771  3309 I Timeline: Timeline: App_transition_ready time:909189611
07-28 14:18:50.694  3601  3657 I octvm_drv: platform_set_thermal_mode cur_global_config:[], target mode:[restore], profile=0, ret=0
07-28 14:18:50.694  3601  3657 E octvm   : open /sys/class/power_supply/battery/status error, Permission denied
07-28 14:18:50.694  3601  3657 I octvm_drv: common drv: get_current_battery_uAh will return 0
07-28 14:18:50.694  3601  3657 I octvm_power: onPowerModeChanged[home] called
07-28 14:18:50.691  3601  3601 W Binder:3601_1: type=1400 audit(0.0:183567): avc: denied { search } for name="battery" dev="sysfs" ino=67713 scontext=u:r:mcd:s0 tcontext=u:object_r:sysfs_battery_supply:s0 tclass=dir permissive=0
07-28 14:18:50.702  1771  2444 V UiModeManager: switch night mode to 1
07-28 14:18:50.703  2542  2542 D StatusBar: disable<e i a s b h r c s > disable2<q i n g r >
07-28 14:18:50.705   890   890 D SurfaceFlinger: Launcher Changed hasLauncher=1
07-28 14:18:50.705   890   890 D SurfaceFlinger: WallPaper Changed hasWallPaper=1
07-28 14:18:50.714  1771  1831 I Timeline: Timeline: App_transition_ready time:909189632
07-28 14:18:50.714  1771  1831 I Timeline: Timeline: App_transition_stopped time:909189632
07-28 14:18:50.717  2542  2542 D PhoneStatusBar/NavigationBarView: setDisabledFlags back:false home:false recent:false
07-28 14:18:50.717  2542  2542 D StatusBarClock:  isNormalMode= true clock visible=true
07-28 14:18:50.718  2542  2542 D EventBus: [2542, u0] send(AppTransitionFinishedEvent)
07-28 14:18:50.718  2542  2542 D EventBus: [2542, u0]  -> ForcedResizableInfoActivityController [0xa5c597, P1] onBusEvent(AppTransitionFinishedEvent)
07-28 14:18:50.718  2542  2542 D EventBus: [2542, u0] onBusEvent(AppTransitionFinishedEvent) duration: 25 microseconds, avg: 878
07-28 14:18:50.718  2542  2542 D EventBus: [2542, u0] send(AppTransitionFinishedEvent)
07-28 14:18:50.719  2542  2542 D EventBus: [2542, u0]  -> ForcedResizableInfoActivityController [0xa5c597, P1] onBusEvent(AppTransitionFinishedEvent)
07-28 14:18:50.719  2542  2542 D EventBus: [2542, u0] onBusEvent(AppTransitionFinishedEvent) duration: 23 microseconds, avg: 878
07-28 14:18:50.720  2542  2542 D EventBus: [2542, u0] send(AppTransitionFinishedEvent)
07-28 14:18:50.720  2542  2542 D EventBus: [2542, u0]  -> ForcedResizableInfoActivityController [0xa5c597, P1] onBusEvent(AppTransitionFinishedEvent)
07-28 14:18:50.720  2542  2542 D EventBus: [2542, u0] onBusEvent(AppTransitionFinishedEvent) duration: 36 microseconds, avg: 878
07-28 14:18:50.724 13264 13282 I CloudSettingsProvider: uriMatch : 2
07-28 14:18:50.731  1771  1830 E set_top_app: error /proc/19749/top_app:1
07-28 14:18:50.731  1771  1830 E set_top_app: java.io.FileNotFoundException: /proc/19749/top_app: open failed: ENOENT (No such file or directory)
07-28 14:18:50.731  1771  1830 E set_top_app: 	at libcore.io.IoBridge.open(IoBridge.java:496)
07-28 14:18:50.731  1771  1830 E set_top_app: 	at java.io.FileOutputStream.<init>(FileOutputStream.java:235)
07-28 14:18:50.731  1771  1830 E set_top_app: 	at java.io.FileOutputStream.<init>(FileOutputStream.java:125)
07-28 14:18:50.731  1771  1830 E set_top_app: 	at java.io.FileWriter.<init>(FileWriter.java:63)
07-28 14:18:50.731  1771  1830 E set_top_app: 	at com.android.server.am.ActivityManagerServiceInjector.writeToNode(ActivityManagerServiceInjector.java:1060)
07-28 14:18:50.731  1771  1830 E set_top_app: 	at com.android.server.am.ActivityManagerServiceInjector.setTopAppUIThread(ActivityManagerServiceInjector.java:1045)
07-28 14:18:50.731  1771  1830 E set_top_app: 	at com.android.server.am.OomAdjuster.applyOomAdjLocked(OomAdjuster.java:1884)
07-28 14:18:50.731  1771  1830 E set_top_app: 	at com.android.server.am.OomAdjuster.updateOomAdjLocked(OomAdjuster.java:507)
07-28 14:18:50.731  1771  1830 E set_top_app: 	at com.android.server.am.ActivityManagerService.updateOomAdjLocked(ActivityManagerService.java:17363)
07-28 14:18:50.731  1771  1830 E set_top_app: 	at com.android.server.am.ProcessRecord.updateProcessInfo(ProcessRecord.java:1365)
07-28 14:18:50.731  1771  1830 E set_top_app: 	at com.android.server.wm.-$$Lambda$BEx3OWenCvYAaV5h_J2ZkZXhEcY.accept(Unknown Source:20)
07-28 14:18:50.731  1771  1830 E set_top_app: 	at com.android.internal.util.function.pooled.PooledLambdaImpl.doInvoke(PooledLambdaImpl.java:300)
07-28 14:18:50.731  1771  1830 E set_top_app: 	at com.android.internal.util.function.pooled.PooledLambdaImpl.invoke(PooledLambdaImpl.java:195)
07-28 14:18:50.731  1771  1830 E set_top_app: 	at com.android.internal.util.function.pooled.OmniFunction.run(OmniFunction.java:86)
07-28 14:18:50.731  1771  1830 E set_top_app: 	at android.os.Handler.handleCallback(Handler.java:883)
07-28 14:18:50.731  1771  1830 E set_top_app: 	at android.os.Handler.dispatchMessage(Handler.java:100)
07-28 14:18:50.731  1771  1830 E set_top_app: 	at android.os.Looper.loop(Looper.java:224)
07-28 14:18:50.731  1771  1830 E set_top_app: 	at android.os.HandlerThread.run(HandlerThread.java:67)
07-28 14:18:50.731  1771  1830 E set_top_app: 	at com.android.server.ServiceThread.run(ServiceThread.java:45)
07-28 14:18:50.731  1771  1830 E set_top_app: Caused by: android.system.ErrnoException: open failed: ENOENT (No such file or directory)
07-28 14:18:50.731  1771  1830 E set_top_app: 	at libcore.io.Linux.open(Native Method)
07-28 14:18:50.731  1771  1830 E set_top_app: 	at libcore.io.ForwardingOs.open(ForwardingOs.java:167)
07-28 14:18:50.731  1771  1830 E set_top_app: 	at libcore.io.BlockGuardOs.open(BlockGuardOs.java:252)
07-28 14:18:50.731  1771  1830 E set_top_app: 	at libcore.io.IoBridge.open(IoBridge.java:482)
07-28 14:18:50.731  1771  1830 E set_top_app: 	... 18 more
07-28 14:18:50.731  1771  1830 E set_top_app: error /proc/26546/top_app:2
07-28 14:18:50.731  1771  1830 E set_top_app: java.io.FileNotFoundException: /proc/26546/top_app: open failed: ENOENT (No such file or directory)
07-28 14:18:50.731  1771  1830 E set_top_app: 	at libcore.io.IoBridge.open(IoBridge.java:496)
07-28 14:18:50.731  1771  1830 E set_top_app: 	at java.io.FileOutputStream.<init>(FileOutputStream.java:235)
07-28 14:18:50.731  1771  1830 E set_top_app: 	at java.io.FileOutputStream.<init>(FileOutputStream.java:125)
07-28 14:18:50.731  1771  1830 E set_top_app: 	at java.io.FileWriter.<init>(FileWriter.java:63)
07-28 14:18:50.731  1771  1830 E set_top_app: 	at com.android.server.am.ActivityManagerServiceInjector.writeToNode(ActivityManagerServiceInjector.java:1060)
07-28 14:18:50.731  1771  1830 E set_top_app: 	at com.android.server.am.ActivityManagerServiceInjector.setTopAppUIThread(ActivityManagerServiceInjector.java:1045)
07-28 14:18:50.731  1771  1830 E set_top_app: 	at com.android.server.am.OomAdjuster.applyOomAdjLocked(OomAdjuster.java:1893)
07-28 14:18:50.731  1771  1830 E set_top_app: 	at com.android.server.am.OomAdjuster.updateOomAdjLocked(OomAdjuster.java:507)
07-28 14:18:50.731  1771  1830 E set_top_app: 	at com.android.server.am.ActivityManagerService.updateOomAdjLocked(ActivityManagerService.java:17363)
07-28 14:18:50.731  1771  1830 E set_top_app: 	at com.android.server.am.ProcessRecord.updateProcessInfo(ProcessRecord.java:1365)
07-28 14:18:50.731  1771  1830 E set_top_app: 	at com.android.server.wm.-$$Lambda$BEx3OWenCvYAaV5h_J2ZkZXhEcY.accept(Unknown Source:20)
07-28 14:18:50.731  1771  1830 E set_top_app: 	at com.android.internal.util.function.pooled.PooledLambdaImpl.doInvoke(PooledLambdaImpl.java:300)
07-28 14:18:50.731  1771  1830 E set_top_app: 	at com.android.internal.util.function.pooled.PooledLambdaImpl.invoke(PooledLambdaImpl.java:195)
07-28 14:18:50.731  1771  1830 E set_top_app: 	at com.android.internal.util.function.pooled.OmniFunction.run(OmniFunction.java:86)
07-28 14:18:50.731  1771  1830 E set_top_app: 	at android.os.Handler.handleCallback(Handler.java:883)
07-28 14:18:50.731  1771  1830 E set_top_app: 	at android.os.Handler.dispatchMessage(Handler.java:100)
07-28 14:18:50.731  1771  1830 E set_top_app: 	at android.os.Looper.loop(Looper.java:224)
07-28 14:18:50.731  1771  1830 E set_top_app: 	at android.os.HandlerThread.run(HandlerThread.java:67)
07-28 14:18:50.731  1771  1830 E set_top_app: 	at com.android.server.ServiceThread.run(ServiceThread.java:45)
07-28 14:18:50.731  1771  1830 E set_top_app: Caused by: android.system.ErrnoException: open failed: ENOENT (No such file or directory)
07-28 14:18:50.731  1771  1830 E set_top_app: 	at libcore.io.Linux.open(Native Method)
07-28 14:18:50.731  1771  1830 E set_top_app: 	at libcore.io.ForwardingOs.open(ForwardingOs.java:167)
07-28 14:18:50.731  1771  1830 E set_top_app: 	at libcore.io.BlockGuardOs.open(BlockGuardOs.java:252)
07-28 14:18:50.731  1771  1830 E set_top_app: 	at libcore.io.IoBridge.open(IoBridge.java:482)
07-28 14:18:50.731  1771  1830 E set_top_app: 	... 18 more
07-28 14:18:50.732  1771  1830 E set_top_app: error /proc/15614/top_app:0
07-28 14:18:50.732  1771  1830 E set_top_app: java.io.FileNotFoundException: /proc/15614/top_app: open failed: ENOENT (No such file or directory)
07-28 14:18:50.732  1771  1830 E set_top_app: 	at libcore.io.IoBridge.open(IoBridge.java:496)
07-28 14:18:50.732  1771  1830 E set_top_app: 	at java.io.FileOutputStream.<init>(FileOutputStream.java:235)
07-28 14:18:50.732  1771  1830 E set_top_app: 	at java.io.FileOutputStream.<init>(FileOutputStream.java:125)
07-28 14:18:50.732  1771  1830 E set_top_app: 	at java.io.FileWriter.<init>(FileWriter.java:63)
07-28 14:18:50.732  1771  1830 E set_top_app: 	at com.android.server.am.ActivityManagerServiceInjector.writeToNode(ActivityManagerServiceInjector.java:1060)
07-28 14:18:50.732  1771  1830 E set_top_app: 	at com.android.server.am.ActivityManagerServiceInjector.setTopAppUIThread(ActivityManagerServiceInjector.java:1045)
07-28 14:18:50.732  1771  1830 E set_top_app: 	at com.android.server.am.OomAdjuster.applyOomAdjLocked(OomAdjuster.java:1926)
07-28 14:18:50.732  1771  1830 E set_top_app: 	at com.android.server.am.OomAdjuster.updateOomAdjLocked(OomAdjuster.java:507)
07-28 14:18:50.732  1771  1830 E set_top_app: 	at com.android.server.am.ActivityManagerService.updateOomAdjLocked(ActivityManagerService.java:17363)
07-28 14:18:50.732  1771  1830 E set_top_app: 	at com.android.server.am.ProcessRecord.updateProcessInfo(ProcessRecord.java:1365)
07-28 14:18:50.732  1771  1830 E set_top_app: 	at com.android.server.wm.-$$Lambda$BEx3OWenCvYAaV5h_J2ZkZXhEcY.accept(Unknown Source:20)
07-28 14:18:50.732  1771  1830 E set_top_app: 	at com.android.internal.util.function.pooled.PooledLambdaImpl.doInvoke(PooledLambdaImpl.java:300)
07-28 14:18:50.732  1771  1830 E set_top_app: 	at com.android.internal.util.function.pooled.PooledLambdaImpl.invoke(PooledLambdaImpl.java:195)
07-28 14:18:50.732  1771  1830 E set_top_app: 	at com.android.internal.util.function.pooled.OmniFunction.run(OmniFunction.java:86)
07-28 14:18:50.732  1771  1830 E set_top_app: 	at android.os.Handler.handleCallback(Handler.java:883)
07-28 14:18:50.732  1771  1830 E set_top_app: 	at android.os.Handler.dispatchMessage(Handler.java:100)
07-28 14:18:50.732  1771  1830 E set_top_app: 	at android.os.Looper.loop(Looper.java:224)
07-28 14:18:50.732  1771  1830 E set_top_app: 	at android.os.HandlerThread.run(HandlerThread.java:67)
07-28 14:18:50.732  1771  1830 E set_top_app: 	at com.android.server.ServiceThread.run(ServiceThread.java:45)
07-28 14:18:50.732  1771  1830 E set_top_app: Caused by: android.system.ErrnoException: open failed: ENOENT (No such file or directory)
07-28 14:18:50.732  1771  1830 E set_top_app: 	at libcore.io.Linux.open(Native Method)
07-28 14:18:50.732  1771  1830 E set_top_app: 	at libcore.io.ForwardingOs.open(ForwardingOs.java:167)
07-28 14:18:50.732  1771  1830 E set_top_app: 	at libcore.io.BlockGuardOs.open(BlockGuardOs.java:252)
07-28 14:18:50.732  1771  1830 E set_top_app: 	at libcore.io.IoBridge.open(IoBridge.java:482)
07-28 14:18:50.732  1771  1830 E set_top_app: 	... 18 more
07-28 14:18:50.736  2542  2542 D EventBus: [2542, u0] send(TaskSnapshotChangedEvent)
07-28 14:18:50.737 13264 13282 I CloudSettingsProvider: uriMatch : 2
07-28 14:18:50.741   890  3236 D BufferQueueLayer: Launcher new frame Arrived
07-28 14:18:50.742 19749 19749 D Launcher_WallpaperUtils: changeStatusBarMode:false
07-28 14:18:50.742 19749 19749 D Launcher.Lifecycle: onWindowFocusChanged:true,UserHandle{0},2e65972,false
07-28 14:18:50.742 19749 19749 D Launcher_UnlockAnimationStateMachine: onWindowFocus:IDLE
07-28 14:18:50.743  2542  2542 D StatusBar: recevie broadbcast ACTION_APPLICATION_MESSAGE_QUERY, requestFirstTime=false
07-28 14:18:50.744 19749 19749 D FeedSwipeController: touchState : 0 scrolling : false normalEditing : false WidgetThumbnailViewShowing : false UninstallDialogShowing : false
07-28 14:18:50.746  1771  1771 V SettingsProvider: Notifying for 0: content://settings/secure/com.miui.newhome.preferences.is_home_foreground
07-28 14:18:50.752 19749 19749 D homeTest: compute scroll mLastScrollXInDraw:1080
07-28 14:18:50.752 19749 19749 D ScreenView: dispatchDraw:1080
07-28 14:18:50.756   890  3236 D BufferQueueLayer: Launcher new frame Arrived
07-28 14:18:50.758  2542  2542 D EventBus: [2542, u0] send(AppTransitionFinishedEvent)
07-28 14:18:50.758  2542  2542 D EventBus: [2542, u0]  -> ForcedResizableInfoActivityController [0xa5c597, P1] onBusEvent(AppTransitionFinishedEvent)
07-28 14:18:50.758  2542  2542 D EventBus: [2542, u0] onBusEvent(AppTransitionFinishedEvent) duration: 23 microseconds, avg: 878
07-28 14:18:50.765  1771  3829 I ActivityManager: Process com.swt.ffmpeglib (pid 15614) has died: cch CRE 
07-28 14:18:50.765 17522 17584 D Avrcp_ext: AudioManager Player: ID:23 -- type:android.media.SoundPool -- u/pid:1000/2542 -- state:idle -- attr:AudioAttributes: usage=USAGE_ASSISTANCE_SONIFICATION content=CONTENT_TYPE_SONIFICATION flags=0x800 tags= bundle=null
07-28 14:18:50.765 17522 17584 D Avrcp_ext: AudioManager Player: ID:55 -- type:android.media.SoundPool -- u/pid:1027/3860 -- state:idle -- attr:AudioAttributes: usage=USAGE_NOTIFICATION content=CONTENT_TYPE_SONIFICATION flags=0x800 tags= bundle=null
07-28 14:18:50.765 17522 17584 D Avrcp_ext: AudioManager Player: ID:15 -- type:android.media.SoundPool -- u/pid:1000/1771 -- state:idle -- attr:AudioAttributes: usage=USAGE_ASSISTANCE_SONIFICATION content=CONTENT_TYPE_SONIFICATION flags=0x800 tags= bundle=null
07-28 14:18:50.765   760  2476 D audio_hw_utils: audio_extn_utils_compress_get_dsp_latency:: Using Fix DSP delay
07-28 14:18:50.765   760  2476 D audio_hw_utils: audio_extn_utils_compress_get_dsp_latency:: delay in ms is 62
07-28 14:18:50.766   760 24861 D audio_hw_primary: copl(0xef652800):calling compress flush
07-28 14:18:50.766   760 24861 W audio_hw_primary: out_flush called in invalid state 0
07-28 14:18:50.766   760 24861 D audio_hw_primary: copl(0xef652800):out of compress flush
07-28 14:18:50.766 17522 17584 D Avrcp_ext: AudioManager isPlaying: false, mA2dpState: 11, isMusiActive: true
07-28 14:18:50.766 17522 17584 V Avrcp_ext: updateCurrentMediaState: mMediaController: null
07-28 14:18:50.766 17522 17584 V Avrcp_ext: isMusicActive: true getBluetoothPlayState: 2
07-28 14:18:50.766 17522 17584 V Avrcp_ext: updateCurrentMediaState: isPlaying = false
07-28 14:18:50.766 17522 17584 V Avrcp_ext: updateCurrentMediaState: mMediaController or getPlaybackState() null
07-28 14:18:50.766 17522 17584 V Avrcp_ext: Media update: id -1-1? [MediaAttributes: none] : [MediaAttributes: none]
07-28 14:18:50.766 17522 17584 V Avrcp_ext: newPlayStatus:2mReportedPlayStatus:-1
07-28 14:18:50.766 17522 17584 V Avrcp_ext: updatePlaybackState, state: PlaybackState {state=2, position=-1, buffered position=0, speed=0.0, updated=3604713652, actions=0, custom actions=[], active item id=-1, error=null} device: null
07-28 14:18:50.766 17522 17584 V Avrcp_ext: Device: no name: 
07-28 14:18:50.766 17522 17584 I chatty  : uid=1002(bluetooth) BluetoothAvrcpH identical 2 lines
07-28 14:18:50.766 17522 17584 V Avrcp_ext: Device: no name: 
07-28 14:18:50.766  1771  1889 I libprocessgroup: Successfully killed process cgroup uid 10270 pid 15614 in 0ms
07-28 14:18:50.766 17522 17584 V Avrcp_ext: Device: no name: 
07-28 14:18:50.766 17522 17584 V Avrcp_ext: updatePlayerStateAndPosition, old=PlaybackState {state=2, position=-1, buffered position=0, speed=0.0, updated=3604712260, actions=0, custom actions=[], active item id=-1, error=null}, state=PlaybackState {state=2, position=-1, buffered position=0, speed=0.0, updated=3604713652, actions=0, custom actions=[], active item id=-1, error=null}
07-28 14:18:50.766 17522 17584 V Avrcp_ext: old state = PlaybackState {state=2, position=-1, buffered position=0, speed=0.0, updated=3604712260, actions=0, custom actions=[], active item id=-1, error=null}, new state= PlaybackState {state=2, position=-1, buffered position=0, speed=0.0, updated=3604713652, actions=0, custom actions=[], active item id=-1, error=null}
07-28 14:18:50.766 17522 17584 D HeadsetService: getHeadsetService(): returning com.android.bluetooth.hfp.HeadsetService@c414c21
07-28 14:18:50.766 17522 17584 D HeadsetService:  isAudioOn: The number of audio connected devices 0
07-28 14:18:50.766 17522 17584 D HeadsetService: isScoOrCallActive(): Call Active:falseCall is Ringing:falseSCO is Active:false
07-28 14:18:50.766  5269  5631 I PowerCheckerService: uid:10270change to inactive
07-28 14:18:50.766   661   661 I Zygote  : Process 15614 exited due to signal 11 (Segmentation fault)
07-28 14:18:50.767 17522 17584 D HeadsetService:  isAudioOn: The number of audio connected devices 0
07-28 14:18:50.767 17522 17584 I Avrcp_ext: updatePlayStatusForDevice: device: null
07-28 14:18:50.767 17522 17584 V Avrcp_ext: updatePlaybackState (1): old=PlaybackState {state=2, position=-1, buffered position=0, speed=0.0, updated=3604712260, actions=0, custom actions=[], active item id=-1, error=null}(2), new=PlaybackState {state=2, position=-1, buffered position=0, speed=0.0, updated=3604713652, actions=0, custom actions=[], active item id=-1, error=null}(2)
07-28 14:18:50.767 17522 17584 I Avrcp_ext: Exit updatePlayStatusForDevice
07-28 14:18:50.767 17522 17584 D HeadsetService:  isAudioOn: The number of audio connected devices 0
07-28 14:18:50.767 17522 17584 D HeadsetService: isScoOrCallActive(): Call Active:falseCall is Ringing:falseSCO is Active:false
07-28 14:18:50.767 17522 17584 D HeadsetService:  isAudioOn: The number of audio connected devices 0
07-28 14:18:50.767 17522 17584 I Avrcp_ext: updatePlayStatusForDevice: device: null
07-28 14:18:50.767 17522 17584 V Avrcp_ext: updatePlaybackState (1): old=PlaybackState {state=2, position=-1, buffered position=0, speed=0.0, updated=3604712260, actions=0, custom actions=[], active item id=-1, error=null}(2), new=PlaybackState {state=2, position=-1, buffered position=0, speed=0.0, updated=3604713652, actions=0, custom actions=[], active item id=-1, error=null}(2)
07-28 14:18:50.767 17522 17584 I Avrcp_ext: Exit updatePlayStatusForDevice
07-28 14:18:50.768 17522 17584 D HeadsetService:  isAudioOn: The number of audio connected devices 0
07-28 14:18:50.768 17522 17584 D HeadsetService: isScoOrCallActive(): Call Active:falseCall is Ringing:falseSCO is Active:false
07-28 14:18:50.768 17522 17584 D HeadsetService:  isAudioOn: The number of audio connected devices 0
07-28 14:18:50.768 17522 17584 I Avrcp_ext: updatePlayStatusForDevice: device: null
07-28 14:18:50.768 17522 17584 V Avrcp_ext: updatePlaybackState (1): old=PlaybackState {state=2, position=-1, buffered position=0, speed=0.0, updated=3604712260, actions=0, custom actions=[], active item id=-1, error=null}(2), new=PlaybackState {state=2, position=-1, buffered position=0, speed=0.0, updated=3604713652, actions=0, custom actions=[], active item id=-1, error=null}(2)
07-28 14:18:50.768 17522 17584 I Avrcp_ext: Exit updatePlayStatusForDevice
07-28 14:18:50.768 17522 17584 D HeadsetService:  isAudioOn: The number of audio connected devices 0
07-28 14:18:50.768 17522 17584 D HeadsetService: isScoOrCallActive(): Call Active:falseCall is Ringing:falseSCO is Active:false
07-28 14:18:50.768 17522 17584 D HeadsetService:  isAudioOn: The number of audio connected devices 0
07-28 14:18:50.768 17522 17584 I Avrcp_ext: updatePlayStatusForDevice: device: null
07-28 14:18:50.768 17522 17584 V Avrcp_ext: updatePlaybackState (1): old=PlaybackState {state=2, position=-1, buffered position=0, speed=0.0, updated=3604712260, actions=0, custom actions=[], active item id=-1, error=null}(2), new=PlaybackState {state=2, position=-1, buffered position=0, speed=0.0, updated=3604713652, actions=0, custom actions=[], active item id=-1, error=null}(2)
07-28 14:18:50.768 17522 17584 I Avrcp_ext: Exit updatePlayStatusForDevice
07-28 14:18:50.768 17522 17584 D HeadsetService:  isAudioOn: The number of audio connected devices 0
07-28 14:18:50.768 17522 17584 D HeadsetService: isScoOrCallActive(): Call Active:falseCall is Ringing:falseSCO is Active:false
07-28 14:18:50.768 17522 17584 D HeadsetService:  isAudioOn: The number of audio connected devices 0
07-28 14:18:50.768 17522 17584 I Avrcp_ext: updatePlayStatusForDevice: device: null
07-28 14:18:50.768 17522 17584 V Avrcp_ext: updatePlaybackState (1): old=PlaybackState {state=2, position=-1, buffered position=0, speed=0.0, updated=3604712260, actions=0, custom actions=[], active item id=-1, error=null}(2), new=PlaybackState {state=2, position=-1, buffered position=0, speed=0.0, updated=3604713652, actions=0, custom actions=[], active item id=-1, error=null}(2)
07-28 14:18:50.768 17522 17584 I Avrcp_ext: Exit updatePlayStatusForDevice
07-28 14:18:50.768 17522 17584 D Avrcp_ext: Enter sendPlayPosNotificationRsp
07-28 14:18:50.768 17522 17584 D Avrcp_ext: sendPlayPosNotificationRsp: Not registered or requesting.
07-28 14:18:50.768 17522 17584 D Avrcp_ext: Enter sendPlayPosNotificationRsp
07-28 14:18:50.768 17522 17584 D Avrcp_ext: sendPlayPosNotificationRsp: Not registered or requesting.
07-28 14:18:50.768 17522 17584 D Avrcp_ext: Enter sendPlayPosNotificationRsp
07-28 14:18:50.768 17522 17584 D Avrcp_ext: sendPlayPosNotificationRsp: Not registered or requesting.
07-28 14:18:50.768 17522 17584 D Avrcp_ext: Enter sendPlayPosNotificationRsp
07-28 14:18:50.768 17522 17584 D Avrcp_ext: sendPlayPosNotificationRsp: Not registered or requesting.
07-28 14:18:50.768 17522 17584 D Avrcp_ext: Enter sendPlayPosNotificationRsp
07-28 14:18:50.768   801 32732 I /vendor/bin/hw/vendor.qti.hardware.servicetracker@1.1-service: killProcess is called for pid : 15614
07-28 14:18:50.768 17522 17584 D Avrcp_ext: sendPlayPosNotificationRsp: Not registered or requesting.
07-28 14:18:50.768 17522 17584 V Avrcp_ext: Exit updatePlayerStateAndPosition
07-28 14:18:50.769  1771  1884 D ProcessManager: add temp remove audio inactive uid : 10270
07-28 14:18:50.769   760 24861 E volume_listener: check_and_set_gain_dep_cal: Failed to set gain dep cal level
07-28 14:18:50.770   887   994 D APM_AudioPolicyManager: stopOutput portId 1751
07-28 14:18:50.770   887   994 D APM_AudioPolicyManager: stopOutput() output 261, stream 3, session 16593
07-28 14:18:50.770   887   994 D APM_AudioPolicyManager: getNewOutputDevices selected devices AUDIO_DEVICE_NONE
07-28 14:18:50.770   887   994 D APM_AudioPolicyManager: setOutputDevices device AUDIO_DEVICE_NONE delayMs 124 force 0
07-28 14:18:50.770   887   994 D APM_AudioPolicyManager: setOutputDevices() prevDevice {type:0x2,@:}
07-28 14:18:50.771   760 24861 E volume_listener: check_and_set_gain_dep_cal: Failed to set gain dep cal level
07-28 14:18:50.771  1771  1830 W ActivityManager: setHasOverlayUi called on unknown pid: 15614
07-28 14:18:50.772  5269  5443 I AppActiveChecker: uid:10270change to inactive
07-28 14:18:50.773  1771  2451 I MiuiNetworkPolicy: removeUidState uid = 10270
07-28 14:18:50.773  1771  2451 I MiuiNetworkPolicy: updateWmmForUidState uid: 10270 state: 20 wmm: 0
07-28 14:18:50.773   659 22574 D OemNetd : updateWmm: uid=10270, wmm=0
07-28 14:18:50.774   760 24861 V EffectMiSound: MiSound_command() start, cmdCode=20
07-28 14:18:50.774   760 24861 V EffectMiSound: MiSound_Command EFFECT_CMD_OFFLOAD
07-28 14:18:50.774   760  6432 V EffectMiSound: MiSound_command() start, cmdCode=1
07-28 14:18:50.774   760  6432 V EffectMiSound: MiSound_setConfig start
07-28 14:18:50.774   760  6432 I EffectMiSound: MiSound_updateState(), enable=0, hifi=0, device=0x2, headset=5, samplingRate=48000
07-28 14:18:50.774   760  6432 I EffectMiSound: MiSound_updateState(), mode=0, music=0, movie=0, reset=0
07-28 14:18:50.774   760  6432 I EffectMiSound: MiSound_updateState(), Speaker Dual Mode is not supported. Stop update state.
07-28 14:18:50.774   760   913 V EffectMiSound: MiSound_command() start, cmdCode=9
07-28 14:18:50.774   760   913 V EffectMiSound: MiSound_Command EFFECT_CMD_SET_DEVICE: 0x00000002
07-28 14:18:50.774   760  2476 V EffectMiSound: MiSound_command() start, cmdCode=11
07-28 14:18:50.775   760  2476 V EffectMiSound: MiSound_Command EFFECT_CMD_SET_AUDIO_MODE: 0
07-28 14:18:50.775   887   994 D APM_AudioPolicyManager: releaseOutput portId 1751
07-28 14:18:50.775 23810 23810 I InputMethodService: rootViewHeight : 1853 fullScreenHeight:1689 inputAreaHeight:0 miuiBottomHeight:164
07-28 14:18:50.775   887   994 D APM_AudioPolicyManager: releaseOutput() 261
07-28 14:18:50.775 23810 23810 I InputMethodService: heightLeftForMIUI 164
07-28 14:18:50.775   887   994 D APM_AudioPolicyManager: closeOutput(261)
07-28 14:18:50.775 23810 23810 I InputMethodService: rootViewHeight : 1853 fullScreenHeight:1689 inputAreaHeight:0 miuiBottomHeight:164
07-28 14:18:50.775 23810 23810 I InputMethodService: heightLeftForMIUI 164
07-28 14:18:50.775 23810 23810 I InputMethodService: rootViewHeight : 1853 fullScreenHeight:1689 inputAreaHeight:0 miuiBottomHeight:164
07-28 14:18:50.775 23810 23810 I InputMethodService: heightLeftForMIUI 164
07-28 14:18:50.775 23810 23810 I InputMethodService: rootViewHeight : 1853 fullScreenHeight:1689 inputAreaHeight:0 miuiBottomHeight:164
07-28 14:18:50.775 23810 23810 I InputMethodService: heightLeftForMIUI 164
07-28 14:18:50.775 23810 23810 I InputMethodService: rootViewHeight : 1853 fullScreenHeight:1689 inputAreaHeight:0 miuiBottomHeight:164
07-28 14:18:50.775 23810 23810 I InputMethodService: heightLeftForMIUI 164
07-28 14:18:50.775 23810 23810 I InputMethodService: rootViewHeight : 1853 fullScreenHeight:1689 inputAreaHeight:0 miuiBottomHeight:164
07-28 14:18:50.775 23810 23810 I InputMethodService: heightLeftForMIUI 164
07-28 14:18:50.775 23810 23810 I InputMethodService: rootViewHeight : 1853 fullScreenHeight:1689 inputAreaHeight:0 miuiBottomHeight:164
07-28 14:18:50.775 23810 23810 I InputMethodService: heightLeftForMIUI 164
07-28 14:18:50.775 23810 23810 I InputMethodService: rootViewHeight : 1853 fullScreenHeight:1689 inputAreaHeight:0 miuiBottomHeight:164
07-28 14:18:50.775 23810 23810 I InputMethodService: heightLeftForMIUI 164
07-28 14:18:50.775 23810 23810 I InputMethodService: rootViewHeight : 1853 fullScreenHeight:1689 inputAreaHeight:0 miuiBottomHeight:164
07-28 14:18:50.775 23810 23810 I InputMethodService: heightLeftForMIUI 164
07-28 14:18:50.775 23810 23810 I InputMethodService: rootViewHeight : 1853 fullScreenHeight:1689 inputAreaHeight:0 miuiBottomHeight:164
07-28 14:18:50.775 23810 23810 I InputMethodService: heightLeftForMIUI 164
07-28 14:18:50.775 23810 23810 I InputMethodService: rootViewHeight : 1853 fullScreenHeight:1689 inputAreaHeight:0 miuiBottomHeight:164
07-28 14:18:50.775 23810 23810 I InputMethodService: heightLeftForMIUI 164
07-28 14:18:50.775 23810 23810 I InputMethodService: rootViewHeight : 1853 fullScreenHeight:1689 inputAreaHeight:0 miuiBottomHeight:164
07-28 14:18:50.775 23810 23810 I InputMethodService: heightLeftForMIUI 164
07-28 14:18:50.775 23810 23810 I InputMethodService: Reset touchable region Info.touchableRegion.set SkRegion()
07-28 14:18:50.776   659 22574 D OemNetd : whiteListUid: uid=10270, wmm=del
07-28 14:18:50.776   760  6432 D audio_hw_primary: out_set_parameters: enter: usecase(4: compress-offload-playback2) kvpairs: routing=0
07-28 14:18:50.777   760 24861 D audio_hw_primary: out_set_parameters: enter: usecase(4: compress-offload-playback2) kvpairs: closing=true
07-28 14:18:50.779   659 22574 I netd    : firewallSetUidRule(2, 10270, 2) <0.04ms>
07-28 14:18:50.779   760 24861 D audio_hw_primary: out_set_parameters: enter: usecase(4: compress-offload-playback2) kvpairs: exiting=1
07-28 14:18:50.780   760 24861 D audio_hw_primary: adev_close_output_stream: enter:stream_handle(compress-offload-playback2)
07-28 14:18:50.780   760 24861 D audio_hw_primary: out_standby: enter: stream (0xef652800) usecase(4: compress-offload-playback2)
07-28 14:18:50.780   760 24861 D audio_hw_primary: out_standby: exit
07-28 14:18:50.790   794  3768 E ANDR-PERF-LM: AdaptiveLaunch: writeToDataBase() 63: Meter aborted or could not get meter data for this run
07-28 14:18:50.794  1771  5790 D skia    : --- Failed to create image decoder with message 'unimplemented'
07-28 14:18:50.794  1771  5790 W WindowManager: Failed to load bitmap: /data/system_ce/0/snapshots/4294.jpg
07-28 14:18:50.910   794  3757 E ANDR-PERF-LM: StatsProvider: stats_nl_error_callback() 110: NL SOC receive error: No such process
07-28 14:18:50.910   794  3757 E ANDR-PERF-LM: StatsProvider: sendRecvData() 267: nl_recvmsgs failed return=-12
07-28 14:18:50.910   794  3757 E ANDR-PERF-LM: StatsProvider: getPIDStats() 119: sendRecvData returned error = -4
07-28 14:18:50.924  1771  2448 D NtpTrustedTime: currentTimeMillis() cache hit
07-28 14:18:50.924   659 22574 I netd    : trafficSwapActiveStatsMap() <0.21ms>
07-28 14:18:50.926   659 22574 I netd    : tetherGetStats() <1.07ms>
07-28 14:18:50.937  1771  2448 D NtpTrustedTime: currentTimeMillis() cache hit
07-28 14:18:50.942   659 22574 I netd    : bandwidthSetGlobalAlert(131072) <0.11ms>
07-28 14:18:50.942   650   850 I TrafficManageService: mina mTrafficStatsReceiver onReceive
07-28 14:18:51.043 19749 19749 E Launcher: changeViewByFsGestureState,  view=FitSystemWindowView,  alpha=1.0,  scale=1.0
07-28 14:18:51.043 19749 19749 E Launcher: changeViewByFsGestureState,  view=ShortcutMenuLayer,  alpha=1.0,  scale=1.0
07-28 14:18:51.044  2542  2563 D EventBus: [2542, u0] post(FsGestureShowStateEvent)
07-28 14:18:51.044  2542  2542 D EventBus: [2542, u0]  -> RecentsImpl [0x63d33ee, P1] onBusEvent(FsGestureShowStateEvent)
07-28 14:18:51.045  2542  2542 D EventBus: [2542, u0] onBusEvent(FsGestureShowStateEvent) duration: 969 microseconds, avg: 878
07-28 14:18:51.210   794  3757 E ANDR-PERF-LM: StatsProvider: stats_nl_error_callback() 110: NL SOC receive error: No such process
07-28 14:18:51.211   794  3757 E ANDR-PERF-LM: StatsProvider: sendRecvData() 267: nl_recvmsgs failed return=-12
07-28 14:18:51.211   794  3757 E ANDR-PERF-LM: StatsProvider: getPIDStats() 119: sendRecvData returned error = -4
07-28 14:18:51.270 17522 17584 V Avrcp_ext: AvrcpMessageHandler: received message=29
07-28 14:18:51.270 17522 17584 V Avrcp_ext: updateCurrentMediaState: mMediaController: null
07-28 14:18:51.271 17522 17584 V Avrcp_ext: isMusicActive: false getBluetoothPlayState: 2
07-28 14:18:51.271 17522 17584 V Avrcp_ext: updateCurrentMediaState: isPlaying = false
07-28 14:18:51.271 17522 17584 V Avrcp_ext: updateCurrentMediaState: mMediaController or getPlaybackState() null
07-28 14:18:51.271 17522 17584 V Avrcp_ext: Media update: id -1-1? [MediaAttributes: none] : [MediaAttributes: none]
07-28 14:18:51.271 17522 17584 V Avrcp_ext: newPlayStatus:2mReportedPlayStatus:-1
07-28 14:18:51.271 17522 17584 V Avrcp_ext: updatePlaybackState, state: PlaybackState {state=2, position=-1, buffered position=0, speed=0.0, updated=3604714157, actions=0, custom actions=[], active item id=-1, error=null} device: null
07-28 14:18:51.271 17522 17584 V Avrcp_ext: Device: no name: 
07-28 14:18:51.271 17522 17584 I chatty  : uid=1002(bluetooth) BluetoothAvrcpH identical 3 lines
07-28 14:18:51.271 17522 17584 V Avrcp_ext: Device: no name: 
07-28 14:18:51.271 17522 17584 V Avrcp_ext: updatePlayerStateAndPosition, old=PlaybackState {state=2, position=-1, buffered position=0, speed=0.0, updated=3604713652, actions=0, custom actions=[], active item id=-1, error=null}, state=PlaybackState {state=2, position=-1, buffered position=0, speed=0.0, updated=3604714157, actions=0, custom actions=[], active item id=-1, error=null}
07-28 14:18:51.271 17522 17584 V Avrcp_ext: old state = PlaybackState {state=2, position=-1, buffered position=0, speed=0.0, updated=3604713652, actions=0, custom actions=[], active item id=-1, error=null}, new state= PlaybackState {state=2, position=-1, buffered position=0, speed=0.0, updated=3604714157, actions=0, custom actions=[], active item id=-1, error=null}
07-28 14:18:51.271 17522 17584 D HeadsetService: getHeadsetService(): returning com.android.bluetooth.hfp.HeadsetService@c414c21
07-28 14:18:51.272 17522 17584 D HeadsetService:  isAudioOn: The number of audio connected devices 0
07-28 14:18:51.272 17522 17584 D HeadsetService: isScoOrCallActive(): Call Active:falseCall is Ringing:falseSCO is Active:false
07-28 14:18:51.272 17522 17584 D HeadsetService:  isAudioOn: The number of audio connected devices 0
07-28 14:18:51.272 17522 17584 I Avrcp_ext: updatePlayStatusForDevice: device: null
07-28 14:18:51.272 17522 17584 V Avrcp_ext: updatePlaybackState (1): old=PlaybackState {state=2, position=-1, buffered position=0, speed=0.0, updated=3604713652, actions=0, custom actions=[], active item id=-1, error=null}(2), new=PlaybackState {state=2, position=-1, buffered position=0, speed=0.0, updated=3604714157, actions=0, custom actions=[], active item id=-1, error=null}(2)
07-28 14:18:51.272 17522 17584 I Avrcp_ext: Exit updatePlayStatusForDevice
07-28 14:18:51.272 17522 17584 D HeadsetService:  isAudioOn: The number of audio connected devices 0
07-28 14:18:51.273 17522 17584 D HeadsetService: isScoOrCallActive(): Call Active:falseCall is Ringing:falseSCO is Active:false
07-28 14:18:51.273 17522 17584 D HeadsetService:  isAudioOn: The number of audio connected devices 0
07-28 14:18:51.273 17522 17584 I Avrcp_ext: updatePlayStatusForDevice: device: null
07-28 14:18:51.273 17522 17584 V Avrcp_ext: updatePlaybackState (1): old=PlaybackState {state=2, position=-1, buffered position=0, speed=0.0, updated=3604713652, actions=0, custom actions=[], active item id=-1, error=null}(2), new=PlaybackState {state=2, position=-1, buffered position=0, speed=0.0, updated=3604714157, actions=0, custom actions=[], active item id=-1, error=null}(2)
07-28 14:18:51.273 17522 17584 I Avrcp_ext: Exit updatePlayStatusForDevice
07-28 14:18:51.273 17522 17584 D HeadsetService:  isAudioOn: The number of audio connected devices 0
07-28 14:18:51.273 17522 17584 D HeadsetService: isScoOrCallActive(): Call Active:falseCall is Ringing:falseSCO is Active:false
07-28 14:18:51.274 17522 17584 D HeadsetService:  isAudioOn: The number of audio connected devices 0
07-28 14:18:51.274 17522 17584 I Avrcp_ext: updatePlayStatusForDevice: device: null
07-28 14:18:51.274 17522 17584 V Avrcp_ext: updatePlaybackState (1): old=PlaybackState {state=2, position=-1, buffered position=0, speed=0.0, updated=3604713652, actions=0, custom actions=[], active item id=-1, error=null}(2), new=PlaybackState {state=2, position=-1, buffered position=0, speed=0.0, updated=3604714157, actions=0, custom actions=[], active item id=-1, error=null}(2)
07-28 14:18:51.274 17522 17584 I Avrcp_ext: Exit updatePlayStatusForDevice
07-28 14:18:51.274 17522 17584 D HeadsetService:  isAudioOn: The number of audio connected devices 0
07-28 14:18:51.274 17522 17584 D HeadsetService: isScoOrCallActive(): Call Active:falseCall is Ringing:falseSCO is Active:false
07-28 14:18:51.274 17522 17584 D HeadsetService:  isAudioOn: The number of audio connected devices 0
07-28 14:18:51.274 17522 17584 I Avrcp_ext: updatePlayStatusForDevice: device: null
07-28 14:18:51.275 17522 17584 V Avrcp_ext: updatePlaybackState (1): old=PlaybackState {state=2, position=-1, buffered position=0, speed=0.0, updated=3604713652, actions=0, custom actions=[], active item id=-1, error=null}(2), new=PlaybackState {state=2, position=-1, buffered position=0, speed=0.0, updated=3604714157, actions=0, custom actions=[], active item id=-1, error=null}(2)
07-28 14:18:51.275 17522 17584 I Avrcp_ext: Exit updatePlayStatusForDevice
07-28 14:18:51.275 17522 17584 D HeadsetService:  isAudioOn: The number of audio connected devices 0
07-28 14:18:51.275 17522 17584 D HeadsetService: isScoOrCallActive(): Call Active:falseCall is Ringing:falseSCO is Active:false
07-28 14:18:51.275 17522 17584 D HeadsetService:  isAudioOn: The number of audio connected devices 0
07-28 14:18:51.275 17522 17584 I Avrcp_ext: updatePlayStatusForDevice: device: null
07-28 14:18:51.275 17522 17584 V Avrcp_ext: updatePlaybackState (1): old=PlaybackState {state=2, position=-1, buffered position=0, speed=0.0, updated=3604713652, actions=0, custom actions=[], active item id=-1, error=null}(2), new=PlaybackState {state=2, position=-1, buffered position=0, speed=0.0, updated=3604714157, actions=0, custom actions=[], active item id=-1, error=null}(2)
07-28 14:18:51.275 17522 17584 I Avrcp_ext: Exit updatePlayStatusForDevice
07-28 14:18:51.275 17522 17584 D Avrcp_ext: Enter sendPlayPosNotificationRsp
07-28 14:18:51.275 17522 17584 D Avrcp_ext: sendPlayPosNotificationRsp: Not registered or requesting.
07-28 14:18:51.275 17522 17584 D Avrcp_ext: Enter sendPlayPosNotificationRsp
07-28 14:18:51.275 17522 17584 D Avrcp_ext: sendPlayPosNotificationRsp: Not registered or requesting.
07-28 14:18:51.275 17522 17584 D Avrcp_ext: Enter sendPlayPosNotificationRsp
07-28 14:18:51.275 17522 17584 D Avrcp_ext: sendPlayPosNotificationRsp: Not registered or requesting.
07-28 14:18:51.275 17522 17584 D Avrcp_ext: Enter sendPlayPosNotificationRsp
07-28 14:18:51.275 17522 17584 D Avrcp_ext: sendPlayPosNotificationRsp: Not registered or requesting.
07-28 14:18:51.275 17522 17584 D Avrcp_ext: Enter sendPlayPosNotificationRsp
07-28 14:18:51.275 17522 17584 D Avrcp_ext: sendPlayPosNotificationRsp: Not registered or requesting.
07-28 14:18:51.275 17522 17584 V Avrcp_ext: Exit updatePlayerStateAndPosition
07-28 14:18:51.275 17522 17584 V Avrcp_ext: Exit handleMessage
07-28 14:18:51.346  2542  2542 D GestureStubView: hideGestureStub
07-28 14:18:51.346  2542  2542 D GestureStubView: hideGestureStub
07-28 14:18:51.360  2542  2542 D GestureStubView: gatherTransparentRegion: need render w:54  h:1440
07-28 14:18:51.370  1771  2490 D ProcessManager: real remove inactive uid : 10270 flag : 1
07-28 14:18:51.366  2542  2542 D GestureStubView: gatherTransparentRegion: need render w:54  h:1440
07-28 14:18:51.512   794  3757 E ANDR-PERF-LM: StatsProvider: stats_nl_error_callback() 110: NL SOC receive error: No such process
07-28 14:18:51.512   794  3757 E ANDR-PERF-LM: StatsProvider: sendRecvData() 267: nl_recvmsgs failed return=-12
07-28 14:18:51.512   794  3757 E ANDR-PERF-LM: StatsProvider: getPIDStats() 119: sendRecvData returned error = -4
07-28 14:18:51.814   794  3757 E ANDR-PERF-LM: StatsProvider: stats_nl_error_callback() 110: NL SOC receive error: No such process
07-28 14:18:51.814   794  3757 E ANDR-PERF-LM: StatsProvider: sendRecvData() 267: nl_recvmsgs failed return=-12
07-28 14:18:51.814   794  3757 E ANDR-PERF-LM: StatsProvider: getPIDStats() 119: sendRecvData returned error = -4
07-28 14:18:52.115   794  3757 E ANDR-PERF-LM: StatsProvider: stats_nl_error_callback() 110: NL SOC receive error: No such process
07-28 14:18:52.115   794  3757 E ANDR-PERF-LM: StatsProvider: sendRecvData() 267: nl_recvmsgs failed return=-12
07-28 14:18:52.115   794  3757 E ANDR-PERF-LM: StatsProvider: getPIDStats() 119: sendRecvData returned error = -4
07-28 14:18:52.417   794  3757 E ANDR-PERF-LM: StatsProvider: stats_nl_error_callback() 110: NL SOC receive error: No such process
07-28 14:18:52.417   794  3757 E ANDR-PERF-LM: StatsProvider: sendRecvData() 267: nl_recvmsgs failed return=-12
07-28 14:18:52.417   794  3757 E ANDR-PERF-LM: StatsProvider: getPIDStats() 119: sendRecvData returned error = -4
07-28 14:18:52.718   794  3757 E ANDR-PERF-LM: StatsProvider: stats_nl_error_callback() 110: NL SOC receive error: No such process
07-28 14:18:52.718   794  3757 E ANDR-PERF-LM: StatsProvider: sendRecvData() 267: nl_recvmsgs failed return=-12
07-28 14:18:52.718   794  3757 E ANDR-PERF-LM: StatsProvider: getPIDStats() 119: sendRecvData returned error = -4
07-28 14:18:53.021   794  3757 E ANDR-PERF-LM: StatsProvider: stats_nl_error_callback() 110: NL SOC receive error: No such process
07-28 14:18:53.021   794  3757 E ANDR-PERF-LM: StatsProvider: sendRecvData() 267: nl_recvmsgs failed return=-12
07-28 14:18:53.021   794  3757 E ANDR-PERF-LM: StatsProvider: getPIDStats() 119: sendRecvData returned error = -4
07-28 14:18:53.064  1771  2451 I MiuiNetworkPolicy: bandwidth: 237 KB/s, Max bandwidth: 8002 KB/s
07-28 14:18:53.069   659 22574 D OemNetd : setLimit: enable, rate=7502393
07-28 14:18:53.332   794  3757 E ANDR-PERF-LM: StatsProvider: stats_nl_error_callback() 110: NL SOC receive error: No such process
07-28 14:18:53.333   794  3757 E ANDR-PERF-LM: StatsProvider: sendRecvData() 267: nl_recvmsgs failed return=-12
07-28 14:18:53.333   794  3757 E ANDR-PERF-LM: StatsProvider: getPIDStats() 119: sendRecvData returned error = -4
07-28 14:18:53.634   794  3757 E ANDR-PERF-LM: StatsProvider: stats_nl_error_callback() 110: NL SOC receive error: No such process
07-28 14:18:53.634   794  3757 E ANDR-PERF-LM: StatsProvider: sendRecvData() 267: nl_recvmsgs failed return=-12
07-28 14:18:53.635   794  3757 E ANDR-PERF-LM: StatsProvider: getPIDStats() 119: sendRecvData returned error = -4
07-28 14:18:53.936   794  3757 E ANDR-PERF-LM: StatsProvider: stats_nl_error_callback() 110: NL SOC receive error: No such process
07-28 14:18:53.936   794  3757 E ANDR-PERF-LM: StatsProvider: sendRecvData() 267: nl_recvmsgs failed return=-12
07-28 14:18:53.936   794  3757 E ANDR-PERF-LM: StatsProvider: getPIDStats() 119: sendRecvData returned error = -4
07-28 14:18:54.238   794  3757 E ANDR-PERF-LM: StatsProvider: stats_nl_error_callback() 110: NL SOC receive error: No such process
07-28 14:18:54.238   794  3757 E ANDR-PERF-LM: StatsProvider: sendRecvData() 267: nl_recvmsgs failed return=-12
07-28 14:18:54.239   794  3757 E ANDR-PERF-LM: StatsProvider: getPIDStats() 119: sendRecvData returned error = -4
07-28 14:18:54.540   794  3757 E ANDR-PERF-LM: StatsProvider: stats_nl_error_callback() 110: NL SOC receive error: No such process
07-28 14:18:54.540   794  3757 E ANDR-PERF-LM: StatsProvider: sendRecvData() 267: nl_recvmsgs failed return=-12
07-28 14:18:54.540   794  3757 E ANDR-PERF-LM: StatsProvider: getPIDStats() 119: sendRecvData returned error = -4
07-28 14:18:54.842   794  3757 E ANDR-PERF-LM: StatsProvider: stats_nl_error_callback() 110: NL SOC receive error: No such process
07-28 14:18:54.842   794  3757 E ANDR-PERF-LM: StatsProvider: sendRecvData() 267: nl_recvmsgs failed return=-12
07-28 14:18:54.842   794  3757 E ANDR-PERF-LM: StatsProvider: getPIDStats() 119: sendRecvData returned error = -4
07-28 14:18:55.144   794  3757 E ANDR-PERF-LM: StatsProvider: stats_nl_error_callback() 110: NL SOC receive error: No such process
07-28 14:18:55.144   794  3757 E ANDR-PERF-LM: StatsProvider: sendRecvData() 267: nl_recvmsgs failed return=-12
