07-28 14:19:28.553 13583 13624 I mivideo : [ com.miui.video.feature.localpush.CirclePeriodWorker ] doWork() called
07-28 14:19:28.553 13583 13624 I mivideo : [ com.miui.video.feature.localpush.PushConfig ] isWhitePermission() called false
07-28 14:19:28.553 13583 13624 D mivideo : [ com.miui.video.feature.localpush.LocalPushDataManager ]  getLocalPushEntity: jsonString={"active_notice":{"config":{"frequency_time":24,"frequency_time_after_close":3,"interval_time":15,"max_native_notice_num":1,"max_up_2_top_num":1,"show_close_button":true}},"allow_time_region":{"end_time":1380,"from_time":330},"normal_notice":{"config":{"frequency_time":24,"frequency_time_after_close":3,"interval_time":15,"max_native_notice_num":1,"max_up_2_top_num":1,"show_close_button":true}},"switch_open":true,"result":0,"baseId":0,"isFirst":false,"isLast":false,"isPrePlay":false,"layoutType":0,"mInlinePlayType":0,"showPercent":0,"showType":0,"showValue":0}
07-28 14:19:28.554 13583 13624 I mivideo : [ com.miui.video.feature.localpush.LocalPushDataManager ] isRequestNewUserNotice() called lastOnlinePlayTime=0
07-28 14:19:28.554 13583 13624 D mivideo : [ com.miui.video.feature.localpush.LocalPushDataManager ]  getLocalPushEntity: jsonString={"active_notice":{"config":{"frequency_time":24,"frequency_time_after_close":3,"interval_time":15,"max_native_notice_num":1,"max_up_2_top_num":1,"show_close_button":true}},"allow_time_region":{"end_time":1380,"from_time":330},"normal_notice":{"config":{"frequency_time":24,"frequency_time_after_close":3,"interval_time":15,"max_native_notice_num":1,"max_up_2_top_num":1,"show_close_button":true}},"switch_open":true,"result":0,"baseId":0,"isFirst":false,"isLast":false,"isPrePlay":false,"layoutType":0,"mInlinePlayType":0,"showPercent":0,"showType":0,"showValue":0}
07-28 14:19:28.554 13583 13624 D mivideo : [ com.miui.video.feature.localpush.LocalPushDataManager ]  isRequestNewUserNotice: cacheLocalPushEntity=LocalPushEntity{activeNotice=PushCommonEntity{config=com.miui.video.core.entity.localpush.ConfigEntity@eb56d84}, normalNotice=PushCommonEntity{config=com.miui.video.core.entity.localpush.ConfigEntity@2b6096d}, allowTimeRegion=com.miui.video.core.entity.localpush.AllowTimeRegionEntity@5af69a2}
07-28 14:19:28.554 13583 13624 D mivideo : [ com.miui.video.feature.localpush.LocalPushDataManager ]  isRequestNewUserNotice: activeNotice=PushCommonEntity{config=com.miui.video.core.entity.localpush.ConfigEntity@eb56d84}
07-28 14:19:28.554 13583 13624 D mivideo : [ com.miui.video.feature.localpush.LocalPushDataManager ]  isRequestNewUserNotice: config=com.miui.video.core.entity.localpush.ConfigEntity@eb56d84
07-28 14:19:28.554 13583 13624 I mivideo : [ com.miui.video.feature.localpush.CirclePeriodWorker ] doWork() called duration=843267 isRepeat=false currentTimeMillis=1595917168553 minRepTime=840000
07-28 14:19:28.554 13583 13624 I mivideo : [ com.miui.video.feature.localpush.LocalPushManager ] workAwake() called
07-28 14:19:28.554 13583 13624 D mivideo : [ com.miui.video.feature.localpush.PushConfig ] isVersionChange() called versionCode=2020072490 pushCode=2020060390
07-28 14:19:28.554 13583 13624 I mivideo : [ com.miui.video.feature.localpush.LocalPushManager ] checkPushState() callback: isFromWork = [ true ] state = [-4]
07-28 14:19:28.555 13583 13607 I WM-WorkerWrapper: Worker result SUCCESS for Work [ id=947f35b7-db8c-4da6-89ed-b39e4051bea4, tags={ com.miui.video.feature.localpush.CirclePeriodWorker, PeriodicWorkRequest } ]
07-28 14:19:28.558   801 32732 I /vendor/bin/hw/vendor.qti.hardware.servicetracker@1.1-service: unbindService is called for service : com.miui.video/androidx.work.impl.background.systemjob.SystemJobService and for client system
07-28 14:19:28.558   801 32732 I /vendor/bin/hw/vendor.qti.hardware.servicetracker@1.1-service: size of service connections for service: com.miui.video/androidx.work.impl.background.systemjob.SystemJobServiceafter removal is 0
07-28 14:19:28.558   801 32732 I /vendor/bin/hw/vendor.qti.hardware.servicetracker@1.1-service: size of client connections for client: systemafter removal is 18
07-28 14:19:28.559   801 32732 I /vendor/bin/hw/vendor.qti.hardware.servicetracker@1.1-service: destroyService is called for service : com.miui.video/androidx.work.impl.background.systemjob.SystemJobService
07-28 14:19:28.561  1771  2451 I MiuiNetworkPolicy: updateUidState uid = 10083, uidState = 11
07-28 14:19:28.573  1771  2451 I MiuiNetworkPolicy: updateUidState uid = 10083, uidState = 20
07-28 14:19:28.830  4058  4058 I wpa_supplicant: p2p0: CTRL-EVENT-AVOID-FREQ ranges=5500-5640
07-28 14:19:28.831  4058  4058 I wpa_supplicant: p2p0: CTRL-EVENT-REGDOM-CHANGE init=DRIVER type=COUNTRY alpha2=CN
07-28 14:19:28.833  1217  1217 I cnss-daemon: nl80211 response handler invoked
07-28 14:19:28.834  1217  1217 I cnss-daemon: nl80211_response_handler: cmd 103, vendorID 4980, subcmd 10  received
07-28 14:19:28.835   783  4073 I WifiHAL : event received NL80211_CMD_VENDOR, vendor_id = 0x1374, subcmd = 0xa
07-28 14:19:29.125  1771  2451 I MiuiNetworkPolicy: bandwidth: 5 KB/s, Max bandwidth: 8002 KB/s
07-28 14:19:29.593 17520 17574 I vendor.qti.bluetooth@1.0-ibs_handler: ProcessIbsCmd: Received IBS_WAKE_IND: 0xFD
07-28 14:19:29.594 17520 17574 D vendor.qti.bluetooth@1.0-ibs_handler: SerialClockVote: vote for UART CLK ON
07-28 14:19:29.595 17520 17574 D vendor.qti.bluetooth@1.0-wake_lock: Acquire wakelock is acquired 
07-28 14:19:29.595 17520 17574 I vendor.qti.bluetooth@1.0-ibs_handler: ProcessIbsCmd: Writing IBS_WAKE_ACK
07-28 14:19:29.597 17522 17577 V bt_stack: [VERBOSE1:btm_ble_gap.cc(1923)] btm_ble_process_ext_adv_pkt: bda=78:a7:eb:22:8f:01
07-28 14:19:29.598 17522 17577 V bt_stack: [VERBOSE1:btm_ble_gap.cc(1847)] btm_ble_process_adv_addr: bda=78:a7:eb:22:8f:01
07-28 14:19:29.598 17522 17577 V bt_stack: [VERBOSE1:btm_ble_gap.cc(2052)]  Waiting for scan response 78:a7:eb:22:8f:01
07-28 14:19:29.677 17520 17574 I vendor.qti.bluetooth@1.0-ibs_handler: ProcessIbsCmd: Received IBS_SLEEP_IND: 0xFE
07-28 14:19:29.677 17520 17574 D vendor.qti.bluetooth@1.0-ibs_handler: SerialClockVote: vote for UART CLK OFF
07-28 14:19:29.828 17520 17571 D vendor.qti.bluetooth@1.0-wake_lock: Release wakelock is released 
07-28 14:19:31.466  1771  5787 D WificondControl: Scan result ready event
07-28 14:19:31.474  1323  4074 I LOWI-8.6.0.72: [LOWI-Scan] lowi_close_record:Scan done in 3604740841ms, 23 APs in scan results
07-28 14:19:31.498  1771  2502 I AppScanObserverService: Start to match app observer
07-28 14:19:32.130  1771  2451 I MiuiNetworkPolicy: bandwidth: 4 KB/s, Max bandwidth: 8002 KB/s
07-28 14:19:32.611 17520 17574 I vendor.qti.bluetooth@1.0-ibs_handler: ProcessIbsCmd: Received IBS_WAKE_IND: 0xFD
07-28 14:19:32.612 17520 17574 D vendor.qti.bluetooth@1.0-ibs_handler: SerialClockVote: vote for UART CLK ON
07-28 14:19:32.612 17520 17574 D vendor.qti.bluetooth@1.0-wake_lock: Acquire wakelock is acquired 
07-28 14:19:32.613 17520 17574 I vendor.qti.bluetooth@1.0-ibs_handler: ProcessIbsCmd: Writing IBS_WAKE_ACK
07-28 14:19:32.618 17522 17577 V bt_stack: [VERBOSE1:btm_ble_gap.cc(1923)] btm_ble_process_ext_adv_pkt: bda=78:a7:eb:22:8f:01
07-28 14:19:32.618 17522 17577 V bt_stack: [VERBOSE1:btm_ble_gap.cc(1847)] btm_ble_process_adv_addr: bda=78:a7:eb:22:8f:01
07-28 14:19:32.618 17522 17577 V bt_stack: [VERBOSE1:btm_ble_gap.cc(2052)]  Waiting for scan response 78:a7:eb:22:8f:01
07-28 14:19:32.618 17522 17577 V bt_stack: [VERBOSE1:btm_ble_gap.cc(1923)] btm_ble_process_ext_adv_pkt: bda=78:a7:eb:22:8f:01
07-28 14:19:32.618 17522 17577 V bt_stack: [VERBOSE1:btm_ble_gap.cc(1847)] btm_ble_process_adv_addr: bda=78:a7:eb:22:8f:01
07-28 14:19:32.630 17522 17556 D BluetoothUtils: blockedByLocationOff callingUid=1002
07-28 14:19:32.632 17522 17556 I BluetoothUtils: packagename is android.uid.bluetooth:1002 ,and its permission is false
07-28 14:19:32.634 20961 20982 D MiuiFastConnectService: handleMessage: what: 11, msg.arg1: 1, msg.arg2: 0
07-28 14:19:32.636 20961 20982 D MiuiFastConnectService: current device: 00:00:00:9C:DA:4A, peer device: 00:00:00:9E:4A:6F, connect able device: 00:00:00:00:00:00
07-28 14:19:32.636 20961 20982 D MiuiFastConnectService: scanCallback: data=[4D,15,89,01,6E,64,64,30,A7,3D,3E,A7,78,EB,6F,4A,9E,8E,A7,78,EB,4A,DA,9C,00,00,00,], rssi: -68
07-28 14:19:32.637 20961 20982 D MiuiFastConnectService: change scan mode: 1
07-28 14:19:32.640  1771  1771 V SettingsProvider: Notifying for 0: content://settings/global/ble_scan_low_power_window_ms
07-28 14:19:32.642 20961 20982 D MiuiFastConnectService: stopBleScan: scanning: true
07-28 14:19:32.643  1771  1771 V SettingsProvider: Notifying for 0: content://settings/global/ble_scan_low_power_interval_ms
07-28 14:19:32.645 20961 20982 D BluetoothAdapter: isLeEnabled(): ON
07-28 14:19:32.645  1771  1771 V SettingsProvider: Notifying for 0: content://settings/global/fast_connect_ble_scan_mode
07-28 14:19:32.646 17522 26061 D BtGatt.GattService: stopScan() - queue size =1
07-28 14:19:32.648 17522 17568 I BtGatt.ScanManager: msg.what = 1
07-28 14:19:32.649 17522 17568 D BtGatt.ScanManager: stop scan
07-28 14:19:32.649 17522 26061 D BtGatt.GattService: unregisterScanner() - scannerId=5
07-28 14:19:32.650 17520 17520 I vendor.qti.bluetooth@1.0-ibs_handler: DeviceWakeUp: Writing IBS_WAKE_IND
07-28 14:19:32.650 17522 17577 V bt_stack: [VERBOSE1:gatt_api.cc(1002)] GATT_Deregister gatt_if=5
07-28 14:19:32.650 17522 17577 V bt_stack: [VERBOSE1:connection_manager.cc(161)] on_app_deregistered : app_id 0x05
07-28 14:19:32.650 17520 17574 I vendor.qti.bluetooth@1.0-ibs_handler: ProcessIbsCmd: Received IBS_WAKE_ACK: 0xFC
07-28 14:19:32.651 17522 17556 D BtGatt.GattService: onScanFilterParamsConfigured() - clientIf=5, status=0, action=1, availableSpace=30
07-28 14:19:32.651 17522 17556 D BtGatt.ScanManager: callback done for scannerId - 5 status - 0
07-28 14:19:32.655 17522 17556 D BtGatt.GattService: onScanFilterParamsConfigured() - clientIf=5, status=0, action=1, availableSpace=31
07-28 14:19:32.655 17522 17556 D BtGatt.ScanManager: callback done for scannerId - 5 status - 0
07-28 14:19:32.656 17522 17556 D BtGatt.GattService: onScanFilterParamsConfigured() - clientIf=5, status=0, action=1, availableSpace=32
07-28 14:19:32.656 17522 17556 D BtGatt.ScanManager: callback done for scannerId - 5 status - 0
07-28 14:19:32.657 17522 17568 D BtGatt.ScanManager: configureRegularScanParams() - queue=0
07-28 14:19:32.657 17522 17568 D BtGatt.ScanManager: configureRegularScanParams() - ScanSetting LE 1M Scan mode=-2147483648ScanSetting LE Coded Scan mode=-2147483648 mLastConfiguredScanSettingLE1M=0 mLastConfiguredScanSettingLECoded=0scanPhy=1
07-28 14:19:32.657 17522 17568 D BtGatt.ScanManager: configureRegularScanParams() - queue emtpy, scan stopped
07-28 14:19:32.657 17522 17568 D BtGatt.ScanManager: configureRegularScanParams() - queue emtpy, scan stopped
07-28 14:19:32.657 20961 20982 E MiuiFastConnectService: Pre check headset connected
07-28 14:19:32.657 20961 20982 E MiuiFastConnectService: Clear Current Device All Info
07-28 14:19:32.737 17520 17574 I vendor.qti.bluetooth@1.0-ibs_handler: ProcessIbsCmd: Received IBS_SLEEP_IND: 0xFE
07-28 14:19:33.168 20961 20982 D MiuiFastConnectService: handleMessage: what: 2, msg.arg1: 0, msg.arg2: 0
07-28 14:19:33.173 20961 20982 D BluetoothAdapter: isLeEnabled(): ON
07-28 14:19:33.177 17522 26061 D BtGatt.GattService: registerScanner() - UUID=4295ae36-4e98-4ad9-973c-ba66bb167b7a
07-28 14:19:33.179 17522 17577 V bt_stack: [VERBOSE1:bta_gattc_act.cc(175)] bta_gattc_register: state:2
07-28 14:19:33.179 17522 17577 I bt_stack: [INFO:gatt_api.cc(959)] GATT_Register b8dad343-0560-6e83-348b-ca9de4a9ec8b
07-28 14:19:33.179 17522 17577 I bt_stack: [INFO:gatt_api.cc(979)] allocated gatt_if=5
07-28 14:19:33.179 17522 17577 V bt_stack: [VERBOSE1:gatt_api.cc(1089)] GATT_StartIf gatt_if=5
07-28 14:19:33.179 17522 17556 D BtGatt.GattService: onScannerRegistered() - UUID=4295ae36-4e98-4ad9-973c-ba66bb167b7a, scannerId=5, status=0
07-28 14:19:33.180 17522 17577 V bt_stack: [VERBOSE1:gatt_utils.cc(254)] gatt_find_the_connected_bda start_idx=0
07-28 14:19:33.180 17522 17577 V bt_stack: [VERBOSE1:gatt_utils.cc(266)]  found=0 found_idx=10
07-28 14:19:33.180 20961 15662 D BluetoothLeScanner: onScannerRegistered() - status=0 scannerId=5 mScannerId=0
07-28 14:19:33.183 17522 26061 D BtGatt.GattService: start scan with filters. callingPackage: com.xiaomi.bluetooth
07-28 14:19:33.187 17522 26061 D BluetoothUtils: blockedByLocationOff callingUid=1002
07-28 14:19:33.188 17522 26061 I BluetoothUtils: packagename is android.uid.bluetooth:1002 ,and its permission is false
07-28 14:19:33.193 17522 17568 I BtGatt.ScanManager: msg.what = 0
07-28 14:19:33.194 17522 17568 D BtGatt.ScanManager: handling starting scan
07-28 14:19:33.197 17522 17568 D BtGatt.ScanManager: isAptXLowLatencyModeEnabled: false
07-28 14:19:33.202 17520 17574 I vendor.qti.bluetooth@1.0-ibs_handler: ProcessIbsCmd: Received IBS_WAKE_IND: 0xFD
07-28 14:19:33.202 17520 17574 I vendor.qti.bluetooth@1.0-ibs_handler: ProcessIbsCmd: Writing IBS_WAKE_ACK
07-28 14:19:33.204 17522 17556 D BtGatt.GattService: onScanFilterEnableDisabled() - clientIf=5, status=0, action=1
07-28 14:19:33.204 17522 17556 D BtGatt.ScanManager: callback done for scannerId - 5 status - 0
07-28 14:19:33.204 17522 17568 D BtGatt.ScanManager: Available Filter size: 29
07-28 14:19:33.205 17522 17556 D BtGatt.GattService: onScanFilterConfig() - clientIf=5, action = 0 status = 0, filterType=0, availableSpace=0
07-28 14:19:33.205 17522 17556 D BtGatt.ScanManager: callback done for scannerId - 5 status - 0
07-28 14:19:33.206 17522 17568 D BtGatt.ScanManager: configureFilterParamter 500 10000 1 0, deliveryMode=0
07-28 14:19:33.210 17522 17556 D BtGatt.GattService: onScanFilterParamsConfigured() - clientIf=5, status=0, action=0, availableSpace=31
07-28 14:19:33.210 17522 17556 D BtGatt.ScanManager: callback done for scannerId - 5 status - 0
07-28 14:19:33.211 17522 17556 D BtGatt.GattService: onScanFilterConfig() - clientIf=5, action = 0 status = 0, filterType=0, availableSpace=0
07-28 14:19:33.211 17522 17556 D BtGatt.ScanManager: callback done for scannerId - 5 status - 0
07-28 14:19:33.211 17522 17568 D BtGatt.ScanManager: configureFilterParamter 500 10000 1 0, deliveryMode=0
07-28 14:19:33.215 17522 17556 D BtGatt.GattService: onScanFilterParamsConfigured() - clientIf=5, status=0, action=0, availableSpace=30
07-28 14:19:33.215 17522 17556 D BtGatt.ScanManager: callback done for scannerId - 5 status - 0
07-28 14:19:33.216 17522 17556 D BtGatt.GattService: onScanFilterConfig() - clientIf=5, action = 0 status = 0, filterType=0, availableSpace=0
07-28 14:19:33.216 17522 17556 D BtGatt.ScanManager: callback done for scannerId - 5 status - 0
07-28 14:19:33.216 17522 17568 D BtGatt.ScanManager: configureFilterParamter 500 10000 1 0, deliveryMode=0
07-28 14:19:33.220 17522 17556 D BtGatt.GattService: onScanFilterParamsConfigured() - clientIf=5, status=0, action=0, availableSpace=29
07-28 14:19:33.220 17522 17556 D BtGatt.ScanManager: callback done for scannerId - 5 status - 0
07-28 14:19:33.220 17522 17568 D BtGatt.ScanManager: configureRegularScanParams() - queue=1
07-28 14:19:33.220 17522 17568 D BtGatt.ScanManager: configureRegularScanParams() - ScanSetting LE 1M Scan mode=0ScanSetting LE Coded Scan mode=0 mLastConfiguredScanSettingLE1M=-2147483648 mLastConfiguredScanSettingLECoded=-2147483648scanPhy=255
07-28 14:19:33.225 17522 17568 D BtGatt.ScanManager: configureRegularScanParams - scanInterval LE 1M = 660configureRegularScanParams - scanWindow LE 1M= 66configureRegularScanParams - scanInterval LE Coded= 660configureRegularScanParams - scanWindow LE Coded= 66
07-28 14:19:33.226 17522 17556 D BtGatt.GattService: onScanParamSetupCompleted : 0
07-28 14:19:33.312 17520 17574 I vendor.qti.bluetooth@1.0-ibs_handler: ProcessIbsCmd: Received IBS_SLEEP_IND: 0xFE
07-28 14:19:34.231 17520 17580 I vendor.qti.bluetooth@1.0-ibs_handler: DeviceSleep: TX Awake, Sending SLEEP_IND
07-28 14:19:34.231 17520 17580 D vendor.qti.bluetooth@1.0-ibs_handler: SerialClockVote: vote for UART CLK OFF
07-28 14:19:34.393 17520 17571 D vendor.qti.bluetooth@1.0-wake_lock: Release wakelock is released 
07-28 14:19:35.136  1771  2451 I MiuiNetworkPolicy: bandwidth: 6 KB/s, Max bandwidth: 8002 KB/s
07-28 14:19:37.901   659 15703 E ResolverController: No valid NAT64 prefix (164, <unspecified>/0)
07-28 14:19:37.905   659 15704 E ResolverController: No valid NAT64 prefix (164, <unspecified>/0)
07-28 14:19:38.140  1771  2451 I MiuiNetworkPolicy: bandwidth: 5 KB/s, Max bandwidth: 8002 KB/s
07-28 14:19:40.650 17520 17574 I vendor.qti.bluetooth@1.0-ibs_handler: ProcessIbsCmd: Received IBS_WAKE_IND: 0xFD
07-28 14:19:40.651 17520 17574 D vendor.qti.bluetooth@1.0-ibs_handler: SerialClockVote: vote for UART CLK ON
07-28 14:19:40.653 17520 17574 D vendor.qti.bluetooth@1.0-wake_lock: Acquire wakelock is acquired 
07-28 14:19:40.653 17520 17574 I vendor.qti.bluetooth@1.0-ibs_handler: ProcessIbsCmd: Writing IBS_WAKE_ACK
07-28 14:19:40.656 17522 17577 V bt_stack: [VERBOSE1:btm_ble_gap.cc(1923)] btm_ble_process_ext_adv_pkt: bda=78:a7:eb:22:8f:01
07-28 14:19:40.656 17522 17577 V bt_stack: [VERBOSE1:btm_ble_gap.cc(1847)] btm_ble_process_adv_addr: bda=78:a7:eb:22:8f:01
07-28 14:19:40.656 17522 17577 V bt_stack: [VERBOSE1:btm_ble_gap.cc(2052)]  Waiting for scan response 78:a7:eb:22:8f:01
07-28 14:19:40.736 17520 17574 I vendor.qti.bluetooth@1.0-ibs_handler: ProcessIbsCmd: Received IBS_SLEEP_IND: 0xFE
07-28 14:19:40.736 17520 17574 D vendor.qti.bluetooth@1.0-ibs_handler: SerialClockVote: vote for UART CLK OFF
07-28 14:19:40.887 17520 17571 D vendor.qti.bluetooth@1.0-wake_lock: Release wakelock is released 
07-28 14:19:41.145  1771  2451 I MiuiNetworkPolicy: bandwidth: 2 KB/s, Max bandwidth: 8002 KB/s
07-28 14:19:44.150  1771  2451 I MiuiNetworkPolicy: bandwidth: 4 KB/s, Max bandwidth: 8002 KB/s
07-28 14:19:47.155  1771  2451 I MiuiNetworkPolicy: bandwidth: 5 KB/s, Max bandwidth: 8002 KB/s
07-28 14:19:47.535 25310 25414 D WorkerThreadMonitor: Kill MSF check result[ senderSize:0,sendInterval:84483,receiveInterval=24410,addCmdCount=1468
07-28 14:19:48.097   659 22574 D OemNetd : setLimit: disable, rate=0
07-28 14:19:48.264  1771  2448 D NtpTrustedTime: currentTimeMillis() cache hit
07-28 14:19:48.266   659 22574 I netd    : trafficSwapActiveStatsMap() <1.00ms>
07-28 14:19:48.273   659 22574 I netd    : tetherGetStats() <3.04ms>
07-28 14:19:48.294  1771  2448 D NtpTrustedTime: currentTimeMillis() cache hit
07-28 14:19:48.303   650   850 I TrafficManageService: mina mTrafficStatsReceiver onReceive
07-28 14:19:48.303   659 22574 I netd    : bandwidthSetGlobalAlert(131072) <0.23ms>
07-28 14:19:50.158  1771  2451 I MiuiNetworkPolicy: bandwidth: 5 KB/s, Max bandwidth: 8002 KB/s
07-28 14:19:50.628  2542  2542 D KeyguardUpdateMonitor: received broadcast android.intent.action.BATTERY_CHANGED
07-28 14:19:50.629  2800  2800 D QtiCarrierConfigHelper: WARNING, no carrier configs on phone Id: 0
07-28 14:19:50.633  5269  5728 D PowerCheckerService: onBatteryChanged, mBatteryLevel = 100, status = 5, level = 100, plug = 2, scale = 100
07-28 14:19:50.634  2800  2800 D DeviceStatisticsService: Received intent android.intent.action.BATTERY_CHANGED
07-28 14:19:50.636   650   650 I BatteryInfoReceiver: ACTION_BATTERY_CHANGED
07-28 14:19:50.637  2800  2800 D DeviceStatisticsService: chargerType=2 batteryLevel=100 totalBatteryCapacity=4122000
07-28 14:19:50.637  2800  2800 E DeviceInfoHidlClient: processBatteryInfo:2 100 4122000
07-28 14:19:50.637  2800  2800 D DeviceInfoHidlClient: isBatteryInfoValid()=true
07-28 14:19:50.637  2800  2800 D DeviceInfoHidlClient: isPowerInfoNeverSent()=true
07-28 14:19:50.637  2800  2800 D DeviceInfoHidlClient: getPowerInfoSupportStatus()=-1
07-28 14:19:50.831  1771  1799 V LocationPolicy: writePolicyLocked()
07-28 14:19:50.840  5269  5443 D PowerKeeper.AppBgIdle: setUidState, uid = 10270 allow = true
07-28 14:19:50.843  1771  1827 V AppStateTracker: Package com.swt.ffmpeglib/10270 toggled into fg service restriction
07-28 14:19:53.114   659 22574 D OemNetd : setLimit: enable, rate=7502393
07-28 14:19:53.161  1771  2451 I MiuiNetworkPolicy: bandwidth: 1 KB/s, Max bandwidth: 8002 KB/s
07-28 14:19:53.968   801 32732 I /vendor/bin/hw/vendor.qti.hardware.servicetracker@1.1-service: bindService is called for service : com.xiaomi.xmsf/.push.service.HttpService and for client com.miui.home
07-28 14:19:53.968   801 32732 I /vendor/bin/hw/vendor.qti.hardware.servicetracker@1.1-service: total connections for service : com.xiaomi.xmsf/.push.service.HttpServiceare :5
07-28 14:19:53.968   801 32732 I /vendor/bin/hw/vendor.qti.hardware.servicetracker@1.1-service: total connections for client : com.miui.homeare :2
07-28 14:19:53.974  1771  2451 I MiuiNetworkPolicy: updateUidState uid = 10100, uidState = 4
07-28 14:19:53.977  4365 17237 W PushService: [Tid:561] mistat post. uid=10086, pid=19749
07-28 14:19:54.018   659 15706 E ResolverController: No valid NAT64 prefix (164, <unspecified>/0)
07-28 14:19:54.030   659 15707 E ResolverController: No valid NAT64 prefix (164, <unspecified>/0)
07-28 14:19:54.042  4365 17237 W PushService: [Tid:561] mistat post. error: java.io.IOException: err while request https://data.mistat.xiaomi.com/mistats/v3:ConnectException
07-28 14:19:54.044   801 32732 I /vendor/bin/hw/vendor.qti.hardware.servicetracker@1.1-service: unbindService is called for service : com.xiaomi.xmsf/.push.service.HttpService and for client com.miui.home
07-28 14:19:54.045   801 32732 I /vendor/bin/hw/vendor.qti.hardware.servicetracker@1.1-service: size of service connections for service: com.xiaomi.xmsf/.push.service.HttpServiceafter removal is 4
07-28 14:19:54.045   801 32732 I /vendor/bin/hw/vendor.qti.hardware.servicetracker@1.1-service: size of client connections for client: com.miui.homeafter removal is 1
07-28 14:19:54.047  1771  2451 I MiuiNetworkPolicy: updateUidState uid = 10100, uidState = 5
07-28 14:19:56.167  1771  2451 I MiuiNetworkPolicy: bandwidth: 4 KB/s, Max bandwidth: 8002 KB/s
07-28 14:19:59.173  1771  2451 I MiuiNetworkPolicy: bandwidth: 5 KB/s, Max bandwidth: 8002 KB/s
07-28 14:19:59.450  6171  6191 W re.connectivit: Reducing the number of considered missed Gc histogram windows from 390 to 100
07-28 14:20:00.005  2542  2542 D KeyguardUpdateMonitor: handleTimeUpdate
07-28 14:20:02.175  1771  2451 I MiuiNetworkPolicy: bandwidth: 6 KB/s, Max bandwidth: 8002 KB/s
07-28 14:20:05.180  1771  2451 I MiuiNetworkPolicy: bandwidth: 10 KB/s, Max bandwidth: 8002 KB/s
07-28 14:20:08.186  1771  2451 I MiuiNetworkPolicy: bandwidth: 3 KB/s, Max bandwidth: 8002 KB/s
07-28 14:20:08.876 19749 19749 D FeedSwipeController: touchState : 0 scrolling : false normalEditing : false WidgetThumbnailViewShowing : false UninstallDialogShowing : false
07-28 14:20:08.877   794   849 W ANDR-PERF-LM: FeatureState: readState() 149: warning: appName is NULL, returning default State
07-28 14:20:08.877   794   849 W ANDR-PERF-LM: FeatureState: readState() 149: warning: appName is NULL, returning default State
07-28 14:20:08.877   794   849 W ANDR-PERF-LM: MetaMeter: handleSecondaryAsync() 149: PreKill MetaMeterThread start(). No MeterMgr Available to handle this Secondary/Data Async. !!!! 
07-28 14:20:08.878   794   849 W ANDR-PERF-LM: FeatureState: readState() 149: warning: appName is NULL, returning default State
07-28 14:20:08.878   794   849 W ANDR-PERF-LM: FeatureState: readState() 149: warning: appName is NULL, returning default State
07-28 14:20:08.878   794   849 W ANDR-PERF-LM: MetaMeter: handleSecondaryAsync() 149: AdaptLaunch MetaMeterThread start(). No MeterMgr Available to handle this Secondary/Data Async. !!!! 
07-28 14:20:08.878 19749 19749 D FeedSwipeController: ACTION_DOWN-> directions To Detect Scroll: 1=POSITIVE 2=NEGATIVE 3=BOTH 1
07-28 14:20:08.879 19749 19749 D Launcher.Workspace: Workspace touch down
07-28 14:20:08.879 19749 19749 D ScreenView: onIntercept:0.0
07-28 14:20:08.879 19749 19749 D ScreenView: not intercept
07-28 14:20:08.880 19749 19749 D Launcher.CellLayout: touch item:ShortcutInfo, id=105, itemType=0, user=UserHandle{0}, mIconType=0, pkgName=com.swt.ffmpeglib, className=com.swt.ffmpeglib.MainActivity, screenId=3, container=-100, cellX=2, cellY=0, spanX=1, spanY=1, isLandscapePos=false
07-28 14:20:08.880 19749 19749 D Launcher.itemIcon: folmeDown
07-28 14:20:08.881 19749 19749 D miui_anim: prepare, from AnimState{mTag='myUp', mMaps=[0.{}, 1.{ViewProperty{mPropertyName='scaleY'}=StateValue{value=1.0001214, intValue = 0, enable=true}, ViewProperty{mPropertyName='scaleX'}=StateValue{value=1.0001214, intValue = 0, enable=true}}, 2.{}]}, to AnimState{mTag='myDown', mMaps=[0.{}, 1.{ViewProperty{mPropertyName='scaleY'}=StateValue{value=0.8, intValue = 0, enable=true}, ViewProperty{mPropertyName='scaleX'}=StateValue{value=0.8, intValue = 0, enable=true}}, 2.{}]}, oneTimeConfigs.length = 1, target = com.miui.home.launcher.ShortcutIcon{1b283e2 VFE...CL. ........ 541,84-795,391}(ffmpegLib)
07-28 14:20:08.881 19749 19749 D miui_anim: prepare, property = scaleY, global delay = 0, config = AnimConfig{, delay=0, ease=InterpolateEaseStyle{style=0, duration=350, factors=[0.9, 0.86]}, tintMethod = 0, relatedProperty=null}
07-28 14:20:08.881 19749 19749 D miui_anim: scaleY, fromValue = 1.0001214, toValue = 0.8
07-28 14:20:08.881 19749 19749 D miui_anim: prepare, property = scaleX, global delay = 0, config = AnimConfig{, delay=0, ease=InterpolateEaseStyle{style=0, duration=350, factors=[0.9, 0.86]}, tintMethod = 0, relatedProperty=null}
07-28 14:20:08.881 19749 19749 D miui_anim: scaleX, fromValue = 1.0001214, toValue = 0.8
07-28 14:20:08.894   890   976 D BufferQueueLayer: Launcher new frame Arrived
07-28 14:20:08.948   890   976 I chatty  : uid=1000(system) Binder:890_1 identical 4 lines
07-28 14:20:08.963   890   976 D BufferQueueLayer: Launcher new frame Arrived
07-28 14:20:08.969 19749 19749 D Launcher_dispatchTouchEvent: [motionEvent action:(rawX,rawY)]  20:08.875[0(666.0,304.0)] 20:08.969[1(666.0,304.0)] 
07-28 14:20:08.969 19749 19749 D Launcher_Scrollto: [(rawX,rawY)|scrollX]  
07-28 14:20:08.970 19749 19749 D Launcher.Workspace: Workspace touch up or cancel
07-28 14:20:08.970 19749 19749 D Launcher.itemIcon: folmeUp
07-28 14:20:08.970 19749 19749 D miui_anim: myDown end
07-28 14:20:08.970 19749 26581 I RenderThread: RenderThread resumed
07-28 14:20:08.970 19749 26581 I RenderThread: All controllers paused.
07-28 14:20:08.970 19749 26581 I RenderThread: RenderThread paused, waiting for signal
07-28 14:20:08.971 19749 19749 D miui_anim: prepare, from AnimState{mTag='myDown', mMaps=[0.{}, 1.{ViewProperty{mPropertyName='scaleY'}=StateValue{value=0.90611875, intValue = 0, enable=true}, ViewProperty{mPropertyName='scaleX'}=StateValue{value=0.90611875, intValue = 0, enable=true}}, 2.{}]}, to AnimState{mTag='myUp', mMaps=[0.{}, 1.{ViewProperty{mPropertyName='scaleY'}=StateValue{value=1.0, intValue = 0, enable=true}, ViewProperty{mPropertyName='scaleX'}=StateValue{value=1.0, intValue = 0, enable=true}}, 2.{}]}, oneTimeConfigs.length = 1, target = com.miui.home.launcher.ShortcutIcon{1b283e2 VFE...CL. ...P.... 541,84-795,391}(ffmpegLib)
07-28 14:20:08.971 19749 19749 D miui_anim: prepare, property = scaleY, global delay = 0, config = AnimConfig{, delay=0, ease=InterpolateEaseStyle{style=0, duration=350, factors=[0.9, 0.86]}, tintMethod = 0, relatedProperty=null}
07-28 14:20:08.971 19749 19749 D miui_anim: scaleY, fromValue = 0.90611875, toValue = 1.0
07-28 14:20:08.971 19749 19749 D miui_anim: prepare, property = scaleX, global delay = 0, config = AnimConfig{, delay=0, ease=InterpolateEaseStyle{style=0, duration=350, factors=[0.9, 0.86]}, tintMethod = 0, relatedProperty=null}
07-28 14:20:08.971 19749 19749 D miui_anim: scaleX, fromValue = 0.90611875, toValue = 1.0
07-28 14:19:50.843  1771  1827 I chatty  : uid=1000(system) android.fg identical 1 line
07-28 14:19:50.843  1771  1827 V AppStateTracker: Package com.swt.ffmpeglib/10270 toggled into fg service restriction
07-28 14:20:08.973 19749 19749 I Timeline: Timeline: Activity_launch_request time:909267892
07-28 14:20:08.978  1771  1799 I ActivityTaskManager: START u0 {act=android.intent.action.MAIN cat=[android.intent.category.LAUNCHER] flg=0x10200000 cmp=com.swt.ffmpeglib/.MainActivity bnds=[592,193][760,361] (has extras)} from uid 10086
07-28 14:20:08.983  1771  1799 E ANDR-PERF-JNI: com_qualcomm_qtiperformance_native_perf_io_prefetch_start
07-28 14:20:08.990   793   818 E ANDR-IOP: io prefetch is disabled
07-28 14:20:08.992  1771  1799 D CompatibilityInfo: mCompatibilityFlags - 0
07-28 14:20:08.992  1771  1799 D CompatibilityInfo: applicationDensity - 440
07-28 14:20:08.992  1771  1799 D CompatibilityInfo: applicationScale - 1.0
07-28 14:20:08.993  1771  1799 D ActivityTrigger: ActivityTrigger activityPauseTrigger 
07-28 14:20:08.998 19749 19749 D Launcher.Lifecycle: onPause:UserHandle{0},2e65972,true
07-28 14:20:08.998 19749 19749 D Launcher_UnlockAnimationStateMachine: setState:PAUSE_WAIT
07-28 14:20:09.002  2542  2542 D StatusBar: disable<e i a s b h r c s > disable2<q i n g r >
07-28 14:20:09.002  2542  2542 D PhoneStatusBar/NavigationBarView: setDisabledFlags back:false home:false recent:false
07-28 14:20:09.002  2542  2542 D StatusBarClock:  isNormalMode= true clock visible=true
07-28 14:20:09.007   890   977 D BufferQueueLayer: Launcher new frame Arrived
07-28 14:20:09.007 19749 19781 D Launcher: disableStatusBarClock:false
07-28 14:20:09.008 19749 19749 D Launcher_WallpaperUtils: changeStatusBarMode:false
07-28 14:20:09.009 19749 19749 D Launcher.Lifecycle: onWindowFocusChanged:false,UserHandle{0},2e65972,true
07-28 14:20:09.013  1771  1771 V SettingsProvider: Notifying for 0: content://settings/secure/com.miui.newhome.preferences.is_home_foreground
07-28 14:20:09.014   661   661 D Zygote  : Forked child process 15714
07-28 14:20:09.015  1771  1888 D Boost   : hostingType=activity, hostingName={com.swt.ffmpeglib/com.swt.ffmpeglib.MainActivity}, callerPackage=com.miui.home, isSystem=true, isBoostNeeded=false.
07-28 14:20:09.016   659 22574 D OemNetd : setPidForPackage: packageName=com.swt.ffmpeglib, pid=15714, pid=10270
07-28 14:20:09.016  1771  1888 I ActivityManager: Start proc 15714:com.swt.ffmpeglib/u0a270 for activity {com.swt.ffmpeglib/com.swt.ffmpeglib.MainActivity} caller=com.miui.home
07-28 14:20:09.024   890  2901 D BufferQueueLayer: Launcher new frame Arrived
07-28 14:20:09.025 15714 15714 I m.swt.ffmpegli: Late-enabling -Xcheck:jni
07-28 14:20:09.040   890   977 D BufferQueueLayer: Launcher new frame Arrived
07-28 14:20:09.050 15714 15714 E m.swt.ffmpegli: Unknown bits set in runtime_flags: 0x8000
07-28 14:20:09.057   890   976 D BufferQueueLayer: Launcher new frame Arrived
07-28 14:20:09.060  1771  1799 D CompatibilityInfo: mCompatibilityFlags - 0
07-28 14:20:09.060  1771  1799 D CompatibilityInfo: applicationDensity - 440
07-28 14:20:09.060  1771  1799 D CompatibilityInfo: applicationScale - 1.0
07-28 14:20:09.062  1771  1799 D CompatibilityInfo: mCompatibilityFlags - 0
07-28 14:20:09.062  1771  1799 D CompatibilityInfo: applicationDensity - 440
07-28 14:20:09.062  1771  1799 D CompatibilityInfo: applicationScale - 1.0
07-28 14:20:09.062  1771  2482 D ActivityTaskManagerServiceInjector: Begin to report package foreground events...
07-28 14:20:09.063 17522 26061 D A2dpLatencyMode: ForegroundInfo{mForegroundPackageName='com.swt.ffmpeglib', mForegroundUid=10270, mForegroundPid=15714, mLastForegroundPackageName='com.miui.home', mLastForegroundUid=10086, mLastForegroundPid=19749, mMultiWindowForegroundPackageName='null', mMultiWindowForegroundUid=-1, mFlags=1}
07-28 14:20:09.059  3601  3601 W Binder:3601_1: type=1400 audit(0.0:183568): avc: denied { search } for name="battery" dev="sysfs" ino=67713 scontext=u:r:mcd:s0 tcontext=u:object_r:sysfs_battery_supply:s0 tclass=dir permissive=0
07-28 14:20:09.063   650 12807 I ProcessMonitor: onForegroundInfoChanged: ForegroundInfo{mForegroundPackageName='com.swt.ffmpeglib', mForegroundUid=10270, mForegroundPid=15714, mLastForegroundPackageName='com.miui.home', mLastForegroundUid=10086, mLastForegroundPid=19749, mMultiWindowForegroundPackageName='null', mMultiWindowForegroundUid=-1, mFlags=1}
07-28 14:20:09.063   650 12807 I GameBoosterService: onForegroundInfoChanged: Cur=com.swt.ffmpeglib	 last=com.miui.home
07-28 14:20:09.063  5269  5443 D PowerKeeper.FrozenApp: updateWakelockBlockedUid, uid = 10270, isBlocked = false
07-28 14:20:09.064  5269  5402 W WakelockManagerService: uid: 10270 is unblock state
07-28 14:20:09.064   650 12807 D GameBoosterService: onGameStatusChange foreground:ForegroundInfo{mForegroundPackageName='com.swt.ffmpeglib', mForegroundUid=10270, mForegroundPid=15714, mLastForegroundPackageName='com.miui.home', mLastForegroundUid=10086, mLastForegroundPid=19749, mMultiWindowForegroundPackageName='null', mMultiWindowForegroundUid=-1, mFlags=1}
07-28 14:20:09.064   650 12807 I GameBoosterService: onForegroundInfoChanged: Exit
07-28 14:20:09.064   650 12807 I VideoBoxUtils: isSupportVideoBox: true
07-28 14:20:09.064  3601  3657 I octvm_power: power mode [normal] start 1595917209
07-28 14:20:09.065  3601  3657 E octvm   : open /sys/class/power_supply/battery/status error, Permission denied
07-28 14:20:09.065  3601  3657 I octvm_drv: common drv: get_current_battery_uAh will return 0
07-28 14:20:09.065  3601  3657 I octvm_power: Action: set_thermal_config(restore) for [foreground_change]
07-28 14:20:09.065  3601  3657 I octvm_drv: platform_set_thermal_mode cur_global_config:[], target mode:[restore], profile=0, ret=0
07-28 14:20:09.065   650 12807 I VideoToolBoxService: onForegroundInfoChanged: Exit Vtb
07-28 14:20:09.065  3601  3657 E octvm   : open /sys/class/power_supply/battery/status error, Permission denied
07-28 14:20:09.065  3601  3657 I octvm_drv: common drv: get_current_battery_uAh will return 0
07-28 14:20:09.065  3601  3657 I octvm_power: onPowerModeChanged[normal] called
07-28 14:20:09.067  1771  1831 I Timeline: Timeline: App_transition_ready time:909267985
07-28 14:20:09.067  5269  5443 D PowerKeeper.AppBgIdle: setUidState, uid = 10270 allow = false
07-28 14:20:09.067  1771  1799 V LocationPolicy: writePolicyLocked()
07-28 14:20:09.073   659 22574 I netd    : firewallSetUidRule(2, 10270, 1) <0.03ms>
07-28 14:20:09.073  1771  1830 E set_top_app: error /proc/15714/top_app:1
07-28 14:20:09.073  1771  1830 E set_top_app: java.io.FileNotFoundException: /proc/15714/top_app: open failed: ENOENT (No such file or directory)
07-28 14:20:09.073  1771  1830 E set_top_app: 	at libcore.io.IoBridge.open(IoBridge.java:496)
07-28 14:20:09.073  1771  1830 E set_top_app: 	at java.io.FileOutputStream.<init>(FileOutputStream.java:235)
07-28 14:20:09.073  1771  1830 E set_top_app: 	at java.io.FileOutputStream.<init>(FileOutputStream.java:125)
07-28 14:20:09.073  1771  1830 E set_top_app: 	at java.io.FileWriter.<init>(FileWriter.java:63)
07-28 14:20:09.073  1771  1830 E set_top_app: 	at com.android.server.am.ActivityManagerServiceInjector.writeToNode(ActivityManagerServiceInjector.java:1060)
07-28 14:20:09.073  1771  1830 E set_top_app: 	at com.android.server.am.ActivityManagerServiceInjector.setTopAppUIThread(ActivityManagerServiceInjector.java:1045)
07-28 14:20:09.073  1771  1830 E set_top_app: 	at com.android.server.am.OomAdjuster.applyOomAdjLocked(OomAdjuster.java:1884)
07-28 14:20:09.073  1771  1830 E set_top_app: 	at com.android.server.am.OomAdjuster.updateOomAdjLocked(OomAdjuster.java:507)
07-28 14:20:09.073  1771  1830 E set_top_app: 	at com.android.server.am.ActivityManagerService.updateOomAdjLocked(ActivityManagerService.java:17363)
07-28 14:20:09.073  1771  1830 E set_top_app: 	at com.android.server.am.ProcessRecord.updateProcessInfo(ProcessRecord.java:1365)
07-28 14:20:09.073  1771  1830 E set_top_app: 	at com.android.server.am.ProcessRecord.onStartActivity(ProcessRecord.java:1397)
07-28 14:20:09.073  1771  1830 E set_top_app: 	at com.android.server.wm.-$$Lambda$VY87MmFWaCLMkNa2qHGaPrThyrI.accept(Unknown Source:27)
07-28 14:20:09.073  1771  1830 E set_top_app: 	at com.android.internal.util.function.pooled.PooledLambdaImpl.doInvoke(PooledLambdaImpl.java:317)
07-28 14:20:09.073  1771  1830 E set_top_app: 	at com.android.internal.util.function.pooled.PooledLambdaImpl.invoke(PooledLambdaImpl.java:195)
07-28 14:20:09.073  1771  1830 E set_top_app: 	at com.android.internal.util.function.pooled.OmniFunction.run(OmniFunction.java:86)
07-28 14:20:09.073  1771  1830 E set_top_app: 	at android.os.Handler.handleCallback(Handler.java:883)
07-28 14:20:09.073  1771  1830 E set_top_app: 	at android.os.Handler.dispatchMessage(Handler.java:100)
07-28 14:20:09.073  1771  1830 E set_top_app: 	at android.os.Looper.loop(Looper.java:224)
07-28 14:20:09.073  1771  1830 E set_top_app: 	at android.os.HandlerThread.run(HandlerThread.java:67)
07-28 14:20:09.073  1771  1830 E set_top_app: 	at com.android.server.ServiceThread.run(ServiceThread.java:45)
07-28 14:20:09.073  1771  1830 E set_top_app: Caused by: android.system.ErrnoException: open failed: ENOENT (No such file or directory)
07-28 14:20:09.073  1771  1830 E set_top_app: 	at libcore.io.Linux.open(Native Method)
07-28 14:20:09.073  1771  1830 E set_top_app: 	at libcore.io.ForwardingOs.open(ForwardingOs.java:167)
07-28 14:20:09.073  1771  1830 E set_top_app: 	at libcore.io.BlockGuardOs.open(BlockGuardOs.java:252)
07-28 14:20:09.073  1771  1830 E set_top_app: 	at libcore.io.IoBridge.open(IoBridge.java:482)
07-28 14:20:09.073  1771  1830 E set_top_app: 	... 19 more
07-28 14:20:09.074   890   977 D BufferQueueLayer: Launcher new frame Arrived
07-28 14:20:09.077  1771  1830 E set_top_app: error /proc/19749/top_app:0
07-28 14:20:09.077  1771  1830 E set_top_app: java.io.FileNotFoundException: /proc/19749/top_app: open failed: ENOENT (No such file or directory)
07-28 14:20:09.077  1771  1830 E set_top_app: 	at libcore.io.IoBridge.open(IoBridge.java:496)
07-28 14:20:09.077  1771  1830 E set_top_app: 	at java.io.FileOutputStream.<init>(FileOutputStream.java:235)
07-28 14:20:09.077  1771  1830 E set_top_app: 	at java.io.FileOutputStream.<init>(FileOutputStream.java:125)
07-28 14:20:09.077  1771  1830 E set_top_app: 	at java.io.FileWriter.<init>(FileWriter.java:63)
07-28 14:20:09.077  1771  1830 E set_top_app: 	at com.android.server.am.ActivityManagerServiceInjector.writeToNode(ActivityManagerServiceInjector.java:1060)
07-28 14:20:09.077  1771  1830 E set_top_app: 	at com.android.server.am.ActivityManagerServiceInjector.setTopAppUIThread(ActivityManagerServiceInjector.java:1045)
07-28 14:20:09.077  1771  1830 E set_top_app: 	at com.android.server.am.OomAdjuster.applyOomAdjLocked(OomAdjuster.java:1926)
07-28 14:20:09.077  1771  1830 E set_top_app: 	at com.android.server.am.OomAdjuster.updateOomAdjLocked(OomAdjuster.java:507)
07-28 14:20:09.077  1771  1830 E set_top_app: 	at com.android.server.am.ActivityManagerService.updateOomAdjLocked(ActivityManagerService.java:17363)
07-28 14:20:09.077  1771  1830 E set_top_app: 	at com.android.server.am.ProcessRecord.updateProcessInfo(ProcessRecord.java:1365)
07-28 14:20:09.077  1771  1830 E set_top_app: 	at com.android.server.am.ProcessRecord.onStartActivity(ProcessRecord.java:1397)
07-28 14:20:09.077  1771  1830 E set_top_app: 	at com.android.server.wm.-$$Lambda$VY87MmFWaCLMkNa2qHGaPrThyrI.accept(Unknown Source:27)
07-28 14:20:09.077  1771  1830 E set_top_app: 	at com.android.internal.util.function.pooled.PooledLambdaImpl.doInvoke(PooledLambdaImpl.java:317)
07-28 14:20:09.077  1771  1830 E set_top_app: 	at com.android.internal.util.function.pooled.PooledLambdaImpl.invoke(PooledLambdaImpl.java:195)
07-28 14:20:09.077  1771  1830 E set_top_app: 	at com.android.internal.util.function.pooled.OmniFunction.run(OmniFunction.java:86)
07-28 14:20:09.077  1771  1830 E set_top_app: 	at android.os.Handler.handleCallback(Handler.java:883)
07-28 14:20:09.077  1771  1830 E set_top_app: 	at android.os.Handler.dispatchMessage(Handler.java:100)
07-28 14:20:09.077  1771  1830 E set_top_app: 	at android.os.Looper.loop(Looper.java:224)
07-28 14:20:09.077  1771  1830 E set_top_app: 	at android.os.HandlerThread.run(HandlerThread.java:67)
07-28 14:20:09.077  1771  1830 E set_top_app: 	at com.android.server.ServiceThread.run(ServiceThread.java:45)
07-28 14:20:09.077  1771  1830 E set_top_app: Caused by: android.system.ErrnoException: open failed: ENOENT (No such file or directory)
07-28 14:20:09.077  1771  1830 E set_top_app: 	at libcore.io.Linux.open(Native Method)
07-28 14:20:09.077  1771  1830 E set_top_app: 	at libcore.io.ForwardingOs.open(ForwardingOs.java:167)
07-28 14:20:09.077  1771  1830 E set_top_app: 	at libcore.io.BlockGuardOs.open(BlockGuardOs.java:252)
07-28 14:20:09.077  1771  1830 E set_top_app: 	at libcore.io.IoBridge.open(IoBridge.java:482)
07-28 14:20:09.077  1771  1830 E set_top_app: 	... 19 more
07-28 14:20:09.078  1771  1830 E set_top_app: error /proc/26546/top_app:0
07-28 14:20:09.078  1771  1830 E set_top_app: java.io.FileNotFoundException: /proc/26546/top_app: open failed: ENOENT (No such file or directory)
07-28 14:20:09.078  1771  1830 E set_top_app: 	at libcore.io.IoBridge.open(IoBridge.java:496)
07-28 14:20:09.078  1771  1830 E set_top_app: 	at java.io.FileOutputStream.<init>(FileOutputStream.java:235)
07-28 14:20:09.078  1771  1830 E set_top_app: 	at java.io.FileOutputStream.<init>(FileOutputStream.java:125)
07-28 14:20:09.078  1771  1830 E set_top_app: 	at java.io.FileWriter.<init>(FileWriter.java:63)
07-28 14:20:09.078  1771  1830 E set_top_app: 	at com.android.server.am.ActivityManagerServiceInjector.writeToNode(ActivityManagerServiceInjector.java:1060)
07-28 14:20:09.078  1771  1830 E set_top_app: 	at com.android.server.am.ActivityManagerServiceInjector.setTopAppUIThread(ActivityManagerServiceInjector.java:1045)
07-28 14:20:09.078  1771  1830 E set_top_app: 	at com.android.server.am.OomAdjuster.applyOomAdjLocked(OomAdjuster.java:1930)
07-28 14:20:09.078  1771  1830 E set_top_app: 	at com.android.server.am.OomAdjuster.updateOomAdjLocked(OomAdjuster.java:507)
07-28 14:20:09.078  1771  1830 E set_top_app: 	at com.android.server.am.ActivityManagerService.updateOomAdjLocked(ActivityManagerService.java:17363)
07-28 14:20:09.078  1771  1830 E set_top_app: 	at com.android.server.am.ProcessRecord.updateProcessInfo(ProcessRecord.java:1365)
07-28 14:20:09.078  1771  1830 E set_top_app: 	at com.android.server.am.ProcessRecord.onStartActivity(ProcessRecord.java:1397)
07-28 14:20:09.078  1771  1830 E set_top_app: 	at com.android.server.wm.-$$Lambda$VY87MmFWaCLMkNa2qHGaPrThyrI.accept(Unknown Source:27)
07-28 14:20:09.078  1771  1830 E set_top_app: 	at com.android.internal.util.function.pooled.PooledLambdaImpl.doInvoke(PooledLambdaImpl.java:317)
07-28 14:20:09.078  1771  1830 E set_top_app: 	at com.android.internal.util.function.pooled.PooledLambdaImpl.invoke(PooledLambdaImpl.java:195)
07-28 14:20:09.078  1771  1830 E set_top_app: 	at com.android.internal.util.function.pooled.OmniFunction.run(OmniFunction.java:86)
07-28 14:20:09.078  1771  1830 E set_top_app: 	at android.os.Handler.handleCallback(Handler.java:883)
07-28 14:20:09.078  1771  1830 E set_top_app: 	at android.os.Handler.dispatchMessage(Handler.java:100)
07-28 14:20:09.078  1771  1830 E set_top_app: 	at android.os.Looper.loop(Looper.java:224)
07-28 14:20:09.078  1771  1830 E set_top_app: 	at android.os.HandlerThread.run(HandlerThread.java:67)
07-28 14:20:09.078  1771  1830 E set_top_app: 	at com.android.server.ServiceThread.run(ServiceThread.java:45)
07-28 14:20:09.078  1771  1830 E set_top_app: Caused by: android.system.ErrnoException: open failed: ENOENT (No such file or directory)
07-28 14:20:09.078  1771  1830 E set_top_app: 	at libcore.io.Linux.open(Native Method)
07-28 14:20:09.078  1771  1830 E set_top_app: 	at libcore.io.ForwardingOs.open(ForwardingOs.java:167)
07-28 14:20:09.078  1771  1830 E set_top_app: 	at libcore.io.BlockGuardOs.open(BlockGuardOs.java:252)
07-28 14:20:09.078  1771  1830 E set_top_app: 	at libcore.io.IoBridge.open(IoBridge.java:482)
07-28 14:20:09.078  1771  1830 E set_top_app: 	... 19 more
07-28 14:20:09.083  1771  2451 I MiuiNetworkPolicy: updateUidState uid = 10270, uidState = 2
07-28 14:20:09.083  1771  2451 I MiuiNetworkPolicy: updateWmmForUidState uid: 10270 state: 2 wmm: 1
07-28 14:20:09.083 13264 13282 I CloudSettingsProvider: uriMatch : 2
07-28 14:20:09.083   659 22574 D OemNetd : updateWmm: uid=10270, wmm=1
07-28 14:20:09.085   659 22574 D OemNetd : whiteListUid: uid=10270, wmm=add
07-28 14:20:09.087 13264 13282 I CloudSettingsProvider: uriMatch : 2
07-28 14:20:09.092   890   976 D BufferQueueLayer: Launcher new frame Arrived
07-28 14:20:09.112   890   976 D BufferQueueLayer: Launcher new frame Arrived
07-28 14:20:09.115 15714 15714 I Perf    : Connecting to perf service.
07-28 14:20:09.121 15714 15714 I FeatureParser: can't find vangogh.xml in assets/device_features/,it may be in /vendor/etc/device_features
07-28 14:20:09.128   890   976 D BufferQueueLayer: Launcher new frame Arrived
07-28 14:20:09.127 15714 15714 W m.swt.ffmpeglib: type=1400 audit(0.0:183570): avc: denied { read } for name="u:object_r:vendor_displayfeature_prop:s0" dev="tmpfs" ino=27783 scontext=u:r:untrusted_app:s0:c14,c257,c512,c768 tcontext=u:object_r:vendor_displayfeature_prop:s0 tclass=file permissive=0
07-28 14:20:09.130 15714 15714 E libc    : Access denied finding property "ro.vendor.df.effect.conflict"
07-28 14:20:09.145   890   976 D BufferQueueLayer: Launcher new frame Arrived
07-28 14:20:09.161   890   976 D BufferQueueLayer: Launcher new frame Arrived
07-28 14:20:09.166 15714 15740 I m.swt.ffmpegli: The ClassLoaderContext is a special shared library.
07-28 14:20:09.163 15714 15714 W Binder:intercep: type=1400 audit(0.0:183571): avc: denied { getattr } for path="/data/data/com.miui.contentcatcher" dev="sda34" ino=5911 scontext=u:r:untrusted_app:s0:c14,c257,c512,c768 tcontext=u:object_r:system_app_data_file:s0 tclass=dir permissive=0
07-28 14:20:09.171 15714 15740 I m.swt.ffmpegli: The ClassLoaderContext is a special shared library.
07-28 14:20:09.167 15714 15714 W Binder:intercep: type=1400 audit(0.0:183573): avc: denied { getattr } for path="/data/data/com.miui.contentcatcher" dev="sda34" ino=5911 scontext=u:r:untrusted_app:s0:c14,c257,c512,c768 tcontext=u:object_r:system_app_data_file:s0 tclass=dir permissive=0
07-28 14:20:09.175   890  2901 D BufferQueueLayer: Launcher new frame Arrived
07-28 14:20:09.179   794   794 W /vendor/bin/hw/vendor.qti.hardware.perf@2.0-service: type=1400 audit(0.0:183575): avc: denied { search } for comm=41646170744C61756E636820566D name="27958" dev="proc" ino=25907664 scontext=u:r:hal_perf_default:s0 tcontext=u:r:system_server:s0 tclass=dir permissive=0
07-28 14:20:09.190 15714 15714 W m.swt.ffmpegli: Accessing hidden method Landroid/view/View;->computeFitSystemWindows(Landroid/graphics/Rect;Landroid/graphics/Rect;)Z (greylist, reflection, allowed)
07-28 14:20:09.191 15714 15714 W m.swt.ffmpegli: Accessing hidden method Landroid/view/ViewGroup;->makeOptionalFitsSystemWindows()V (greylist, reflection, allowed)
07-28 14:20:09.192 15714 15740 W m.swt.ffmpegli: Accessing hidden method Lmiui/contentcatcher/sdk/Token;-><init>(Ljava/lang/String;Ljava/lang/String;Ljava/lang/String;I)V (greylist, linking, allowed)
07-28 14:20:09.192 15714 15740 W m.swt.ffmpegli: Accessing hidden method Lmiui/contentcatcher/InterceptorProxy;->getWorkThread()Landroid/os/HandlerThread; (greylist, linking, allowed)
07-28 14:20:09.192 15714 15740 W m.swt.ffmpegli: Accessing hidden method Lmiui/contentcatcher/sdk/ContentCatcherManager;->getInstance()Lmiui/contentcatcher/sdk/ContentCatcherManager; (greylist, linking, allowed)
07-28 14:20:09.192 15714 15740 W m.swt.ffmpegli: Accessing hidden method Lmiui/contentcatcher/sdk/ContentCatcherManager;->getPageConfig(Lmiui/contentcatcher/sdk/Token;)Lmiui/contentcatcher/sdk/data/PageConfig; (greylist, linking, allowed)
07-28 14:20:09.192 15714 15740 W m.swt.ffmpegli: Accessing hidden method Lmiui/contentcatcher/sdk/data/PageConfig;->getFeatures()Ljava/util/ArrayList; (greylist, linking, allowed)
07-28 14:20:09.192 15714 15740 W m.swt.ffmpegli: Accessing hidden method Lmiui/contentcatcher/sdk/data/PageConfig;->getCatchers()Ljava/util/ArrayList; (greylist, linking, allowed)
07-28 14:20:09.193 15714 15740 W m.swt.ffmpegli: Accessing hidden method Lcom/miui/internal/viewcontentfetcher/IViewContentFetcher;->fetchViewContent(Landroid/view/View;I)Landroid/os/Bundle; (greylist, linking, allowed)
07-28 14:20:09.193 15714 15740 W m.swt.ffmpegli: Accessing hidden field Lmiui/contentcatcher/sdk/data/CatcherInfo;->name:Ljava/lang/String; (greylist, linking, allowed)
07-28 14:20:09.193 15714 15740 W m.swt.ffmpegli: Accessing hidden method Lcom/miui/internal/viewcontentfetcher/IViewContentFetcher;->fetchWebViewBitmap(Landroid/view/View;I)Landroid/os/Bundle; (greylist, linking, allowed)
07-28 14:20:09.194 15714 15740 W m.swt.ffmpegli: Accessing hidden field Lmiui/contentcatcher/sdk/data/FeatureInfo;->name:Ljava/lang/String; (greylist, linking, allowed)
07-28 14:20:09.194 15714 15740 W m.swt.ffmpegli: Accessing hidden field Lmiui/contentcatcher/sdk/data/FeatureInfo;->enable:Z (greylist, linking, allowed)
07-28 14:20:09.194 15714 15740 W m.swt.ffmpegli: Accessing hidden method Lmiui/contentcatcher/sdk/data/FeatureInfo;->getCatcherNameList()Ljava/util/List; (greylist, linking, allowed)
07-28 14:20:09.194 15714 15740 W m.swt.ffmpegli: Accessing hidden field Lmiui/contentcatcher/sdk/data/FeatureInfo;->mParams:Ljava/util/HashMap; (greylist, linking, allowed)
07-28 14:20:09.194 15714 15740 W m.swt.ffmpegli: Accessing hidden method Lcom/miui/internal/viewcontentfetcher/IViewContentFetcher;->createFetcher(Lmiui/contentcatcher/sdk/Token;Ljava/util/Map;)V (greylist, linking, allowed)
